<html>
<body>
<pre>
<h1>µVision Build Log</h1>
<h2>Tool Versions:</h2>
IDE-Version: µVision V5.33.0.0
Copyright (C) 2020 ARM Ltd and ARM Germany GmbH. All rights reserved.
License Information: Zahraa Shehabeldin, AUC, LIC=----
 
Tool Versions:
Toolchain:       MDK-Lite  Version: 5.33.0.0
Toolchain Path:  C:\Keil_v5\ARM\ARMCC\Bin
C Compiler:      Armcc.exe V5.06 update 7 (build 960)
Assembler:       Armasm.exe V5.06 update 7 (build 960)
Linker/Locator:  ArmLink.exe V5.06 update 7 (build 960)
Library Manager: ArmAr.exe V5.06 update 7 (build 960)
Hex Converter:   FromElf.exe V5.06 update 7 (build 960)
CPU DLL:         SARMCM3.DLL V5.33.0.0
Dialog DLL:      DCM.DLL V1.17.3.0
Target DLL:      STLink\ST-LINKIII-KEIL_SWO.dll V3.0.8.0
Dialog DLL:      TCM.DLL V1.48.0.0
 
<h2>Project:</h2>
D:\Collage\Spring '21\Embedded\Project 2\OLED\MDK-ARM\OLED.uvprojx
Project File Date:  05/03/2021

<h2>Output:</h2>
*** Using Compiler 'V5.06 update 7 (build 960)', folder: 'C:\Keil_v5\ARM\ARMCC\Bin'
Build target 'OLED'
compiling main.c...
../Core/Inc/ssd1306.h(238): warning:  #1295-D: Deprecated declaration ssd1306_I2C_Init - give arg types
  void ssd1306_I2C_Init();
../Core/Src/main.c(97): warning:  #188-D: enumerated type mixed with another type
  	SSD1306_Fill (0); 												//fill color 0 ie black
../Core/Src/main.c(101): warning:  #188-D: enumerated type mixed with another type
  	SSD1306_Puts("HELLO", &Font_11x18, 0x01);		//puts HELLO on the display with color ie blue
../Core/Src/main.c(153): warning:  #188-D: enumerated type mixed with another type
  			SSD1306_Puts("P1", &Font_11x18, 1);		//puts WORLD on the display
../Core/Src/main.c(155): warning:  #188-D: enumerated type mixed with another type
  			SSD1306_Puts("FULL", &Font_11x18, 1);		//puts WORLD on the display
../Core/Src/main.c(163): warning:  #188-D: enumerated type mixed with another type
  			SSD1306_Puts("P1", &Font_11x18, 1);		//puts WORLD on the display
../Core/Src/main.c(165): warning:  #188-D: enumerated type mixed with another type
  			SSD1306_Puts("Empty", &Font_11x18, 1);		//puts WORLD on the display
../Core/Src/main.c: 7 warnings, 0 errors
linking...
Program Size: Code=6988 RO-data=3912 RW-data=32 ZI-data=2128  
FromELF: creating hex file...
"OLED\OLED.axf" - 0 Error(s), 7 Warning(s).

<h2>Software Packages used:</h2>

Package Vendor: ARM
                http://www.keil.com/pack/ARM.CMSIS.5.7.0.pack
                ARM.CMSIS.5.7.0
                CMSIS (Cortex Microcontroller Software Interface Standard)
   * Component: CORE Version: 5.4.0

Package Vendor: Keil
                http://www.keil.com/pack/Keil.STM32L4xx_DFP.2.5.0.pack
                Keil.STM32L4xx_DFP.2.5.0
                STMicroelectronics STM32L4 Series Device Support, Drivers and Examples

<h2>Collection of Component include folders:</h2>
  .\RTE\_OLED
  C:\Users\Zahraa\AppData\Local\Arm\Packs\ARM\CMSIS\5.7.0\CMSIS\Core\Include
  C:\Users\Zahraa\AppData\Local\Arm\Packs\Keil\STM32L4xx_DFP\2.5.0\Drivers\CMSIS\Device\ST\STM32L4xx\Include

<h2>Collection of Component Files used:</h2>

   * Component: ARM::CMSIS:CORE:5.4.0
Build Time Elapsed:  00:00:04
</pre>
</body>
</html>
