Component: ARM Compiler 5.06 update 7 (build 960) Tool: armlink [4d3601]

==============================================================================

Section Cross References

    startup_stm32l432xx.o(RESET) refers to startup_stm32l432xx.o(STACK) for __initial_sp
    startup_stm32l432xx.o(RESET) refers to startup_stm32l432xx.o(.text) for Reset_Handler
    startup_stm32l432xx.o(RESET) refers to stm32l4xx_it.o(i.NMI_Handler) for NMI_Handler
    startup_stm32l432xx.o(RESET) refers to stm32l4xx_it.o(i.HardFault_Handler) for HardFault_Handler
    startup_stm32l432xx.o(RESET) refers to stm32l4xx_it.o(i.MemManage_Handler) for MemManage_Handler
    startup_stm32l432xx.o(RESET) refers to stm32l4xx_it.o(i.BusFault_Handler) for BusFault_Handler
    startup_stm32l432xx.o(RESET) refers to stm32l4xx_it.o(i.UsageFault_Handler) for UsageFault_Handler
    startup_stm32l432xx.o(RESET) refers to stm32l4xx_it.o(i.SVC_Handler) for SVC_Handler
    startup_stm32l432xx.o(RESET) refers to stm32l4xx_it.o(i.DebugMon_Handler) for DebugMon_Handler
    startup_stm32l432xx.o(RESET) refers to stm32l4xx_it.o(i.PendSV_Handler) for PendSV_Handler
    startup_stm32l432xx.o(RESET) refers to stm32l4xx_it.o(i.SysTick_Handler) for SysTick_Handler
    startup_stm32l432xx.o(.text) refers to system_stm32l4xx.o(i.SystemInit) for SystemInit
    startup_stm32l432xx.o(.text) refers to entry.o(.ARM.Collect$$$$00000000) for __main
    fonts.o(i.FONTS_GetStringSize) refers to strlen.o(.text) for strlen
    fonts.o(.data) refers to fonts.o(.constdata) for Font7x10
    fonts.o(.data) refers to fonts.o(.constdata) for Font11x18
    fonts.o(.data) refers to fonts.o(.constdata) for Font16x26
    ssd1306.o(i.SSD1306_Clear) refers to ssd1306.o(i.SSD1306_Fill) for SSD1306_Fill
    ssd1306.o(i.SSD1306_Clear) refers to ssd1306.o(i.SSD1306_UpdateScreen) for SSD1306_UpdateScreen
    ssd1306.o(i.SSD1306_DrawBitmap) refers to ssd1306.o(i.SSD1306_DrawPixel) for SSD1306_DrawPixel
    ssd1306.o(i.SSD1306_DrawCircle) refers to ssd1306.o(i.SSD1306_DrawPixel) for SSD1306_DrawPixel
    ssd1306.o(i.SSD1306_DrawFilledCircle) refers to ssd1306.o(i.SSD1306_DrawPixel) for SSD1306_DrawPixel
    ssd1306.o(i.SSD1306_DrawFilledCircle) refers to ssd1306.o(i.SSD1306_DrawLine) for SSD1306_DrawLine
    ssd1306.o(i.SSD1306_DrawFilledRectangle) refers to ssd1306.o(i.SSD1306_DrawLine) for SSD1306_DrawLine
    ssd1306.o(i.SSD1306_DrawFilledTriangle) refers to ssd1306.o(i.SSD1306_DrawLine) for SSD1306_DrawLine
    ssd1306.o(i.SSD1306_DrawLine) refers to ssd1306.o(i.SSD1306_DrawPixel) for SSD1306_DrawPixel
    ssd1306.o(i.SSD1306_DrawPixel) refers to ssd1306.o(.data) for .data
    ssd1306.o(i.SSD1306_DrawPixel) refers to ssd1306.o(.bss) for .bss
    ssd1306.o(i.SSD1306_DrawRectangle) refers to ssd1306.o(i.SSD1306_DrawLine) for SSD1306_DrawLine
    ssd1306.o(i.SSD1306_DrawTriangle) refers to ssd1306.o(i.SSD1306_DrawLine) for SSD1306_DrawLine
    ssd1306.o(i.SSD1306_Fill) refers to memseta.o(.text) for __aeabi_memset
    ssd1306.o(i.SSD1306_Fill) refers to ssd1306.o(.bss) for .bss
    ssd1306.o(i.SSD1306_GotoXY) refers to ssd1306.o(.data) for .data
    ssd1306.o(i.SSD1306_Init) refers to ssd1306.o(i.ssd1306_I2C_Init) for ssd1306_I2C_Init
    ssd1306.o(i.SSD1306_Init) refers to stm32l4xx_hal_i2c.o(i.HAL_I2C_IsDeviceReady) for HAL_I2C_IsDeviceReady
    ssd1306.o(i.SSD1306_Init) refers to ssd1306.o(i.ssd1306_I2C_Write) for ssd1306_I2C_Write
    ssd1306.o(i.SSD1306_Init) refers to ssd1306.o(i.SSD1306_Fill) for SSD1306_Fill
    ssd1306.o(i.SSD1306_Init) refers to ssd1306.o(i.SSD1306_UpdateScreen) for SSD1306_UpdateScreen
    ssd1306.o(i.SSD1306_Init) refers to main.o(.bss) for hi2c1
    ssd1306.o(i.SSD1306_Init) refers to ssd1306.o(.data) for .data
    ssd1306.o(i.SSD1306_InvertDisplay) refers to ssd1306.o(i.ssd1306_I2C_Write) for ssd1306_I2C_Write
    ssd1306.o(i.SSD1306_OFF) refers to ssd1306.o(i.ssd1306_I2C_Write) for ssd1306_I2C_Write
    ssd1306.o(i.SSD1306_ON) refers to ssd1306.o(i.ssd1306_I2C_Write) for ssd1306_I2C_Write
    ssd1306.o(i.SSD1306_Putc) refers to ssd1306.o(i.SSD1306_DrawPixel) for SSD1306_DrawPixel
    ssd1306.o(i.SSD1306_Putc) refers to ssd1306.o(.data) for .data
    ssd1306.o(i.SSD1306_Puts) refers to ssd1306.o(i.SSD1306_Putc) for SSD1306_Putc
    ssd1306.o(i.SSD1306_ScrollLeft) refers to ssd1306.o(i.ssd1306_I2C_Write) for ssd1306_I2C_Write
    ssd1306.o(i.SSD1306_ScrollRight) refers to ssd1306.o(i.ssd1306_I2C_Write) for ssd1306_I2C_Write
    ssd1306.o(i.SSD1306_Scrolldiagleft) refers to ssd1306.o(i.ssd1306_I2C_Write) for ssd1306_I2C_Write
    ssd1306.o(i.SSD1306_Scrolldiagright) refers to ssd1306.o(i.ssd1306_I2C_Write) for ssd1306_I2C_Write
    ssd1306.o(i.SSD1306_Stopscroll) refers to ssd1306.o(i.ssd1306_I2C_Write) for ssd1306_I2C_Write
    ssd1306.o(i.SSD1306_ToggleInvert) refers to ssd1306.o(.data) for .data
    ssd1306.o(i.SSD1306_ToggleInvert) refers to ssd1306.o(.bss) for .bss
[...]
    stm32l4xx_hal_i2c.o(i.I2C_ITSlaveCplt) refers to stm32l4xx_hal_i2c.o(i.HAL_I2C_SlaveTxCpltCallback) for HAL_I2C_SlaveTxCpltCallback
    stm32l4xx_hal_i2c.o(i.I2C_ITSlaveCplt) refers to stm32l4xx_hal_i2c.o(i.HAL_I2C_SlaveRxCpltCallback) for HAL_I2C_SlaveRxCpltCallback
    stm32l4xx_hal_i2c.o(i.I2C_ITSlaveSeqCplt) refers to stm32l4xx_hal_i2c.o(i.I2C_Disable_IRQ) for I2C_Disable_IRQ
    stm32l4xx_hal_i2c.o(i.I2C_ITSlaveSeqCplt) refers to stm32l4xx_hal_i2c.o(i.HAL_I2C_SlaveRxCpltCallback) for HAL_I2C_SlaveRxCpltCallback
    stm32l4xx_hal_i2c.o(i.I2C_ITSlaveSeqCplt) refers to stm32l4xx_hal_i2c.o(i.HAL_I2C_SlaveTxCpltCallback) for HAL_I2C_SlaveTxCpltCallback
    stm32l4xx_hal_i2c.o(i.I2C_IsAcknowledgeFailed) refers to stm32l4xx_hal.o(i.HAL_GetTick) for HAL_GetTick
    stm32l4xx_hal_i2c.o(i.I2C_IsAcknowledgeFailed) refers to stm32l4xx_hal_i2c.o(i.I2C_Flush_TXDR) for I2C_Flush_TXDR
    stm32l4xx_hal_i2c.o(i.I2C_Master_ISR_DMA) refers to stm32l4xx_hal_i2c.o(i.I2C_Enable_IRQ) for I2C_Enable_IRQ
    stm32l4xx_hal_i2c.o(i.I2C_Master_ISR_DMA) refers to stm32l4xx_hal_i2c.o(i.I2C_Flush_TXDR) for I2C_Flush_TXDR
    stm32l4xx_hal_i2c.o(i.I2C_Master_ISR_DMA) refers to stm32l4xx_hal_i2c.o(i.I2C_TransferConfig) for I2C_TransferConfig
    stm32l4xx_hal_i2c.o(i.I2C_Master_ISR_DMA) refers to stm32l4xx_hal_i2c.o(i.I2C_ITError) for I2C_ITError
    stm32l4xx_hal_i2c.o(i.I2C_Master_ISR_DMA) refers to stm32l4xx_hal_i2c.o(i.I2C_ITMasterSeqCplt) for I2C_ITMasterSeqCplt
    stm32l4xx_hal_i2c.o(i.I2C_Master_ISR_DMA) refers to stm32l4xx_hal_i2c.o(i.I2C_ITMasterCplt) for I2C_ITMasterCplt
    stm32l4xx_hal_i2c.o(i.I2C_Master_ISR_IT) refers to stm32l4xx_hal_i2c.o(i.I2C_Flush_TXDR) for I2C_Flush_TXDR
    stm32l4xx_hal_i2c.o(i.I2C_Master_ISR_IT) refers to stm32l4xx_hal_i2c.o(i.I2C_TransferConfig) for I2C_TransferConfig
    stm32l4xx_hal_i2c.o(i.I2C_Master_ISR_IT) refers to stm32l4xx_hal_i2c.o(i.I2C_ITError) for I2C_ITError
    stm32l4xx_hal_i2c.o(i.I2C_Master_ISR_IT) refers to stm32l4xx_hal_i2c.o(i.I2C_ITMasterCplt) for I2C_ITMasterCplt
    stm32l4xx_hal_i2c.o(i.I2C_Master_ISR_IT) refers to stm32l4xx_hal_i2c.o(i.I2C_ITMasterSeqCplt) for I2C_ITMasterSeqCplt
    stm32l4xx_hal_i2c.o(i.I2C_RequestMemoryRead) refers to stm32l4xx_hal_i2c.o(i.I2C_TransferConfig) for I2C_TransferConfig
    stm32l4xx_hal_i2c.o(i.I2C_RequestMemoryRead) refers to stm32l4xx_hal_i2c.o(i.I2C_WaitOnTXISFlagUntilTimeout) for I2C_WaitOnTXISFlagUntilTimeout
    stm32l4xx_hal_i2c.o(i.I2C_RequestMemoryRead) refers to stm32l4xx_hal_i2c.o(i.I2C_WaitOnFlagUntilTimeout) for I2C_WaitOnFlagUntilTimeout
    stm32l4xx_hal_i2c.o(i.I2C_RequestMemoryWrite) refers to stm32l4xx_hal_i2c.o(i.I2C_TransferConfig) for I2C_TransferConfig
    stm32l4xx_hal_i2c.o(i.I2C_RequestMemoryWrite) refers to stm32l4xx_hal_i2c.o(i.I2C_WaitOnTXISFlagUntilTimeout) for I2C_WaitOnTXISFlagUntilTimeout
    stm32l4xx_hal_i2c.o(i.I2C_RequestMemoryWrite) refers to stm32l4xx_hal_i2c.o(i.I2C_WaitOnFlagUntilTimeout) for I2C_WaitOnFlagUntilTimeout
    stm32l4xx_hal_i2c.o(i.I2C_Slave_ISR_DMA) refers to stm32l4xx_hal_i2c.o(i.I2C_ITSlaveCplt) for I2C_ITSlaveCplt
    stm32l4xx_hal_i2c.o(i.I2C_Slave_ISR_DMA) refers to stm32l4xx_hal_i2c.o(i.I2C_ITListenCplt) for I2C_ITListenCplt
    stm32l4xx_hal_i2c.o(i.I2C_Slave_ISR_DMA) refers to stm32l4xx_hal_i2c.o(i.I2C_Flush_TXDR) for I2C_Flush_TXDR
    stm32l4xx_hal_i2c.o(i.I2C_Slave_ISR_DMA) refers to stm32l4xx_hal_i2c.o(i.I2C_ITSlaveSeqCplt) for I2C_ITSlaveSeqCplt
    stm32l4xx_hal_i2c.o(i.I2C_Slave_ISR_DMA) refers to stm32l4xx_hal_i2c.o(i.I2C_ITError) for I2C_ITError
    stm32l4xx_hal_i2c.o(i.I2C_Slave_ISR_DMA) refers to stm32l4xx_hal_i2c.o(i.I2C_ITAddrCplt) for I2C_ITAddrCplt
    stm32l4xx_hal_i2c.o(i.I2C_Slave_ISR_IT) refers to stm32l4xx_hal_i2c.o(i.I2C_ITSlaveCplt) for I2C_ITSlaveCplt
    stm32l4xx_hal_i2c.o(i.I2C_Slave_ISR_IT) refers to stm32l4xx_hal_i2c.o(i.I2C_ITError) for I2C_ITError
    stm32l4xx_hal_i2c.o(i.I2C_Slave_ISR_IT) refers to stm32l4xx_hal_i2c.o(i.I2C_ITListenCplt) for I2C_ITListenCplt
    stm32l4xx_hal_i2c.o(i.I2C_Slave_ISR_IT) refers to stm32l4xx_hal_i2c.o(i.I2C_Flush_TXDR) for I2C_Flush_TXDR
    stm32l4xx_hal_i2c.o(i.I2C_Slave_ISR_IT) refers to stm32l4xx_hal_i2c.o(i.I2C_ITAddrCplt) for I2C_ITAddrCplt
    stm32l4xx_hal_i2c.o(i.I2C_Slave_ISR_IT) refers to stm32l4xx_hal_i2c.o(i.I2C_ITSlaveSeqCplt) for I2C_ITSlaveSeqCplt
    stm32l4xx_hal_i2c.o(i.I2C_TreatErrorCallback) refers to stm32l4xx_hal_i2c.o(i.HAL_I2C_ErrorCallback) for HAL_I2C_ErrorCallback
    stm32l4xx_hal_i2c.o(i.I2C_TreatErrorCallback) refers to stm32l4xx_hal_i2c.o(i.HAL_I2C_AbortCpltCallback) for HAL_I2C_AbortCpltCallback
    stm32l4xx_hal_i2c.o(i.I2C_WaitOnFlagUntilTimeout) refers to stm32l4xx_hal.o(i.HAL_GetTick) for HAL_GetTick
    stm32l4xx_hal_i2c.o(i.I2C_WaitOnRXNEFlagUntilTimeout) refers to stm32l4xx_hal_i2c.o(i.I2C_IsAcknowledgeFailed) for I2C_IsAcknowledgeFailed
    stm32l4xx_hal_i2c.o(i.I2C_WaitOnRXNEFlagUntilTimeout) refers to stm32l4xx_hal.o(i.HAL_GetTick) for HAL_GetTick
    stm32l4xx_hal_i2c.o(i.I2C_WaitOnSTOPFlagUntilTimeout) refers to stm32l4xx_hal_i2c.o(i.I2C_IsAcknowledgeFailed) for I2C_IsAcknowledgeFailed
    stm32l4xx_hal_i2c.o(i.I2C_WaitOnSTOPFlagUntilTimeout) refers to stm32l4xx_hal.o(i.HAL_GetTick) for HAL_GetTick
    stm32l4xx_hal_i2c.o(i.I2C_WaitOnTXISFlagUntilTimeout) refers to stm32l4xx_hal_i2c.o(i.I2C_IsAcknowledgeFailed) for I2C_IsAcknowledgeFailed
    stm32l4xx_hal_i2c.o(i.I2C_WaitOnTXISFlagUntilTimeout) refers to stm32l4xx_hal.o(i.HAL_GetTick) for HAL_GetTick
    stm32l4xx_hal.o(i.HAL_DeInit) refers to stm32l4xx_hal.o(i.HAL_MspDeInit) for HAL_MspDeInit
    stm32l4xx_hal.o(i.HAL_Delay) refers to stm32l4xx_hal.o(i.HAL_GetTick) for HAL_GetTick
    stm32l4xx_hal.o(i.HAL_Delay) refers to stm32l4xx_hal.o(.data) for .data
    stm32l4xx_hal.o(i.HAL_GetTick) refers to stm32l4xx_hal.o(.data) for .data
    stm32l4xx_hal.o(i.HAL_GetTickFreq) refers to stm32l4xx_hal.o(.data) for .data
    stm32l4xx_hal.o(i.HAL_GetTickPrio) refers to stm32l4xx_hal.o(.data) for .data
    stm32l4xx_hal.o(i.HAL_IncTick) refers to stm32l4xx_hal.o(.data) for .data
    stm32l4xx_hal.o(i.HAL_Init) refers to stm32l4xx_hal_cortex.o(i.HAL_NVIC_SetPriorityGrouping) for HAL_NVIC_SetPriorityGrouping
    stm32l4xx_hal.o(i.HAL_Init) refers to stm32l4xx_hal.o(i.HAL_InitTick) for HAL_InitTick
    stm32l4xx_hal.o(i.HAL_Init) refers to stm32l4xx_hal_msp.o(i.HAL_MspInit) for HAL_MspInit
    stm32l4xx_hal.o(i.HAL_InitTick) refers to stm32l4xx_hal_cortex.o(i.HAL_SYSTICK_Config) for HAL_SYSTICK_Config
    stm32l4xx_hal.o(i.HAL_InitTick) refers to stm32l4xx_hal_cortex.o(i.HAL_NVIC_SetPriority) for HAL_NVIC_SetPriority
    stm32l4xx_hal.o(i.HAL_InitTick) refers to stm32l4xx_hal.o(.data) for .data
    stm32l4xx_hal.o(i.HAL_InitTick) refers to system_stm32l4xx.o(.data) for SystemCoreClock
    stm32l4xx_hal.o(i.HAL_SetTickFreq) refers to stm32l4xx_hal.o(i.HAL_InitTick) for HAL_InitTick
    stm32l4xx_hal.o(i.HAL_SetTickFreq) refers to stm32l4xx_hal.o(.data) for .data
    stm32l4xx_hal_rcc.o(i.HAL_RCC_ClockConfig) refers to stm32l4xx_hal.o(i.HAL_GetTick) for HAL_GetTick
    stm32l4xx_hal_rcc.o(i.HAL_RCC_ClockConfig) refers to stm32l4xx_hal_rcc.o(i.HAL_RCC_GetSysClockFreq) for HAL_RCC_GetSysClockFreq
    stm32l4xx_hal_rcc.o(i.HAL_RCC_ClockConfig) refers to stm32l4xx_hal.o(i.HAL_InitTick) for HAL_InitTick
    stm32l4xx_hal_rcc.o(i.HAL_RCC_ClockConfig) refers to system_stm32l4xx.o(.constdata) for AHBPrescTable
    stm32l4xx_hal_rcc.o(i.HAL_RCC_ClockConfig) refers to system_stm32l4xx.o(.data) for SystemCoreClock
    stm32l4xx_hal_rcc.o(i.HAL_RCC_ClockConfig) refers to stm32l4xx_hal.o(.data) for uwTickPrio
    stm32l4xx_hal_rcc.o(i.HAL_RCC_DeInit) refers to stm32l4xx_hal.o(i.HAL_GetTick) for HAL_GetTick
    stm32l4xx_hal_rcc.o(i.HAL_RCC_DeInit) refers to stm32l4xx_hal.o(i.HAL_InitTick) for HAL_InitTick
    stm32l4xx_hal_rcc.o(i.HAL_RCC_DeInit) refers to system_stm32l4xx.o(.data) for SystemCoreClock
    stm32l4xx_hal_rcc.o(i.HAL_RCC_DeInit) refers to stm32l4xx_hal.o(.data) for uwTickPrio
    stm32l4xx_hal_rcc.o(i.HAL_RCC_GetHCLKFreq) refers to system_stm32l4xx.o(.data) for SystemCoreClock
    stm32l4xx_hal_rcc.o(i.HAL_RCC_GetPCLK1Freq) refers to system_stm32l4xx.o(.data) for SystemCoreClock
    stm32l4xx_hal_rcc.o(i.HAL_RCC_GetPCLK1Freq) refers to system_stm32l4xx.o(.constdata) for APBPrescTable
    stm32l4xx_hal_rcc.o(i.HAL_RCC_GetPCLK2Freq) refers to system_stm32l4xx.o(.data) for SystemCoreClock
    stm32l4xx_hal_rcc.o(i.HAL_RCC_GetPCLK2Freq) refers to system_stm32l4xx.o(.constdata) for APBPrescTable
    stm32l4xx_hal_rcc.o(i.HAL_RCC_GetSysClockFreq) refers to system_stm32l4xx.o(.constdata) for MSIRangeTable
    stm32l4xx_hal_rcc.o(i.HAL_RCC_MCOConfig) refers to stm32l4xx_hal_gpio.o(i.HAL_GPIO_Init) for HAL_GPIO_Init
    stm32l4xx_hal_rcc.o(i.HAL_RCC_NMI_IRQHandler) refers to stm32l4xx_hal_rcc.o(i.HAL_RCC_CSSCallback) for HAL_RCC_CSSCallback
    stm32l4xx_hal_rcc.o(i.HAL_RCC_OscConfig) refers to stm32l4xx_hal.o(i.HAL_GetTick) for HAL_GetTick
    stm32l4xx_hal_rcc.o(i.HAL_RCC_OscConfig) refers to stm32l4xx_hal_rcc.o(i.RCC_SetFlashLatencyFromMSIRange) for RCC_SetFlashLatencyFromMSIRange
    stm32l4xx_hal_rcc.o(i.HAL_RCC_OscConfig) refers to stm32l4xx_hal_rcc.o(i.HAL_RCC_GetSysClockFreq) for HAL_RCC_GetSysClockFreq
    stm32l4xx_hal_rcc.o(i.HAL_RCC_OscConfig) refers to stm32l4xx_hal.o(i.HAL_InitTick) for HAL_InitTick
    stm32l4xx_hal_rcc.o(i.HAL_RCC_OscConfig) refers to system_stm32l4xx.o(.constdata) for AHBPrescTable
    stm32l4xx_hal_rcc.o(i.HAL_RCC_OscConfig) refers to system_stm32l4xx.o(.data) for SystemCoreClock
    stm32l4xx_hal_rcc.o(i.HAL_RCC_OscConfig) refers to stm32l4xx_hal.o(.data) for uwTickPrio
    stm32l4xx_hal_rcc.o(i.RCC_SetFlashLatencyFromMSIRange) refers to stm32l4xx_hal_pwr_ex.o(i.HAL_PWREx_GetVoltageRange) for HAL_PWREx_GetVoltageRange
    stm32l4xx_hal_rcc_ex.o(i.HAL_RCCEx_CRSWaitSynchronization) refers to stm32l4xx_hal.o(i.HAL_GetTick) for HAL_GetTick
    stm32l4xx_hal_rcc_ex.o(i.HAL_RCCEx_CRS_IRQHandler) refers to stm32l4xx_hal_rcc_ex.o(i.HAL_RCCEx_CRS_SyncOkCallback) for HAL_RCCEx_CRS_SyncOkCallback
    stm32l4xx_hal_rcc_ex.o(i.HAL_RCCEx_CRS_IRQHandler) refers to stm32l4xx_hal_rcc_ex.o(i.HAL_RCCEx_CRS_SyncWarnCallback) for HAL_RCCEx_CRS_SyncWarnCallback
    stm32l4xx_hal_rcc_ex.o(i.HAL_RCCEx_CRS_IRQHandler) refers to stm32l4xx_hal_rcc_ex.o(i.HAL_RCCEx_CRS_ExpectedSyncCallback) for HAL_RCCEx_CRS_ExpectedSyncCallback
    stm32l4xx_hal_rcc_ex.o(i.HAL_RCCEx_CRS_IRQHandler) refers to stm32l4xx_hal_rcc_ex.o(i.HAL_RCCEx_CRS_ErrorCallback) for HAL_RCCEx_CRS_ErrorCallback
    stm32l4xx_hal_rcc_ex.o(i.HAL_RCCEx_DisableLSCO) refers to stm32l4xx_hal_pwr.o(i.HAL_PWR_EnableBkUpAccess) for HAL_PWR_EnableBkUpAccess
    stm32l4xx_hal_rcc_ex.o(i.HAL_RCCEx_DisableLSCO) refers to stm32l4xx_hal_pwr.o(i.HAL_PWR_DisableBkUpAccess) for HAL_PWR_DisableBkUpAccess
    stm32l4xx_hal_rcc_ex.o(i.HAL_RCCEx_DisablePLLSAI1) refers to stm32l4xx_hal.o(i.HAL_GetTick) for HAL_GetTick
    stm32l4xx_hal_rcc_ex.o(i.HAL_RCCEx_EnableLSCO) refers to stm32l4xx_hal_gpio.o(i.HAL_GPIO_Init) for HAL_GPIO_Init
    stm32l4xx_hal_rcc_ex.o(i.HAL_RCCEx_EnableLSCO) refers to stm32l4xx_hal_pwr.o(i.HAL_PWR_EnableBkUpAccess) for HAL_PWR_EnableBkUpAccess
    stm32l4xx_hal_rcc_ex.o(i.HAL_RCCEx_EnableLSCO) refers to stm32l4xx_hal_pwr.o(i.HAL_PWR_DisableBkUpAccess) for HAL_PWR_DisableBkUpAccess
    stm32l4xx_hal_rcc_ex.o(i.HAL_RCCEx_EnablePLLSAI1) refers to stm32l4xx_hal.o(i.HAL_GetTick) for HAL_GetTick
    stm32l4xx_hal_rcc_ex.o(i.HAL_RCCEx_GetPeriphCLKFreq) refers to stm32l4xx_hal_rcc_ex.o(i.RCCEx_GetSAIxPeriphCLKFreq) for RCCEx_GetSAIxPeriphCLKFreq
    stm32l4xx_hal_rcc_ex.o(i.HAL_RCCEx_GetPeriphCLKFreq) refers to stm32l4xx_hal_rcc.o(i.HAL_RCC_GetPCLK2Freq) for HAL_RCC_GetPCLK2Freq
    stm32l4xx_hal_rcc_ex.o(i.HAL_RCCEx_GetPeriphCLKFreq) refers to stm32l4xx_hal_rcc.o(i.HAL_RCC_GetSysClockFreq) for HAL_RCC_GetSysClockFreq
    stm32l4xx_hal_rcc_ex.o(i.HAL_RCCEx_GetPeriphCLKFreq) refers to stm32l4xx_hal_rcc.o(i.HAL_RCC_GetPCLK1Freq) for HAL_RCC_GetPCLK1Freq
    stm32l4xx_hal_rcc_ex.o(i.HAL_RCCEx_GetPeriphCLKFreq) refers to system_stm32l4xx.o(.constdata) for MSIRangeTable
    stm32l4xx_hal_rcc_ex.o(i.HAL_RCCEx_LSECSS_IRQHandler) refers to stm32l4xx_hal_rcc_ex.o(i.HAL_RCCEx_LSECSS_Callback) for HAL_RCCEx_LSECSS_Callback
    stm32l4xx_hal_rcc_ex.o(i.HAL_RCCEx_PeriphCLKConfig) refers to stm32l4xx_hal_rcc_ex.o(i.RCCEx_PLLSAI1_Config) for RCCEx_PLLSAI1_Config
    stm32l4xx_hal_rcc_ex.o(i.HAL_RCCEx_PeriphCLKConfig) refers to stm32l4xx_hal.o(i.HAL_GetTick) for HAL_GetTick
    stm32l4xx_hal_rcc_ex.o(i.RCCEx_PLLSAI1_Config) refers to stm32l4xx_hal.o(i.HAL_GetTick) for HAL_GetTick
    stm32l4xx_hal_flash.o(i.FLASH_WaitForLastOperation) refers to stm32l4xx_hal.o(i.HAL_GetTick) for HAL_GetTick
    stm32l4xx_hal_flash.o(i.FLASH_WaitForLastOperation) refers to stm32l4xx_hal_flash.o(.data) for .data
    stm32l4xx_hal_flash.o(i.HAL_FLASH_GetError) refers to stm32l4xx_hal_flash.o(.data) for .data
    stm32l4xx_hal_flash.o(i.HAL_FLASH_IRQHandler) refers to stm32l4xx_hal_flash_ex.o(i.FLASH_FlushCaches) for FLASH_FlushCaches
    stm32l4xx_hal_flash.o(i.HAL_FLASH_IRQHandler) refers to stm32l4xx_hal_flash.o(i.HAL_FLASH_OperationErrorCallback) for HAL_FLASH_OperationErrorCallback
    stm32l4xx_hal_flash.o(i.HAL_FLASH_IRQHandler) refers to stm32l4xx_hal_flash.o(i.HAL_FLASH_EndOfOperationCallback) for HAL_FLASH_EndOfOperationCallback
    stm32l4xx_hal_flash.o(i.HAL_FLASH_IRQHandler) refers to stm32l4xx_hal_flash_ex.o(i.FLASH_PageErase) for FLASH_PageErase
    stm32l4xx_hal_flash.o(i.HAL_FLASH_IRQHandler) refers to stm32l4xx_hal_flash.o(.data) for .data
    stm32l4xx_hal_flash.o(i.HAL_FLASH_OB_Launch) refers to stm32l4xx_hal_flash.o(i.FLASH_WaitForLastOperation) for FLASH_WaitForLastOperation
    stm32l4xx_hal_flash.o(i.HAL_FLASH_Program) refers to stm32l4xx_hal_flash.o(i.FLASH_WaitForLastOperation) for FLASH_WaitForLastOperation
    stm32l4xx_hal_flash.o(i.HAL_FLASH_Program) refers to stm32l4xx_hal_flash.o(i.FLASH_Program_DoubleWord) for FLASH_Program_DoubleWord
    stm32l4xx_hal_flash.o(i.HAL_FLASH_Program) refers to stm32l4xx_hal_flash.o(i.FLASH_Program_Fast) for FLASH_Program_Fast
    stm32l4xx_hal_flash.o(i.HAL_FLASH_Program) refers to stm32l4xx_hal_flash_ex.o(i.FLASH_FlushCaches) for FLASH_FlushCaches
    stm32l4xx_hal_flash.o(i.HAL_FLASH_Program) refers to stm32l4xx_hal_flash.o(.data) for .data
    stm32l4xx_hal_flash.o(i.HAL_FLASH_Program_IT) refers to stm32l4xx_hal_flash.o(i.FLASH_Program_DoubleWord) for FLASH_Program_DoubleWord
    stm32l4xx_hal_flash.o(i.HAL_FLASH_Program_IT) refers to stm32l4xx_hal_flash.o(i.FLASH_Program_Fast) for FLASH_Program_Fast
    stm32l4xx_hal_flash.o(i.HAL_FLASH_Program_IT) refers to stm32l4xx_hal_flash.o(.data) for .data
    stm32l4xx_hal_flash_ex.o(i.FLASH_FlushCaches) refers to stm32l4xx_hal_flash.o(.data) for pFlash
    stm32l4xx_hal_flash_ex.o(i.FLASH_OB_PCROPConfig) refers to stm32l4xx_hal_flash.o(i.FLASH_WaitForLastOperation) for FLASH_WaitForLastOperation
    stm32l4xx_hal_flash_ex.o(i.FLASH_OB_UserConfig) refers to stm32l4xx_hal_flash.o(i.FLASH_WaitForLastOperation) for FLASH_WaitForLastOperation
    stm32l4xx_hal_flash_ex.o(i.HAL_FLASHEx_Erase) refers to stm32l4xx_hal_flash.o(i.FLASH_WaitForLastOperation) for FLASH_WaitForLastOperation
    stm32l4xx_hal_flash_ex.o(i.HAL_FLASHEx_Erase) refers to stm32l4xx_hal_flash_ex.o(i.FLASH_MassErase) for FLASH_MassErase
    stm32l4xx_hal_flash_ex.o(i.HAL_FLASHEx_Erase) refers to stm32l4xx_hal_flash_ex.o(i.FLASH_PageErase) for FLASH_PageErase
    stm32l4xx_hal_flash_ex.o(i.HAL_FLASHEx_Erase) refers to stm32l4xx_hal_flash_ex.o(i.FLASH_FlushCaches) for FLASH_FlushCaches
    stm32l4xx_hal_flash_ex.o(i.HAL_FLASHEx_Erase) refers to stm32l4xx_hal_flash.o(.data) for pFlash
    stm32l4xx_hal_flash_ex.o(i.HAL_FLASHEx_Erase_IT) refers to stm32l4xx_hal_flash_ex.o(i.FLASH_PageErase) for FLASH_PageErase
    stm32l4xx_hal_flash_ex.o(i.HAL_FLASHEx_Erase_IT) refers to stm32l4xx_hal_flash_ex.o(i.FLASH_MassErase) for FLASH_MassErase
    stm32l4xx_hal_flash_ex.o(i.HAL_FLASHEx_Erase_IT) refers to stm32l4xx_hal_flash.o(.data) for pFlash
    stm32l4xx_hal_flash_ex.o(i.HAL_FLASHEx_OBProgram) refers to stm32l4xx_hal_flash.o(i.FLASH_WaitForLastOperation) for FLASH_WaitForLastOperation
    stm32l4xx_hal_flash_ex.o(i.HAL_FLASHEx_OBProgram) refers to stm32l4xx_hal_flash_ex.o(i.FLASH_OB_UserConfig) for FLASH_OB_UserConfig
    stm32l4xx_hal_flash_ex.o(i.HAL_FLASHEx_OBProgram) refers to stm32l4xx_hal_flash_ex.o(i.FLASH_OB_PCROPConfig) for FLASH_OB_PCROPConfig
    stm32l4xx_hal_flash_ex.o(i.HAL_FLASHEx_OBProgram) refers to stm32l4xx_hal_flash.o(.data) for pFlash
    stm32l4xx_hal_gpio.o(i.HAL_GPIO_EXTI_IRQHandler) refers to stm32l4xx_hal_gpio.o(i.HAL_GPIO_EXTI_Callback) for HAL_GPIO_EXTI_Callback
    stm32l4xx_hal_dma.o(i.HAL_DMA_PollForTransfer) refers to stm32l4xx_hal.o(i.HAL_GetTick) for HAL_GetTick
    stm32l4xx_hal_dma.o(i.HAL_DMA_Start) refers to stm32l4xx_hal_dma.o(i.DMA_SetConfig) for DMA_SetConfig
    stm32l4xx_hal_dma.o(i.HAL_DMA_Start_IT) refers to stm32l4xx_hal_dma.o(i.DMA_SetConfig) for DMA_SetConfig
    stm32l4xx_hal_pwr.o(i.HAL_PWR_EnterSLEEPMode) refers to stm32l4xx_hal_pwr_ex.o(i.HAL_PWREx_EnableLowPowerRunMode) for HAL_PWREx_EnableLowPowerRunMode
    stm32l4xx_hal_pwr.o(i.HAL_PWR_EnterSLEEPMode) refers to stm32l4xx_hal_pwr_ex.o(i.HAL_PWREx_DisableLowPowerRunMode) for HAL_PWREx_DisableLowPowerRunMode
    stm32l4xx_hal_pwr.o(i.HAL_PWR_EnterSTOPMode) refers to stm32l4xx_hal_pwr_ex.o(i.HAL_PWREx_EnterSTOP0Mode) for HAL_PWREx_EnterSTOP0Mode
    stm32l4xx_hal_pwr.o(i.HAL_PWR_EnterSTOPMode) refers to stm32l4xx_hal_pwr_ex.o(i.HAL_PWREx_EnterSTOP1Mode) for HAL_PWREx_EnterSTOP1Mode
    stm32l4xx_hal_pwr_ex.o(i.HAL_PWREx_ControlVoltageScaling) refers to system_stm32l4xx.o(.data) for SystemCoreClock
    stm32l4xx_hal_pwr_ex.o(i.HAL_PWREx_DisableLowPowerRunMode) refers to system_stm32l4xx.o(.data) for SystemCoreClock
    stm32l4xx_hal_pwr_ex.o(i.HAL_PWREx_DisableSRAM2ContentRetention) refers to stm32l4xx_hal_pwr_ex.o(i.HAL_PWREx_SetSRAM2ContentRetention) for HAL_PWREx_SetSRAM2ContentRetention
    stm32l4xx_hal_pwr_ex.o(i.HAL_PWREx_EnableSRAM2ContentRetention) refers to stm32l4xx_hal_pwr_ex.o(i.HAL_PWREx_SetSRAM2ContentRetention) for HAL_PWREx_SetSRAM2ContentRetention
    stm32l4xx_hal_pwr_ex.o(i.HAL_PWREx_PVD_PVM_IRQHandler) refers to stm32l4xx_hal_pwr.o(i.HAL_PWR_PVDCallback) for HAL_PWR_PVDCallback
    stm32l4xx_hal_pwr_ex.o(i.HAL_PWREx_PVD_PVM_IRQHandler) refers to stm32l4xx_hal_pwr_ex.o(i.HAL_PWREx_PVM1Callback) for HAL_PWREx_PVM1Callback
    stm32l4xx_hal_pwr_ex.o(i.HAL_PWREx_PVD_PVM_IRQHandler) refers to stm32l4xx_hal_pwr_ex.o(i.HAL_PWREx_PVM3Callback) for HAL_PWREx_PVM3Callback
    stm32l4xx_hal_pwr_ex.o(i.HAL_PWREx_PVD_PVM_IRQHandler) refers to stm32l4xx_hal_pwr_ex.o(i.HAL_PWREx_PVM4Callback) for HAL_PWREx_PVM4Callback
    stm32l4xx_hal_cortex.o(i.HAL_NVIC_SetPriority) refers to stm32l4xx_hal_cortex.o(i.__NVIC_SetPriority) for __NVIC_SetPriority
    stm32l4xx_hal_cortex.o(i.HAL_SYSTICK_Config) refers to stm32l4xx_hal_cortex.o(i.__NVIC_SetPriority) for __NVIC_SetPriority
    stm32l4xx_hal_cortex.o(i.HAL_SYSTICK_IRQHandler) refers to stm32l4xx_hal_cortex.o(i.HAL_SYSTICK_Callback) for HAL_SYSTICK_Callback
    system_stm32l4xx.o(i.SystemCoreClockUpdate) refers to system_stm32l4xx.o(.constdata) for .constdata
    system_stm32l4xx.o(i.SystemCoreClockUpdate) refers to system_stm32l4xx.o(.data) for .data
    entry.o(.ARM.Collect$$$$00000000) refers (Special) to entry10a.o(.ARM.Collect$$$$0000000F) for __rt_final_cpp
    entry.o(.ARM.Collect$$$$00000000) refers (Special) to entry11a.o(.ARM.Collect$$$$00000011) for __rt_final_exit
    entry.o(.ARM.Collect$$$$00000000) refers (Special) to entry12b.o(.ARM.Collect$$$$0000000E) for __rt_lib_shutdown_fini
    entry.o(.ARM.Collect$$$$00000000) refers (Special) to entry7b.o(.ARM.Collect$$$$00000008) for _main_clock
    entry.o(.ARM.Collect$$$$00000000) refers (Special) to entry8b.o(.ARM.Collect$$$$0000000A) for _main_cpp_init
    entry.o(.ARM.Collect$$$$00000000) refers (Special) to entry9a.o(.ARM.Collect$$$$0000000B) for _main_init
    entry.o(.ARM.Collect$$$$00000000) refers (Special) to entry5.o(.ARM.Collect$$$$00000004) for _main_scatterload
    entry.o(.ARM.Collect$$$$00000000) refers (Special) to entry2.o(.ARM.Collect$$$$00000001) for _main_stk
    entry2.o(.ARM.Collect$$$$00000001) refers to entry2.o(.ARM.Collect$$$$00002712) for __lit__00000000
    entry2.o(.ARM.Collect$$$$00002712) refers to startup_stm32l432xx.o(STACK) for __initial_sp
    entry2.o(__vectab_stack_and_reset_area) refers to startup_stm32l432xx.o(STACK) for __initial_sp
    entry2.o(__vectab_stack_and_reset_area) refers to entry.o(.ARM.Collect$$$$00000000) for __main
    entry5.o(.ARM.Collect$$$$00000004) refers to init.o(.text) for __scatterload
    entry9a.o(.ARM.Collect$$$$0000000B) refers to main.o(i.main) for main
    entry9b.o(.ARM.Collect$$$$0000000C) refers to main.o(i.main) for main
    init.o(.text) refers to entry5.o(.ARM.Collect$$$$00000004) for __main_after_scatterload


==============================================================================

Removing Unused input sections from the image.

    Removing startup_stm32l432xx.o(HEAP), (512 bytes).
    Removing fonts.o(.rev16_text), (4 bytes).
    Removing fonts.o(.revsh_text), (4 bytes).
    Removing fonts.o(.rrx_text), (6 bytes).
    Removing fonts.o(i.FONTS_GetStringSize), (28 bytes).
    Removing fonts.o(.constdata), (1900 bytes).
    Removing fonts.o(.constdata), (4940 bytes).
    Removing fonts.o(.data), (8 bytes).
    Removing fonts.o(.data), (8 bytes).
    Removing ssd1306.o(.rev16_text), (4 bytes).
    Removing ssd1306.o(.revsh_text), (4 bytes).
    Removing ssd1306.o(.rrx_text), (6 bytes).
    Removing ssd1306.o(i.SSD1306_DrawBitmap), (120 bytes).
    Removing ssd1306.o(i.SSD1306_DrawCircle), (278 bytes).
    Removing ssd1306.o(i.SSD1306_DrawFilledCircle), (266 bytes).
    Removing ssd1306.o(i.SSD1306_DrawFilledRectangle), (86 bytes).
    Removing ssd1306.o(i.SSD1306_DrawFilledTriangle), (192 bytes).
    Removing ssd1306.o(i.SSD1306_DrawLine), (272 bytes).
    Removing ssd1306.o(i.SSD1306_DrawRectangle), (116 bytes).
    Removing ssd1306.o(i.SSD1306_DrawTriangle), (62 bytes).
    Removing ssd1306.o(i.SSD1306_InvertDisplay), (16 bytes).
    Removing ssd1306.o(i.SSD1306_OFF), (36 bytes).
    Removing ssd1306.o(i.SSD1306_ON), (36 bytes).
    Removing ssd1306.o(i.SSD1306_ScrollLeft), (90 bytes).
    Removing ssd1306.o(i.SSD1306_ScrollRight), (90 bytes).
    Removing ssd1306.o(i.SSD1306_Scrolldiagleft), (110 bytes).
    Removing ssd1306.o(i.SSD1306_Scrolldiagright), (110 bytes).
    Removing ssd1306.o(i.SSD1306_Stopscroll), (10 bytes).
    Removing ssd1306.o(i.SSD1306_ToggleInvert), (48 bytes).
    Removing main.o(.rev16_text), (4 bytes).
    Removing main.o(.revsh_text), (4 bytes).
    Removing main.o(.rrx_text), (6 bytes).
    Removing main.o(i.Error_Handler), (4 bytes).
    Removing main.o(.data), (1 bytes).
    Removing stm32l4xx_it.o(.rev16_text), (4 bytes).
    Removing stm32l4xx_it.o(.revsh_text), (4 bytes).
    Removing stm32l4xx_it.o(.rrx_text), (6 bytes).
    Removing stm32l4xx_hal_msp.o(.rev16_text), (4 bytes).
    Removing stm32l4xx_hal_msp.o(.revsh_text), (4 bytes).
    Removing stm32l4xx_hal_msp.o(.rrx_text), (6 bytes).
    Removing stm32l4xx_hal_msp.o(i.HAL_I2C_MspDeInit), (56 bytes).
    Removing stm32l4xx_hal_i2c.o(.rev16_text), (4 bytes).
    Removing stm32l4xx_hal_i2c.o(.revsh_text), (4 bytes).
    Removing stm32l4xx_hal_i2c.o(.rrx_text), (6 bytes).
    Removing stm32l4xx_hal_i2c.o(i.HAL_I2C_AbortCpltCallback), (2 bytes).
    Removing stm32l4xx_hal_i2c.o(i.HAL_I2C_AddrCallback), (2 bytes).
    Removing stm32l4xx_hal_i2c.o(i.HAL_I2C_DeInit), (50 bytes).
    Removing stm32l4xx_hal_i2c.o(i.HAL_I2C_DisableListen_IT), (56 bytes).
    Removing stm32l4xx_hal_i2c.o(i.HAL_I2C_ER_IRQHandler), (104 bytes).
    Removing stm32l4xx_hal_i2c.o(i.HAL_I2C_EV_IRQHandler), (16 bytes).
    Removing stm32l4xx_hal_i2c.o(i.HAL_I2C_EnableListen_IT), (40 bytes).
    Removing stm32l4xx_hal_i2c.o(i.HAL_I2C_ErrorCallback), (2 bytes).
    Removing stm32l4xx_hal_i2c.o(i.HAL_I2C_GetError), (4 bytes).
    Removing stm32l4xx_hal_i2c.o(i.HAL_I2C_GetMode), (6 bytes).
    Removing stm32l4xx_hal_i2c.o(i.HAL_I2C_GetState), (6 bytes).
    Removing stm32l4xx_hal_i2c.o(i.HAL_I2C_ListenCpltCallback), (2 bytes).
    Removing stm32l4xx_hal_i2c.o(i.HAL_I2C_MasterRxCpltCallback), (2 bytes).
    Removing stm32l4xx_hal_i2c.o(i.HAL_I2C_MasterTxCpltCallback), (2 bytes).
    Removing stm32l4xx_hal_i2c.o(i.HAL_I2C_Master_Abort_IT), (124 bytes).
    Removing stm32l4xx_hal_i2c.o(i.HAL_I2C_Master_Receive), (298 bytes).
    Removing stm32l4xx_hal_i2c.o(i.HAL_I2C_Master_Receive_DMA), (304 bytes).
    Removing stm32l4xx_hal_i2c.o(i.HAL_I2C_Master_Receive_IT), (136 bytes).
    Removing stm32l4xx_hal_i2c.o(i.HAL_I2C_Master_Seq_Receive_DMA), (342 bytes).
    Removing stm32l4xx_hal_i2c.o(i.HAL_I2C_Master_Seq_Receive_IT), (164 bytes).
    Removing stm32l4xx_hal_i2c.o(i.HAL_I2C_Master_Seq_Transmit_DMA), (342 bytes).
    Removing stm32l4xx_hal_i2c.o(i.HAL_I2C_Master_Seq_Transmit_IT), (160 bytes).
    Removing stm32l4xx_hal_i2c.o(i.HAL_I2C_Master_Transmit_DMA), (304 bytes).
    Removing stm32l4xx_hal_i2c.o(i.HAL_I2C_Master_Transmit_IT), (136 bytes).
    Removing stm32l4xx_hal_i2c.o(i.HAL_I2C_MemRxCpltCallback), (2 bytes).
    Removing stm32l4xx_hal_i2c.o(i.HAL_I2C_MemTxCpltCallback), (2 bytes).
    Removing stm32l4xx_hal_i2c.o(i.HAL_I2C_Mem_Read), (362 bytes).
    Removing stm32l4xx_hal_i2c.o(i.HAL_I2C_Mem_Read_DMA), (326 bytes).
    Removing stm32l4xx_hal_i2c.o(i.HAL_I2C_Mem_Read_IT), (210 bytes).
    Removing stm32l4xx_hal_i2c.o(i.HAL_I2C_Mem_Write), (350 bytes).
    Removing stm32l4xx_hal_i2c.o(i.HAL_I2C_Mem_Write_DMA), (318 bytes).
    Removing stm32l4xx_hal_i2c.o(i.HAL_I2C_Mem_Write_IT), (202 bytes).
    Removing stm32l4xx_hal_i2c.o(i.HAL_I2C_MspDeInit), (2 bytes).
    Removing stm32l4xx_hal_i2c.o(i.HAL_I2C_MspInit), (2 bytes).
    Removing stm32l4xx_hal_i2c.o(i.HAL_I2C_SlaveRxCpltCallback), (2 bytes).
    Removing stm32l4xx_hal_i2c.o(i.HAL_I2C_SlaveTxCpltCallback), (2 bytes).
    Removing stm32l4xx_hal_i2c.o(i.HAL_I2C_Slave_Receive), (304 bytes).
    Removing stm32l4xx_hal_i2c.o(i.HAL_I2C_Slave_Receive_DMA), (224 bytes).
    Removing stm32l4xx_hal_i2c.o(i.HAL_I2C_Slave_Receive_IT), (96 bytes).
    Removing stm32l4xx_hal_i2c.o(i.HAL_I2C_Slave_Seq_Receive_DMA), (364 bytes).
    Removing stm32l4xx_hal_i2c.o(i.HAL_I2C_Slave_Seq_Receive_IT), (200 bytes).
    Removing stm32l4xx_hal_i2c.o(i.HAL_I2C_Slave_Seq_Transmit_DMA), (364 bytes).
    Removing stm32l4xx_hal_i2c.o(i.HAL_I2C_Slave_Seq_Transmit_IT), (200 bytes).
    Removing stm32l4xx_hal_i2c.o(i.HAL_I2C_Slave_Transmit), (308 bytes).
    Removing stm32l4xx_hal_i2c.o(i.HAL_I2C_Slave_Transmit_DMA), (212 bytes).
    Removing stm32l4xx_hal_i2c.o(i.HAL_I2C_Slave_Transmit_IT), (96 bytes).
    Removing stm32l4xx_hal_i2c.o(i.I2C_ConvertOtherXferOptions), (26 bytes).
    Removing stm32l4xx_hal_i2c.o(i.I2C_DMAAbort), (20 bytes).
    Removing stm32l4xx_hal_i2c.o(i.I2C_DMAError), (18 bytes).
    Removing stm32l4xx_hal_i2c.o(i.I2C_DMAMasterReceiveCplt), (82 bytes).
    Removing stm32l4xx_hal_i2c.o(i.I2C_DMAMasterTransmitCplt), (82 bytes).
    Removing stm32l4xx_hal_i2c.o(i.I2C_DMASlaveReceiveCplt), (36 bytes).
    Removing stm32l4xx_hal_i2c.o(i.I2C_DMASlaveTransmitCplt), (30 bytes).
    Removing stm32l4xx_hal_i2c.o(i.I2C_Disable_IRQ), (94 bytes).
    Removing stm32l4xx_hal_i2c.o(i.I2C_Enable_IRQ), (104 bytes).
    Removing stm32l4xx_hal_i2c.o(i.I2C_ITAddrCplt), (140 bytes).
    Removing stm32l4xx_hal_i2c.o(i.I2C_ITError), (244 bytes).
    Removing stm32l4xx_hal_i2c.o(i.I2C_ITListenCplt), (100 bytes).
    Removing stm32l4xx_hal_i2c.o(i.I2C_ITMasterCplt), (240 bytes).
    Removing stm32l4xx_hal_i2c.o(i.I2C_ITMasterSeqCplt), (76 bytes).
    Removing stm32l4xx_hal_i2c.o(i.I2C_ITSlaveCplt), (304 bytes).
    Removing stm32l4xx_hal_i2c.o(i.I2C_ITSlaveSeqCplt), (114 bytes).
    Removing stm32l4xx_hal_i2c.o(i.I2C_Master_ISR_DMA), (272 bytes).
    Removing stm32l4xx_hal_i2c.o(i.I2C_Master_ISR_IT), (296 bytes).
    Removing stm32l4xx_hal_i2c.o(i.I2C_RequestMemoryRead), (100 bytes).
    Removing stm32l4xx_hal_i2c.o(i.I2C_RequestMemoryWrite), (100 bytes).
    Removing stm32l4xx_hal_i2c.o(i.I2C_Slave_ISR_DMA), (266 bytes).
    Removing stm32l4xx_hal_i2c.o(i.I2C_Slave_ISR_IT), (288 bytes).
    Removing stm32l4xx_hal_i2c.o(i.I2C_TreatErrorCallback), (42 bytes).
    Removing stm32l4xx_hal_i2c.o(i.I2C_WaitOnRXNEFlagUntilTimeout), (132 bytes).
    Removing stm32l4xx_hal_i2c_ex.o(.rev16_text), (4 bytes).
    Removing stm32l4xx_hal_i2c_ex.o(.revsh_text), (4 bytes).
    Removing stm32l4xx_hal_i2c_ex.o(.rrx_text), (6 bytes).
    Removing stm32l4xx_hal_i2c_ex.o(i.HAL_I2CEx_DisableFastModePlus), (40 bytes).
    Removing stm32l4xx_hal_i2c_ex.o(i.HAL_I2CEx_DisableWakeUp), (78 bytes).
    Removing stm32l4xx_hal_i2c_ex.o(i.HAL_I2CEx_EnableFastModePlus), (40 bytes).
    Removing stm32l4xx_hal_i2c_ex.o(i.HAL_I2CEx_EnableWakeUp), (78 bytes).
    Removing stm32l4xx_hal.o(.rev16_text), (4 bytes).
    Removing stm32l4xx_hal.o(.revsh_text), (4 bytes).
    Removing stm32l4xx_hal.o(.rrx_text), (6 bytes).
    Removing stm32l4xx_hal.o(i.HAL_DBGMCU_DisableDBGSleepMode), (16 bytes).
    Removing stm32l4xx_hal.o(i.HAL_DBGMCU_DisableDBGStandbyMode), (16 bytes).
    Removing stm32l4xx_hal.o(i.HAL_DBGMCU_DisableDBGStopMode), (16 bytes).
    Removing stm32l4xx_hal.o(i.HAL_DBGMCU_EnableDBGSleepMode), (16 bytes).
    Removing stm32l4xx_hal.o(i.HAL_DBGMCU_EnableDBGStandbyMode), (16 bytes).
    Removing stm32l4xx_hal.o(i.HAL_DBGMCU_EnableDBGStopMode), (16 bytes).
    Removing stm32l4xx_hal.o(i.HAL_DeInit), (48 bytes).
    Removing stm32l4xx_hal.o(i.HAL_GetDEVID), (16 bytes).
    Removing stm32l4xx_hal.o(i.HAL_GetHalVersion), (6 bytes).
    Removing stm32l4xx_hal.o(i.HAL_GetREVID), (12 bytes).
    Removing stm32l4xx_hal.o(i.HAL_GetTickFreq), (12 bytes).
    Removing stm32l4xx_hal.o(i.HAL_GetTickPrio), (12 bytes).
    Removing stm32l4xx_hal.o(i.HAL_GetUIDw0), (12 bytes).
    Removing stm32l4xx_hal.o(i.HAL_GetUIDw1), (12 bytes).
    Removing stm32l4xx_hal.o(i.HAL_GetUIDw2), (12 bytes).
    Removing stm32l4xx_hal.o(i.HAL_MspDeInit), (2 bytes).
    Removing stm32l4xx_hal.o(i.HAL_MspInit), (2 bytes).
    Removing stm32l4xx_hal.o(i.HAL_ResumeTick), (14 bytes).
    Removing stm32l4xx_hal.o(i.HAL_SYSCFG_DisableIOAnalogSwitchBooster), (16 bytes).
    Removing stm32l4xx_hal.o(i.HAL_SYSCFG_DisableMemorySwappingBank), (12 bytes).
    Removing stm32l4xx_hal.o(i.HAL_SYSCFG_EnableIOAnalogSwitchBooster), (16 bytes).
    Removing stm32l4xx_hal.o(i.HAL_SYSCFG_EnableMemorySwappingBank), (12 bytes).
    Removing stm32l4xx_hal.o(i.HAL_SYSCFG_SRAM2Erase), (28 bytes).
    Removing stm32l4xx_hal.o(i.HAL_SetTickFreq), (36 bytes).
    Removing stm32l4xx_hal.o(i.HAL_SuspendTick), (14 bytes).
    Removing stm32l4xx_hal_rcc.o(.rev16_text), (4 bytes).
    Removing stm32l4xx_hal_rcc.o(.revsh_text), (4 bytes).
    Removing stm32l4xx_hal_rcc.o(.rrx_text), (6 bytes).
    Removing stm32l4xx_hal_rcc.o(i.HAL_RCC_CSSCallback), (2 bytes).
    Removing stm32l4xx_hal_rcc.o(i.HAL_RCC_DeInit), (224 bytes).
    Removing stm32l4xx_hal_rcc.o(i.HAL_RCC_EnableCSS), (16 bytes).
    Removing stm32l4xx_hal_rcc.o(i.HAL_RCC_GetClockConfig), (64 bytes).
    Removing stm32l4xx_hal_rcc.o(i.HAL_RCC_GetHCLKFreq), (12 bytes).
    Removing stm32l4xx_hal_rcc.o(i.HAL_RCC_GetOscConfig), (228 bytes).
    Removing stm32l4xx_hal_rcc.o(i.HAL_RCC_GetPCLK1Freq), (36 bytes).
    Removing stm32l4xx_hal_rcc.o(i.HAL_RCC_GetPCLK2Freq), (36 bytes).
    Removing stm32l4xx_hal_rcc.o(i.HAL_RCC_MCOConfig), (72 bytes).
    Removing stm32l4xx_hal_rcc.o(i.HAL_RCC_NMI_IRQHandler), (24 bytes).
    Removing stm32l4xx_hal_rcc_ex.o(.rev16_text), (4 bytes).
    Removing stm32l4xx_hal_rcc_ex.o(.revsh_text), (4 bytes).
    Removing stm32l4xx_hal_rcc_ex.o(.rrx_text), (6 bytes).
    Removing stm32l4xx_hal_rcc_ex.o(i.HAL_RCCEx_CRSConfig), (76 bytes).
    Removing stm32l4xx_hal_rcc_ex.o(i.HAL_RCCEx_CRSGetSynchronizationInfo), (36 bytes).
    Removing stm32l4xx_hal_rcc_ex.o(i.HAL_RCCEx_CRSSoftwareSynchronizationGenerate), (16 bytes).
    Removing stm32l4xx_hal_rcc_ex.o(i.HAL_RCCEx_CRSWaitSynchronization), (132 bytes).
    Removing stm32l4xx_hal_rcc_ex.o(i.HAL_RCCEx_CRS_ErrorCallback), (2 bytes).
    Removing stm32l4xx_hal_rcc_ex.o(i.HAL_RCCEx_CRS_ExpectedSyncCallback), (2 bytes).
    Removing stm32l4xx_hal_rcc_ex.o(i.HAL_RCCEx_CRS_IRQHandler), (108 bytes).
    Removing stm32l4xx_hal_rcc_ex.o(i.HAL_RCCEx_CRS_SyncOkCallback), (2 bytes).
    Removing stm32l4xx_hal_rcc_ex.o(i.HAL_RCCEx_CRS_SyncWarnCallback), (2 bytes).
    Removing stm32l4xx_hal_rcc_ex.o(i.HAL_RCCEx_DisableLSCO), (88 bytes).
    Removing stm32l4xx_hal_rcc_ex.o(i.HAL_RCCEx_DisableLSECSS), (28 bytes).
    Removing stm32l4xx_hal_rcc_ex.o(i.HAL_RCCEx_DisableMSIPLLMode), (16 bytes).
    Removing stm32l4xx_hal_rcc_ex.o(i.HAL_RCCEx_DisablePLLSAI1), (80 bytes).
    Removing stm32l4xx_hal_rcc_ex.o(i.HAL_RCCEx_EnableLSCO), (140 bytes).
    Removing stm32l4xx_hal_rcc_ex.o(i.HAL_RCCEx_EnableLSECSS), (20 bytes).
    Removing stm32l4xx_hal_rcc_ex.o(i.HAL_RCCEx_EnableLSECSS_IT), (56 bytes).
    Removing stm32l4xx_hal_rcc_ex.o(i.HAL_RCCEx_EnablePLLSAI1), (156 bytes).
    Removing stm32l4xx_hal_rcc_ex.o(i.HAL_RCCEx_GetPeriphCLKConfig), (188 bytes).
    Removing stm32l4xx_hal_rcc_ex.o(i.HAL_RCCEx_GetPeriphCLKFreq), (802 bytes).
    Removing stm32l4xx_hal_rcc_ex.o(i.HAL_RCCEx_LSECSS_Callback), (2 bytes).
    Removing stm32l4xx_hal_rcc_ex.o(i.HAL_RCCEx_LSECSS_IRQHandler), (24 bytes).
    Removing stm32l4xx_hal_rcc_ex.o(i.HAL_RCCEx_StandbyMSIRangeConfig), (24 bytes).
    Removing stm32l4xx_hal_rcc_ex.o(i.HAL_RCCEx_WakeUpStopCLKConfig), (20 bytes).
    Removing stm32l4xx_hal_rcc_ex.o(i.RCCEx_GetSAIxPeriphCLKFreq), (168 bytes).
    Removing stm32l4xx_hal_flash.o(.rev16_text), (4 bytes).
    Removing stm32l4xx_hal_flash.o(.revsh_text), (4 bytes).
    Removing stm32l4xx_hal_flash.o(.rrx_text), (6 bytes).
    Removing stm32l4xx_hal_flash.o(i.FLASH_Program_DoubleWord), (28 bytes).
    Removing stm32l4xx_hal_flash.o(i.FLASH_Program_Fast), (44 bytes).
    Removing stm32l4xx_hal_flash.o(i.FLASH_WaitForLastOperation), (100 bytes).
    Removing stm32l4xx_hal_flash.o(i.HAL_FLASH_EndOfOperationCallback), (2 bytes).
    Removing stm32l4xx_hal_flash.o(i.HAL_FLASH_GetError), (12 bytes).
    Removing stm32l4xx_hal_flash.o(i.HAL_FLASH_IRQHandler), (232 bytes).
    Removing stm32l4xx_hal_flash.o(i.HAL_FLASH_Lock), (20 bytes).
    Removing stm32l4xx_hal_flash.o(i.HAL_FLASH_OB_Launch), (24 bytes).
    Removing stm32l4xx_hal_flash.o(i.HAL_FLASH_OB_Lock), (20 bytes).
    Removing stm32l4xx_hal_flash.o(i.HAL_FLASH_OB_Unlock), (36 bytes).
    Removing stm32l4xx_hal_flash.o(i.HAL_FLASH_OperationErrorCallback), (2 bytes).
    Removing stm32l4xx_hal_flash.o(i.HAL_FLASH_Program), (170 bytes).
    Removing stm32l4xx_hal_flash.o(i.HAL_FLASH_Program_IT), (120 bytes).
    Removing stm32l4xx_hal_flash.o(i.HAL_FLASH_Unlock), (40 bytes).
    Removing stm32l4xx_hal_flash.o(.data), (32 bytes).
    Removing stm32l4xx_hal_flash_ex.o(.rev16_text), (4 bytes).
    Removing stm32l4xx_hal_flash_ex.o(.revsh_text), (4 bytes).
    Removing stm32l4xx_hal_flash_ex.o(.rrx_text), (6 bytes).
    Removing stm32l4xx_hal_flash_ex.o(i.FLASH_FlushCaches), (84 bytes).
    Removing stm32l4xx_hal_flash_ex.o(i.FLASH_MassErase), (28 bytes).
    Removing stm32l4xx_hal_flash_ex.o(i.FLASH_OB_PCROPConfig), (104 bytes).
    Removing stm32l4xx_hal_flash_ex.o(i.FLASH_OB_UserConfig), (248 bytes).
    Removing stm32l4xx_hal_flash_ex.o(i.FLASH_PageErase), (40 bytes).
    Removing stm32l4xx_hal_flash_ex.o(i.HAL_FLASHEx_Erase), (230 bytes).
    Removing stm32l4xx_hal_flash_ex.o(i.HAL_FLASHEx_Erase_IT), (148 bytes).
    Removing stm32l4xx_hal_flash_ex.o(i.HAL_FLASHEx_OBGetConfig), (148 bytes).
    Removing stm32l4xx_hal_flash_ex.o(i.HAL_FLASHEx_OBProgram), (278 bytes).
    Removing stm32l4xx_hal_flash_ramfunc.o(.rev16_text), (4 bytes).
    Removing stm32l4xx_hal_flash_ramfunc.o(.revsh_text), (4 bytes).
    Removing stm32l4xx_hal_flash_ramfunc.o(.rrx_text), (6 bytes).
    Removing stm32l4xx_hal_flash_ramfunc.o(i.HAL_FLASHEx_DisableRunPowerDown), (36 bytes).
    Removing stm32l4xx_hal_flash_ramfunc.o(i.HAL_FLASHEx_EnableRunPowerDown), (36 bytes).
    Removing stm32l4xx_hal_gpio.o(.rev16_text), (4 bytes).
    Removing stm32l4xx_hal_gpio.o(.revsh_text), (4 bytes).
    Removing stm32l4xx_hal_gpio.o(.rrx_text), (6 bytes).
    Removing stm32l4xx_hal_gpio.o(i.HAL_GPIO_DeInit), (282 bytes).
    Removing stm32l4xx_hal_gpio.o(i.HAL_GPIO_EXTI_Callback), (2 bytes).
    Removing stm32l4xx_hal_gpio.o(i.HAL_GPIO_EXTI_IRQHandler), (24 bytes).
    Removing stm32l4xx_hal_gpio.o(i.HAL_GPIO_LockPin), (34 bytes).
    Removing stm32l4xx_hal_gpio.o(i.HAL_GPIO_TogglePin), (16 bytes).
    Removing stm32l4xx_hal_gpio.o(i.HAL_GPIO_WritePin), (10 bytes).
    Removing stm32l4xx_hal_dma.o(.rev16_text), (4 bytes).
    Removing stm32l4xx_hal_dma.o(.revsh_text), (4 bytes).
    Removing stm32l4xx_hal_dma.o(.rrx_text), (6 bytes).
    Removing stm32l4xx_hal_dma.o(i.DMA_SetConfig), (46 bytes).
    Removing stm32l4xx_hal_dma.o(i.HAL_DMA_Abort), (74 bytes).
    Removing stm32l4xx_hal_dma.o(i.HAL_DMA_Abort_IT), (78 bytes).
    Removing stm32l4xx_hal_dma.o(i.HAL_DMA_DeInit), (156 bytes).
    Removing stm32l4xx_hal_dma.o(i.HAL_DMA_GetError), (4 bytes).
    Removing stm32l4xx_hal_dma.o(i.HAL_DMA_GetState), (6 bytes).
    Removing stm32l4xx_hal_dma.o(i.HAL_DMA_IRQHandler), (186 bytes).
    Removing stm32l4xx_hal_dma.o(i.HAL_DMA_Init), (192 bytes).
    Removing stm32l4xx_hal_dma.o(i.HAL_DMA_PollForTransfer), (218 bytes).
    Removing stm32l4xx_hal_dma.o(i.HAL_DMA_RegisterCallback), (74 bytes).
    Removing stm32l4xx_hal_dma.o(i.HAL_DMA_Start), (80 bytes).
    Removing stm32l4xx_hal_dma.o(i.HAL_DMA_Start_IT), (112 bytes).
    Removing stm32l4xx_hal_dma.o(i.HAL_DMA_UnRegisterCallback), (82 bytes).
    Removing stm32l4xx_hal_dma_ex.o(.rev16_text), (4 bytes).
    Removing stm32l4xx_hal_dma_ex.o(.revsh_text), (4 bytes).
    Removing stm32l4xx_hal_dma_ex.o(.rrx_text), (6 bytes).
    Removing stm32l4xx_hal_pwr.o(.rev16_text), (4 bytes).
    Removing stm32l4xx_hal_pwr.o(.revsh_text), (4 bytes).
    Removing stm32l4xx_hal_pwr.o(.rrx_text), (6 bytes).
    Removing stm32l4xx_hal_pwr.o(i.HAL_PWR_ConfigPVD), (128 bytes).
    Removing stm32l4xx_hal_pwr.o(i.HAL_PWR_DeInit), (24 bytes).
    Removing stm32l4xx_hal_pwr.o(i.HAL_PWR_DisableBkUpAccess), (16 bytes).
    Removing stm32l4xx_hal_pwr.o(i.HAL_PWR_DisablePVD), (16 bytes).
    Removing stm32l4xx_hal_pwr.o(i.HAL_PWR_DisableSEVOnPend), (16 bytes).
    Removing stm32l4xx_hal_pwr.o(i.HAL_PWR_DisableSleepOnExit), (16 bytes).
    Removing stm32l4xx_hal_pwr.o(i.HAL_PWR_DisableWakeUpPin), (20 bytes).
    Removing stm32l4xx_hal_pwr.o(i.HAL_PWR_EnablePVD), (16 bytes).
    Removing stm32l4xx_hal_pwr.o(i.HAL_PWR_EnableSEVOnPend), (16 bytes).
    Removing stm32l4xx_hal_pwr.o(i.HAL_PWR_EnableSleepOnExit), (16 bytes).
    Removing stm32l4xx_hal_pwr.o(i.HAL_PWR_EnableWakeUpPin), (28 bytes).
    Removing stm32l4xx_hal_pwr.o(i.HAL_PWR_EnterSLEEPMode), (72 bytes).
    Removing stm32l4xx_hal_pwr.o(i.HAL_PWR_EnterSTANDBYMode), (36 bytes).
    Removing stm32l4xx_hal_pwr.o(i.HAL_PWR_EnterSTOPMode), (16 bytes).
    Removing stm32l4xx_hal_pwr.o(i.HAL_PWR_PVDCallback), (2 bytes).
    Removing stm32l4xx_hal_pwr_ex.o(.rev16_text), (4 bytes).
    Removing stm32l4xx_hal_pwr_ex.o(.revsh_text), (4 bytes).
    Removing stm32l4xx_hal_pwr_ex.o(.rrx_text), (6 bytes).
    Removing stm32l4xx_hal_pwr_ex.o(i.HAL_PWREx_ConfigPVM), (304 bytes).
    Removing stm32l4xx_hal_pwr_ex.o(i.HAL_PWREx_DisableBatteryCharging), (16 bytes).
    Removing stm32l4xx_hal_pwr_ex.o(i.HAL_PWREx_DisableGPIOPullDown), (76 bytes).
    Removing stm32l4xx_hal_pwr_ex.o(i.HAL_PWREx_DisableGPIOPullUp), (72 bytes).
    Removing stm32l4xx_hal_pwr_ex.o(i.HAL_PWREx_DisableInternalWakeUpLine), (16 bytes).
    Removing stm32l4xx_hal_pwr_ex.o(i.HAL_PWREx_DisableLowPowerRunMode), (68 bytes).
    Removing stm32l4xx_hal_pwr_ex.o(i.HAL_PWREx_DisablePVM1), (16 bytes).
    Removing stm32l4xx_hal_pwr_ex.o(i.HAL_PWREx_DisablePVM3), (16 bytes).
    Removing stm32l4xx_hal_pwr_ex.o(i.HAL_PWREx_DisablePVM4), (16 bytes).
    Removing stm32l4xx_hal_pwr_ex.o(i.HAL_PWREx_DisablePullUpPullDownConfig), (16 bytes).
    Removing stm32l4xx_hal_pwr_ex.o(i.HAL_PWREx_DisableSRAM2ContentRetention), (6 bytes).
    Removing stm32l4xx_hal_pwr_ex.o(i.HAL_PWREx_DisableVddUSB), (16 bytes).
    Removing stm32l4xx_hal_pwr_ex.o(i.HAL_PWREx_EnableBatteryCharging), (28 bytes).
    Removing stm32l4xx_hal_pwr_ex.o(i.HAL_PWREx_EnableGPIOPullDown), (104 bytes).
    Removing stm32l4xx_hal_pwr_ex.o(i.HAL_PWREx_EnableGPIOPullUp), (104 bytes).
    Removing stm32l4xx_hal_pwr_ex.o(i.HAL_PWREx_EnableInternalWakeUpLine), (16 bytes).
    Removing stm32l4xx_hal_pwr_ex.o(i.HAL_PWREx_EnableLowPowerRunMode), (16 bytes).
    Removing stm32l4xx_hal_pwr_ex.o(i.HAL_PWREx_EnablePVM1), (16 bytes).
    Removing stm32l4xx_hal_pwr_ex.o(i.HAL_PWREx_EnablePVM3), (16 bytes).
    Removing stm32l4xx_hal_pwr_ex.o(i.HAL_PWREx_EnablePVM4), (16 bytes).
    Removing stm32l4xx_hal_pwr_ex.o(i.HAL_PWREx_EnablePullUpPullDownConfig), (16 bytes).
    Removing stm32l4xx_hal_pwr_ex.o(i.HAL_PWREx_EnableSRAM2ContentRetention), (8 bytes).
    Removing stm32l4xx_hal_pwr_ex.o(i.HAL_PWREx_EnableVddUSB), (16 bytes).
    Removing stm32l4xx_hal_pwr_ex.o(i.HAL_PWREx_EnterSHUTDOWNMode), (36 bytes).
    Removing stm32l4xx_hal_pwr_ex.o(i.HAL_PWREx_EnterSTOP0Mode), (52 bytes).
    Removing stm32l4xx_hal_pwr_ex.o(i.HAL_PWREx_EnterSTOP1Mode), (56 bytes).
    Removing stm32l4xx_hal_pwr_ex.o(i.HAL_PWREx_EnterSTOP2Mode), (56 bytes).
    Removing stm32l4xx_hal_pwr_ex.o(i.HAL_PWREx_PVD_PVM_IRQHandler), (72 bytes).
    Removing stm32l4xx_hal_pwr_ex.o(i.HAL_PWREx_PVM1Callback), (2 bytes).
    Removing stm32l4xx_hal_pwr_ex.o(i.HAL_PWREx_PVM3Callback), (2 bytes).
    Removing stm32l4xx_hal_pwr_ex.o(i.HAL_PWREx_PVM4Callback), (2 bytes).
    Removing stm32l4xx_hal_pwr_ex.o(i.HAL_PWREx_SetSRAM2ContentRetention), (40 bytes).
    Removing stm32l4xx_hal_cortex.o(.rev16_text), (4 bytes).
    Removing stm32l4xx_hal_cortex.o(.revsh_text), (4 bytes).
    Removing stm32l4xx_hal_cortex.o(.rrx_text), (6 bytes).
    Removing stm32l4xx_hal_cortex.o(i.HAL_MPU_ConfigRegion), (84 bytes).
    Removing stm32l4xx_hal_cortex.o(i.HAL_MPU_Disable), (16 bytes).
    Removing stm32l4xx_hal_cortex.o(i.HAL_MPU_Enable), (24 bytes).
    Removing stm32l4xx_hal_cortex.o(i.HAL_NVIC_ClearPendingIRQ), (26 bytes).
    Removing stm32l4xx_hal_cortex.o(i.HAL_NVIC_DisableIRQ), (34 bytes).
    Removing stm32l4xx_hal_cortex.o(i.HAL_NVIC_EnableIRQ), (26 bytes).
    Removing stm32l4xx_hal_cortex.o(i.HAL_NVIC_GetActive), (36 bytes).
    Removing stm32l4xx_hal_cortex.o(i.HAL_NVIC_GetPendingIRQ), (36 bytes).
    Removing stm32l4xx_hal_cortex.o(i.HAL_NVIC_GetPriority), (82 bytes).
    Removing stm32l4xx_hal_cortex.o(i.HAL_NVIC_GetPriorityGrouping), (16 bytes).
    Removing stm32l4xx_hal_cortex.o(i.HAL_NVIC_SetPendingIRQ), (26 bytes).
    Removing stm32l4xx_hal_cortex.o(i.HAL_NVIC_SystemReset), (36 bytes).
    Removing stm32l4xx_hal_cortex.o(i.HAL_SYSTICK_CLKSourceConfig), (24 bytes).
    Removing stm32l4xx_hal_cortex.o(i.HAL_SYSTICK_Callback), (2 bytes).
    Removing stm32l4xx_hal_cortex.o(i.HAL_SYSTICK_IRQHandler), (8 bytes).
    Removing stm32l4xx_hal_exti.o(.rev16_text), (4 bytes).
    Removing stm32l4xx_hal_exti.o(.revsh_text), (4 bytes).
    Removing stm32l4xx_hal_exti.o(.rrx_text), (6 bytes).
    Removing stm32l4xx_hal_exti.o(i.HAL_EXTI_ClearConfigLine), (128 bytes).
    Removing stm32l4xx_hal_exti.o(i.HAL_EXTI_ClearPending), (28 bytes).
    Removing stm32l4xx_hal_exti.o(i.HAL_EXTI_GenerateSWI), (28 bytes).
    Removing stm32l4xx_hal_exti.o(i.HAL_EXTI_GetConfigLine), (172 bytes).
    Removing stm32l4xx_hal_exti.o(i.HAL_EXTI_GetHandle), (12 bytes).
    Removing stm32l4xx_hal_exti.o(i.HAL_EXTI_GetPending), (32 bytes).
    Removing stm32l4xx_hal_exti.o(i.HAL_EXTI_IRQHandler), (44 bytes).
    Removing stm32l4xx_hal_exti.o(i.HAL_EXTI_RegisterCallback), (14 bytes).
    Removing stm32l4xx_hal_exti.o(i.HAL_EXTI_SetConfigLine), (176 bytes).
    Removing stm32l4xx_hal_tim.o(.rev16_text), (4 bytes).
    Removing stm32l4xx_hal_tim.o(.revsh_text), (4 bytes).
    Removing stm32l4xx_hal_tim.o(.rrx_text), (6 bytes).
    Removing stm32l4xx_hal_tim_ex.o(.rev16_text), (4 bytes).
    Removing stm32l4xx_hal_tim_ex.o(.revsh_text), (4 bytes).
    Removing stm32l4xx_hal_tim_ex.o(.rrx_text), (6 bytes).
    Removing system_stm32l4xx.o(.rev16_text), (4 bytes).
    Removing system_stm32l4xx.o(.revsh_text), (4 bytes).
    Removing system_stm32l4xx.o(.rrx_text), (6 bytes).
    Removing system_stm32l4xx.o(i.SystemCoreClockUpdate), (168 bytes).
    Removing system_stm32l4xx.o(.constdata), (8 bytes).

346 unused section(s) (total 30177 bytes) removed from the image.

==============================================================================

Image Symbol Table

    Local Symbols

    Symbol Name                              Value     Ov Type        Size  Object(Section)

    ../Core/Src/main.c                       0x00000000   Number         0  main.o ABSOLUTE
    ../Core/Src/stm32l4xx_hal_msp.c          0x00000000   Number         0  stm32l4xx_hal_msp.o ABSOLUTE
    ../Core/Src/stm32l4xx_it.c               0x00000000   Number         0  stm32l4xx_it.o ABSOLUTE
    ../Core/Src/system_stm32l4xx.c           0x00000000   Number         0  system_stm32l4xx.o ABSOLUTE
    ../Drivers/STM32L4xx_HAL_Driver/Src/stm32l4xx_hal.c 0x00000000   Number         0  stm32l4xx_hal.o ABSOLUTE
    ../Drivers/STM32L4xx_HAL_Driver/Src/stm32l4xx_hal_cortex.c 0x00000000   Number         0  stm32l4xx_hal_cortex.o ABSOLUTE
    ../Drivers/STM32L4xx_HAL_Driver/Src/stm32l4xx_hal_dma.c 0x00000000   Number         0  stm32l4xx_hal_dma.o ABSOLUTE
    ../Drivers/STM32L4xx_HAL_Driver/Src/stm32l4xx_hal_dma_ex.c 0x00000000   Number         0  stm32l4xx_hal_dma_ex.o ABSOLUTE
    ../Drivers/STM32L4xx_HAL_Driver/Src/stm32l4xx_hal_exti.c 0x00000000   Number         0  stm32l4xx_hal_exti.o ABSOLUTE
    ../Drivers/STM32L4xx_HAL_Driver/Src/stm32l4xx_hal_flash.c 0x00000000   Number         0  stm32l4xx_hal_flash.o ABSOLUTE
    ../Drivers/STM32L4xx_HAL_Driver/Src/stm32l4xx_hal_flash_ex.c 0x00000000   Number         0  stm32l4xx_hal_flash_ex.o ABSOLUTE
    ../Drivers/STM32L4xx_HAL_Driver/Src/stm32l4xx_hal_flash_ramfunc.c 0x00000000   Number         0  stm32l4xx_hal_flash_ramfunc.o ABSOLUTE
    ../Drivers/STM32L4xx_HAL_Driver/Src/stm32l4xx_hal_gpio.c 0x00000000   Number         0  stm32l4xx_hal_gpio.o ABSOLUTE
    ../Drivers/STM32L4xx_HAL_Driver/Src/stm32l4xx_hal_i2c.c 0x00000000   Number         0  stm32l4xx_hal_i2c.o ABSOLUTE
    ../Drivers/STM32L4xx_HAL_Driver/Src/stm32l4xx_hal_i2c_ex.c 0x00000000   Number         0  stm32l4xx_hal_i2c_ex.o ABSOLUTE
    ../Drivers/STM32L4xx_HAL_Driver/Src/stm32l4xx_hal_pwr.c 0x00000000   Number         0  stm32l4xx_hal_pwr.o ABSOLUTE
    ../Drivers/STM32L4xx_HAL_Driver/Src/stm32l4xx_hal_pwr_ex.c 0x00000000   Number         0  stm32l4xx_hal_pwr_ex.o ABSOLUTE
    ../Drivers/STM32L4xx_HAL_Driver/Src/stm32l4xx_hal_rcc.c 0x00000000   Number         0  stm32l4xx_hal_rcc.o ABSOLUTE
    ../Drivers/STM32L4xx_HAL_Driver/Src/stm32l4xx_hal_rcc_ex.c 0x00000000   Number         0  stm32l4xx_hal_rcc_ex.o ABSOLUTE
    ../Drivers/STM32L4xx_HAL_Driver/Src/stm32l4xx_hal_tim.c 0x00000000   Number         0  stm32l4xx_hal_tim.o ABSOLUTE
    ../Drivers/STM32L4xx_HAL_Driver/Src/stm32l4xx_hal_tim_ex.c 0x00000000   Number         0  stm32l4xx_hal_tim_ex.o ABSOLUTE
    ../clib/microlib/init/entry.s            0x00000000   Number         0  entry9a.o ABSOLUTE
    ../clib/microlib/init/entry.s            0x00000000   Number         0  entry8b.o ABSOLUTE
    ../clib/microlib/init/entry.s            0x00000000   Number         0  entry9b.o ABSOLUTE
    ../clib/microlib/init/entry.s            0x00000000   Number         0  entry7b.o ABSOLUTE
    ../clib/microlib/init/entry.s            0x00000000   Number         0  entry7a.o ABSOLUTE
    ../clib/microlib/init/entry.s            0x00000000   Number         0  entry5.o ABSOLUTE
    ../clib/microlib/init/entry.s            0x00000000   Number         0  entry2.o ABSOLUTE
    ../clib/microlib/init/entry.s            0x00000000   Number         0  entry8a.o ABSOLUTE
    ../clib/microlib/init/entry.s            0x00000000   Number         0  entry12b.o ABSOLUTE
    ../clib/microlib/init/entry.s            0x00000000   Number         0  entry10a.o ABSOLUTE
    ../clib/microlib/init/entry.s            0x00000000   Number         0  entry.o ABSOLUTE
    ../clib/microlib/init/entry.s            0x00000000   Number         0  entry10b.o ABSOLUTE
    ../clib/microlib/init/entry.s            0x00000000   Number         0  entry11a.o ABSOLUTE
    ../clib/microlib/init/entry.s            0x00000000   Number         0  entry11b.o ABSOLUTE
    ../clib/microlib/init/entry.s            0x00000000   Number         0  entry12a.o ABSOLUTE
    ../clib/microlib/string/memset.c         0x00000000   Number         0  memseta.o ABSOLUTE
    ../clib/microlib/string/strlen.c         0x00000000   Number         0  strlen.o ABSOLUTE
    ..\Core\Src\fonts.c                      0x00000000   Number         0  fonts.o ABSOLUTE
    ..\Core\Src\main.c                       0x00000000   Number         0  main.o ABSOLUTE
    ..\Core\Src\ssd1306.c                    0x00000000   Number         0  ssd1306.o ABSOLUTE
    ..\Core\Src\stm32l4xx_hal_msp.c          0x00000000   Number         0  stm32l4xx_hal_msp.o ABSOLUTE
    ..\Core\Src\stm32l4xx_it.c               0x00000000   Number         0  stm32l4xx_it.o ABSOLUTE
    ..\Core\Src\system_stm32l4xx.c           0x00000000   Number         0  system_stm32l4xx.o ABSOLUTE
    ..\Drivers\STM32L4xx_HAL_Driver\Src\stm32l4xx_hal.c 0x00000000   Number         0  stm32l4xx_hal.o ABSOLUTE
    ..\Drivers\STM32L4xx_HAL_Driver\Src\stm32l4xx_hal_cortex.c 0x00000000   Number         0  stm32l4xx_hal_cortex.o ABSOLUTE
    ..\Drivers\STM32L4xx_HAL_Driver\Src\stm32l4xx_hal_dma.c 0x00000000   Number         0  stm32l4xx_hal_dma.o ABSOLUTE
    ..\Drivers\STM32L4xx_HAL_Driver\Src\stm32l4xx_hal_dma_ex.c 0x00000000   Number         0  stm32l4xx_hal_dma_ex.o ABSOLUTE
    ..\Drivers\STM32L4xx_HAL_Driver\Src\stm32l4xx_hal_exti.c 0x00000000   Number         0  stm32l4xx_hal_exti.o ABSOLUTE
    ..\Drivers\STM32L4xx_HAL_Driver\Src\stm32l4xx_hal_flash.c 0x00000000   Number         0  stm32l4xx_hal_flash.o ABSOLUTE
    ..\Drivers\STM32L4xx_HAL_Driver\Src\stm32l4xx_hal_flash_ex.c 0x00000000   Number         0  stm32l4xx_hal_flash_ex.o ABSOLUTE
    ..\Drivers\STM32L4xx_HAL_Driver\Src\stm32l4xx_hal_flash_ramfunc.c 0x00000000   Number         0  stm32l4xx_hal_flash_ramfunc.o ABSOLUTE
    ..\Drivers\STM32L4xx_HAL_Driver\Src\stm32l4xx_hal_gpio.c 0x00000000   Number         0  stm32l4xx_hal_gpio.o ABSOLUTE
    ..\Drivers\STM32L4xx_HAL_Driver\Src\stm32l4xx_hal_i2c.c 0x00000000   Number         0  stm32l4xx_hal_i2c.o ABSOLUTE
    ..\Drivers\STM32L4xx_HAL_Driver\Src\stm32l4xx_hal_i2c_ex.c 0x00000000   Number         0  stm32l4xx_hal_i2c_ex.o ABSOLUTE
    ..\Drivers\STM32L4xx_HAL_Driver\Src\stm32l4xx_hal_pwr.c 0x00000000   Number         0  stm32l4xx_hal_pwr.o ABSOLUTE
    ..\Drivers\STM32L4xx_HAL_Driver\Src\stm32l4xx_hal_pwr_ex.c 0x00000000   Number         0  stm32l4xx_hal_pwr_ex.o ABSOLUTE
    ..\Drivers\STM32L4xx_HAL_Driver\Src\stm32l4xx_hal_rcc.c 0x00000000   Number         0  stm32l4xx_hal_rcc.o ABSOLUTE
    ..\Drivers\STM32L4xx_HAL_Driver\Src\stm32l4xx_hal_rcc_ex.c 0x00000000   Number         0  stm32l4xx_hal_rcc_ex.o ABSOLUTE
    ..\Drivers\STM32L4xx_HAL_Driver\Src\stm32l4xx_hal_tim.c 0x00000000   Number         0  stm32l4xx_hal_tim.o ABSOLUTE
    ..\Drivers\STM32L4xx_HAL_Driver\Src\stm32l4xx_hal_tim_ex.c 0x00000000   Number         0  stm32l4xx_hal_tim_ex.o ABSOLUTE
    ..\\Core\\Src\\fonts.c                   0x00000000   Number         0  fonts.o ABSOLUTE
    ..\\Core\\Src\\ssd1306.c                 0x00000000   Number         0  ssd1306.o ABSOLUTE
    dc.s                                     0x00000000   Number         0  dc.o ABSOLUTE
    handlers.s                               0x00000000   Number         0  handlers.o ABSOLUTE
    init.s                                   0x00000000   Number         0  init.o ABSOLUTE
    startup_stm32l432xx.s                    0x00000000   Number         0  startup_stm32l432xx.o ABSOLUTE
    RESET                                    0x08000000   Section      396  startup_stm32l432xx.o(RESET)
    .ARM.Collect$$$$00000000                 0x0800018c   Section        0  entry.o(.ARM.Collect$$$$00000000)
    .ARM.Collect$$$$00000001                 0x0800018c   Section        4  entry2.o(.ARM.Collect$$$$00000001)
    .ARM.Collect$$$$00000004                 0x08000190   Section        4  entry5.o(.ARM.Collect$$$$00000004)
    .ARM.Collect$$$$00000008                 0x08000194   Section        0  entry7b.o(.ARM.Collect$$$$00000008)
    .ARM.Collect$$$$0000000A                 0x08000194   Section        0  entry8b.o(.ARM.Collect$$$$0000000A)
    .ARM.Collect$$$$0000000B                 0x08000194   Section        8  entry9a.o(.ARM.Collect$$$$0000000B)
    .ARM.Collect$$$$0000000E                 0x0800019c   Section        4  entry12b.o(.ARM.Collect$$$$0000000E)
    .ARM.Collect$$$$0000000F                 0x080001a0   Section        0  entry10a.o(.ARM.Collect$$$$0000000F)
    .ARM.Collect$$$$00000011                 0x080001a0   Section        0  entry11a.o(.ARM.Collect$$$$00000011)
    .ARM.Collect$$$$00002712                 0x080001a0   Section        4  entry2.o(.ARM.Collect$$$$00002712)
    __lit__00000000                          0x080001a0   Data           4  entry2.o(.ARM.Collect$$$$00002712)
    .text                                    0x080001a4   Section       36  startup_stm32l432xx.o(.text)
    $v0                                      0x080001a4   Number         0  startup_stm32l432xx.o(.text)
    .text                                    0x080001c8   Section        0  memseta.o(.text)
    .text                                    0x080001ec   Section       36  init.o(.text)
    i.BusFault_Handler                       0x08000210   Section        0  stm32l4xx_it.o(i.BusFault_Handler)
    i.DebugMon_Handler                       0x08000212   Section        0  stm32l4xx_it.o(i.DebugMon_Handler)
    i.HAL_Delay                              0x08000214   Section        0  stm32l4xx_hal.o(i.HAL_Delay)
    i.HAL_GPIO_Init                          0x08000238   Section        0  stm32l4xx_hal_gpio.o(i.HAL_GPIO_Init)
    i.HAL_GPIO_ReadPin                       0x080003da   Section        0  stm32l4xx_hal_gpio.o(i.HAL_GPIO_ReadPin)
    i.HAL_GetTick                            0x080003e4   Section        0  stm32l4xx_hal.o(i.HAL_GetTick)
    i.HAL_I2CEx_ConfigAnalogFilter           0x080003f0   Section        0  stm32l4xx_hal_i2c_ex.o(i.HAL_I2CEx_ConfigAnalogFilter)
    i.HAL_I2CEx_ConfigDigitalFilter          0x08000446   Section        0  stm32l4xx_hal_i2c_ex.o(i.HAL_I2CEx_ConfigDigitalFilter)
    i.HAL_I2C_Init                           0x08000498   Section        0  stm32l4xx_hal_i2c.o(i.HAL_I2C_Init)
    i.HAL_I2C_IsDeviceReady                  0x08000550   Section        0  stm32l4xx_hal_i2c.o(i.HAL_I2C_IsDeviceReady)
    i.HAL_I2C_Master_Transmit                0x0800067c   Section        0  stm32l4xx_hal_i2c.o(i.HAL_I2C_Master_Transmit)
    i.HAL_I2C_MspInit                        0x080007a8   Section        0  stm32l4xx_hal_msp.o(i.HAL_I2C_MspInit)
    i.HAL_IncTick                            0x0800080c   Section        0  stm32l4xx_hal.o(i.HAL_IncTick)
    i.HAL_Init                               0x0800081c   Section        0  stm32l4xx_hal.o(i.HAL_Init)
    i.HAL_InitTick                           0x0800083c   Section        0  stm32l4xx_hal.o(i.HAL_InitTick)
    i.HAL_MspInit                            0x08000880   Section        0  stm32l4xx_hal_msp.o(i.HAL_MspInit)
    i.HAL_NVIC_SetPriority                   0x080008ac   Section        0  stm32l4xx_hal_cortex.o(i.HAL_NVIC_SetPriority)
    i.HAL_NVIC_SetPriorityGrouping           0x080008ec   Section        0  stm32l4xx_hal_cortex.o(i.HAL_NVIC_SetPriorityGrouping)
    i.HAL_PWREx_ControlVoltageScaling        0x08000910   Section        0  stm32l4xx_hal_pwr_ex.o(i.HAL_PWREx_ControlVoltageScaling)
    i.HAL_PWREx_GetVoltageRange              0x08000978   Section        0  stm32l4xx_hal_pwr_ex.o(i.HAL_PWREx_GetVoltageRange)
    i.HAL_PWR_EnableBkUpAccess               0x08000988   Section        0  stm32l4xx_hal_pwr.o(i.HAL_PWR_EnableBkUpAccess)
    i.HAL_RCCEx_EnableMSIPLLMode             0x08000998   Section        0  stm32l4xx_hal_rcc_ex.o(i.HAL_RCCEx_EnableMSIPLLMode)
    i.HAL_RCCEx_PeriphCLKConfig              0x080009a8   Section        0  stm32l4xx_hal_rcc_ex.o(i.HAL_RCCEx_PeriphCLKConfig)
    i.HAL_RCC_ClockConfig                    0x08000c34   Section        0  stm32l4xx_hal_rcc.o(i.HAL_RCC_ClockConfig)
    i.HAL_RCC_GetSysClockFreq                0x08000d54   Section        0  stm32l4xx_hal_rcc.o(i.HAL_RCC_GetSysClockFreq)
    i.HAL_RCC_OscConfig                      0x08000df8   Section        0  stm32l4xx_hal_rcc.o(i.HAL_RCC_OscConfig)
    i.HAL_SYSTICK_Config                     0x08001364   Section        0  stm32l4xx_hal_cortex.o(i.HAL_SYSTICK_Config)
    i.HardFault_Handler                      0x0800138c   Section        0  stm32l4xx_it.o(i.HardFault_Handler)
    i.I2C_Flush_TXDR                         0x0800138e   Section        0  stm32l4xx_hal_i2c.o(i.I2C_Flush_TXDR)
    I2C_Flush_TXDR                           0x0800138f   Thumb Code    34  stm32l4xx_hal_i2c.o(i.I2C_Flush_TXDR)
    i.I2C_IsAcknowledgeFailed                0x080013b0   Section        0  stm32l4xx_hal_i2c.o(i.I2C_IsAcknowledgeFailed)
    I2C_IsAcknowledgeFailed                  0x080013b1   Thumb Code   128  stm32l4xx_hal_i2c.o(i.I2C_IsAcknowledgeFailed)
    i.I2C_TransferConfig                     0x08001434   Section        0  stm32l4xx_hal_i2c.o(i.I2C_TransferConfig)
    I2C_TransferConfig                       0x08001435   Thumb Code    40  stm32l4xx_hal_i2c.o(i.I2C_TransferConfig)
    i.I2C_WaitOnFlagUntilTimeout             0x08001460   Section        0  stm32l4xx_hal_i2c.o(i.I2C_WaitOnFlagUntilTimeout)
    I2C_WaitOnFlagUntilTimeout               0x08001461   Thumb Code    88  stm32l4xx_hal_i2c.o(i.I2C_WaitOnFlagUntilTimeout)
    i.I2C_WaitOnSTOPFlagUntilTimeout         0x080014b8   Section        0  stm32l4xx_hal_i2c.o(i.I2C_WaitOnSTOPFlagUntilTimeout)
    I2C_WaitOnSTOPFlagUntilTimeout           0x080014b9   Thumb Code    76  stm32l4xx_hal_i2c.o(i.I2C_WaitOnSTOPFlagUntilTimeout)
    i.I2C_WaitOnTXISFlagUntilTimeout         0x08001504   Section        0  stm32l4xx_hal_i2c.o(i.I2C_WaitOnTXISFlagUntilTimeout)
    I2C_WaitOnTXISFlagUntilTimeout           0x08001505   Thumb Code    80  stm32l4xx_hal_i2c.o(i.I2C_WaitOnTXISFlagUntilTimeout)
    i.MX_I2C1_Init                           0x08001554   Section        0  main.o(i.MX_I2C1_Init)
    MX_I2C1_Init                             0x08001555   Thumb Code    72  main.o(i.MX_I2C1_Init)
    i.MemManage_Handler                      0x080015a4   Section        0  stm32l4xx_it.o(i.MemManage_Handler)
    i.NMI_Handler                            0x080015a6   Section        0  stm32l4xx_it.o(i.NMI_Handler)
    i.PendSV_Handler                         0x080015a8   Section        0  stm32l4xx_it.o(i.PendSV_Handler)
    i.RCCEx_PLLSAI1_Config                   0x080015ac   Section        0  stm32l4xx_hal_rcc_ex.o(i.RCCEx_PLLSAI1_Config)
    RCCEx_PLLSAI1_Config                     0x080015ad   Thumb Code   278  stm32l4xx_hal_rcc_ex.o(i.RCCEx_PLLSAI1_Config)
    i.RCC_SetFlashLatencyFromMSIRange        0x080016d8   Section        0  stm32l4xx_hal_rcc.o(i.RCC_SetFlashLatencyFromMSIRange)
    RCC_SetFlashLatencyFromMSIRange          0x080016d9   Thumb Code   116  stm32l4xx_hal_rcc.o(i.RCC_SetFlashLatencyFromMSIRange)
    i.SSD1306_Clear                          0x08001754   Section        0  ssd1306.o(i.SSD1306_Clear)
    i.SSD1306_DrawPixel                      0x08001764   Section        0  ssd1306.o(i.SSD1306_DrawPixel)
    i.SSD1306_Fill                           0x080017a4   Section        0  ssd1306.o(i.SSD1306_Fill)
    i.SSD1306_GotoXY                         0x080017bc   Section        0  ssd1306.o(i.SSD1306_GotoXY)
    i.SSD1306_Init                           0x080017c8   Section        0  ssd1306.o(i.SSD1306_Init)
    i.SSD1306_Putc                           0x08001930   Section        0  ssd1306.o(i.SSD1306_Putc)
    i.SSD1306_Puts                           0x080019d0   Section        0  ssd1306.o(i.SSD1306_Puts)
    i.SSD1306_UpdateScreen                   0x080019f8   Section        0  ssd1306.o(i.SSD1306_UpdateScreen)
    i.SVC_Handler                            0x08001a40   Section        0  stm32l4xx_it.o(i.SVC_Handler)
    i.SysTick_Handler                        0x08001a42   Section        0  stm32l4xx_it.o(i.SysTick_Handler)
    i.SystemClock_Config                     0x08001a48   Section        0  main.o(i.SystemClock_Config)
    i.SystemInit                             0x08001adc   Section        0  system_stm32l4xx.o(i.SystemInit)
    i.UsageFault_Handler                     0x08001b20   Section        0  stm32l4xx_it.o(i.UsageFault_Handler)
    i.__NVIC_SetPriority                     0x08001b22   Section        0  stm32l4xx_hal_cortex.o(i.__NVIC_SetPriority)
    __NVIC_SetPriority                       0x08001b23   Thumb Code    32  stm32l4xx_hal_cortex.o(i.__NVIC_SetPriority)
    i.__scatterload_copy                     0x08001b42   Section       14  handlers.o(i.__scatterload_copy)
    i.__scatterload_null                     0x08001b50   Section        2  handlers.o(i.__scatterload_null)
    i.__scatterload_zeroinit                 0x08001b52   Section       14  handlers.o(i.__scatterload_zeroinit)
    i.main                                   0x08001b60   Section        0  main.o(i.main)
    i.ssd1306_I2C_Init                       0x08001c74   Section        0  ssd1306.o(i.ssd1306_I2C_Init)
    i.ssd1306_I2C_Write                      0x08001c80   Section        0  ssd1306.o(i.ssd1306_I2C_Write)
    i.ssd1306_I2C_WriteMulti                 0x08001ca0   Section        0  ssd1306.o(i.ssd1306_I2C_WriteMulti)
    .constdata                               0x08001cd8   Section     3420  fonts.o(.constdata)
    .constdata                               0x08002a34   Section       64  system_stm32l4xx.o(.constdata)
    .data                                    0x20000000   Section        8  fonts.o(.data)
    .data                                    0x20000008   Section        6  ssd1306.o(.data)
    SSD1306                                  0x20000008   Data           6  ssd1306.o(.data)
    .data                                    0x20000010   Section       12  stm32l4xx_hal.o(.data)
    .data                                    0x2000001c   Section        4  system_stm32l4xx.o(.data)
    .bss                                     0x20000020   Section     1024  ssd1306.o(.bss)
    SSD1306_Buffer                           0x20000020   Data        1024  ssd1306.o(.bss)
    .bss                                     0x20000420   Section       76  main.o(.bss)
    STACK                                    0x20000470   Section     1024  startup_stm32l432xx.o(STACK)

    Global Symbols

    Symbol Name                              Value     Ov Type        Size  Object(Section)

    BuildAttributes$$THM_ISAv4$E$P$D$K$B$S$7EM$VFPi3$EXTD16$VFPS$VFMA$PE$A:L22UL41UL21$X:L11$S22US41US21$IEEE1$IW$USESV6$~STKCKD$USESV7$~SHL$OSPACE$EBA8$MICROLIB$REQ8$PRES8$EABIv2 0x00000000   Number         0  anon$$obj.o ABSOLUTE
    __ARM_use_no_argv                        0x00000000   Number         0  main.o ABSOLUTE
    __arm_fini_                               - Undefined Weak Reference
    __cpp_initialize__aeabi_                  - Undefined Weak Reference
    __cxa_finalize                            - Undefined Weak Reference
    __decompress                              - Undefined Weak Reference
    _clock_init                               - Undefined Weak Reference
    _microlib_exit                            - Undefined Weak Reference
    __Vectors_Size                           0x0000018c   Number         0  startup_stm32l432xx.o ABSOLUTE
    __Vectors                                0x08000000   Data           4  startup_stm32l432xx.o(RESET)
    __Vectors_End                            0x0800018c   Data           0  startup_stm32l432xx.o(RESET)
    __main                                   0x0800018d   Thumb Code     0  entry.o(.ARM.Collect$$$$00000000)
    _main_stk                                0x0800018d   Thumb Code     0  entry2.o(.ARM.Collect$$$$00000001)
    _main_scatterload                        0x08000191   Thumb Code     0  entry5.o(.ARM.Collect$$$$00000004)
    __main_after_scatterload                 0x08000195   Thumb Code     0  entry5.o(.ARM.Collect$$$$00000004)
    _main_clock                              0x08000195   Thumb Code     0  entry7b.o(.ARM.Collect$$$$00000008)
    _main_cpp_init                           0x08000195   Thumb Code     0  entry8b.o(.ARM.Collect$$$$0000000A)
    _main_init                               0x08000195   Thumb Code     0  entry9a.o(.ARM.Collect$$$$0000000B)
    __rt_lib_shutdown_fini                   0x0800019d   Thumb Code     0  entry12b.o(.ARM.Collect$$$$0000000E)
    __rt_final_cpp                           0x080001a1   Thumb Code     0  entry10a.o(.ARM.Collect$$$$0000000F)
    __rt_final_exit                          0x080001a1   Thumb Code     0  entry11a.o(.ARM.Collect$$$$00000011)
    Reset_Handler                            0x080001a5   Thumb Code     8  startup_stm32l432xx.o(.text)
    ADC1_IRQHandler                          0x080001bf   Thumb Code     0  startup_stm32l432xx.o(.text)
    CAN1_RX0_IRQHandler                      0x080001bf   Thumb Code     0  startup_stm32l432xx.o(.text)
    CAN1_RX1_IRQHandler                      0x080001bf   Thumb Code     0  startup_stm32l432xx.o(.text)
    CAN1_SCE_IRQHandler                      0x080001bf   Thumb Code     0  startup_stm32l432xx.o(.text)
    CAN1_TX_IRQHandler                       0x080001bf   Thumb Code     0  startup_stm32l432xx.o(.text)
    COMP_IRQHandler                          0x080001bf   Thumb Code     0  startup_stm32l432xx.o(.text)
    CRS_IRQHandler                           0x080001bf   Thumb Code     0  startup_stm32l432xx.o(.text)
    DMA1_Channel1_IRQHandler                 0x080001bf   Thumb Code     0  startup_stm32l432xx.o(.text)
    DMA1_Channel2_IRQHandler                 0x080001bf   Thumb Code     0  startup_stm32l432xx.o(.text)
    DMA1_Channel3_IRQHandler                 0x080001bf   Thumb Code     0  startup_stm32l432xx.o(.text)
    DMA1_Channel4_IRQHandler                 0x080001bf   Thumb Code     0  startup_stm32l432xx.o(.text)
    DMA1_Channel5_IRQHandler                 0x080001bf   Thumb Code     0  startup_stm32l432xx.o(.text)
    DMA1_Channel6_IRQHandler                 0x080001bf   Thumb Code     0  startup_stm32l432xx.o(.text)
    DMA1_Channel7_IRQHandler                 0x080001bf   Thumb Code     0  startup_stm32l432xx.o(.text)
    DMA2_Channel1_IRQHandler                 0x080001bf   Thumb Code     0  startup_stm32l432xx.o(.text)
    DMA2_Channel2_IRQHandler                 0x080001bf   Thumb Code     0  startup_stm32l432xx.o(.text)
    DMA2_Channel3_IRQHandler                 0x080001bf   Thumb Code     0  startup_stm32l432xx.o(.text)
    DMA2_Channel4_IRQHandler                 0x080001bf   Thumb Code     0  startup_stm32l432xx.o(.text)
    DMA2_Channel5_IRQHandler                 0x080001bf   Thumb Code     0  startup_stm32l432xx.o(.text)
    DMA2_Channel6_IRQHandler                 0x080001bf   Thumb Code     0  startup_stm32l432xx.o(.text)
    DMA2_Channel7_IRQHandler                 0x080001bf   Thumb Code     0  startup_stm32l432xx.o(.text)
    EXTI0_IRQHandler                         0x080001bf   Thumb Code     0  startup_stm32l432xx.o(.text)
    EXTI15_10_IRQHandler                     0x080001bf   Thumb Code     0  startup_stm32l432xx.o(.text)
    EXTI1_IRQHandler                         0x080001bf   Thumb Code     0  startup_stm32l432xx.o(.text)
    EXTI2_IRQHandler                         0x080001bf   Thumb Code     0  startup_stm32l432xx.o(.text)
    EXTI3_IRQHandler                         0x080001bf   Thumb Code     0  startup_stm32l432xx.o(.text)
    EXTI4_IRQHandler                         0x080001bf   Thumb Code     0  startup_stm32l432xx.o(.text)
    EXTI9_5_IRQHandler                       0x080001bf   Thumb Code     0  startup_stm32l432xx.o(.text)
    FLASH_IRQHandler                         0x080001bf   Thumb Code     0  startup_stm32l432xx.o(.text)
    FPU_IRQHandler                           0x080001bf   Thumb Code     0  startup_stm32l432xx.o(.text)
    I2C1_ER_IRQHandler                       0x080001bf   Thumb Code     0  startup_stm32l432xx.o(.text)
    I2C1_EV_IRQHandler                       0x080001bf   Thumb Code     0  startup_stm32l432xx.o(.text)
    I2C3_ER_IRQHandler                       0x080001bf   Thumb Code     0  startup_stm32l432xx.o(.text)
    I2C3_EV_IRQHandler                       0x080001bf   Thumb Code     0  startup_stm32l432xx.o(.text)
    LPTIM1_IRQHandler                        0x080001bf   Thumb Code     0  startup_stm32l432xx.o(.text)
    LPTIM2_IRQHandler                        0x080001bf   Thumb Code     0  startup_stm32l432xx.o(.text)
    LPUART1_IRQHandler                       0x080001bf   Thumb Code     0  startup_stm32l432xx.o(.text)
    PVD_PVM_IRQHandler                       0x080001bf   Thumb Code     0  startup_stm32l432xx.o(.text)
    QUADSPI_IRQHandler                       0x080001bf   Thumb Code     0  startup_stm32l432xx.o(.text)
    RCC_IRQHandler                           0x080001bf   Thumb Code     0  startup_stm32l432xx.o(.text)
    RNG_IRQHandler                           0x080001bf   Thumb Code     0  startup_stm32l432xx.o(.text)
    RTC_Alarm_IRQHandler                     0x080001bf   Thumb Code     0  startup_stm32l432xx.o(.text)
    RTC_WKUP_IRQHandler                      0x080001bf   Thumb Code     0  startup_stm32l432xx.o(.text)
    SAI1_IRQHandler                          0x080001bf   Thumb Code     0  startup_stm32l432xx.o(.text)
    SPI1_IRQHandler                          0x080001bf   Thumb Code     0  startup_stm32l432xx.o(.text)
    SPI3_IRQHandler                          0x080001bf   Thumb Code     0  startup_stm32l432xx.o(.text)
    SWPMI1_IRQHandler                        0x080001bf   Thumb Code     0  startup_stm32l432xx.o(.text)
    TAMP_STAMP_IRQHandler                    0x080001bf   Thumb Code     0  startup_stm32l432xx.o(.text)
    TIM1_BRK_TIM15_IRQHandler                0x080001bf   Thumb Code     0  startup_stm32l432xx.o(.text)
    TIM1_CC_IRQHandler                       0x080001bf   Thumb Code     0  startup_stm32l432xx.o(.text)
    TIM1_TRG_COM_IRQHandler                  0x080001bf   Thumb Code     0  startup_stm32l432xx.o(.text)
    TIM1_UP_TIM16_IRQHandler                 0x080001bf   Thumb Code     0  startup_stm32l432xx.o(.text)
    TIM2_IRQHandler                          0x080001bf   Thumb Code     0  startup_stm32l432xx.o(.text)
    TIM6_DAC_IRQHandler                      0x080001bf   Thumb Code     0  startup_stm32l432xx.o(.text)
    TIM7_IRQHandler                          0x080001bf   Thumb Code     0  startup_stm32l432xx.o(.text)
    TSC_IRQHandler                           0x080001bf   Thumb Code     0  startup_stm32l432xx.o(.text)
    USART1_IRQHandler                        0x080001bf   Thumb Code     0  startup_stm32l432xx.o(.text)
    USART2_IRQHandler                        0x080001bf   Thumb Code     0  startup_stm32l432xx.o(.text)
    USB_IRQHandler                           0x080001bf   Thumb Code     0  startup_stm32l432xx.o(.text)
    WWDG_IRQHandler                          0x080001bf   Thumb Code     0  startup_stm32l432xx.o(.text)
    __aeabi_memset                           0x080001c9   Thumb Code    14  memseta.o(.text)
    __aeabi_memset4                          0x080001c9   Thumb Code     0  memseta.o(.text)
    __aeabi_memset8                          0x080001c9   Thumb Code     0  memseta.o(.text)
    __aeabi_memclr                           0x080001d7   Thumb Code     4  memseta.o(.text)
    __aeabi_memclr4                          0x080001d7   Thumb Code     0  memseta.o(.text)
    __aeabi_memclr8                          0x080001d7   Thumb Code     0  memseta.o(.text)
    _memset$wrapper                          0x080001db   Thumb Code    18  memseta.o(.text)
    __scatterload                            0x080001ed   Thumb Code    28  init.o(.text)
    __scatterload_rt2                        0x080001ed   Thumb Code     0  init.o(.text)
    BusFault_Handler                         0x08000211   Thumb Code     2  stm32l4xx_it.o(i.BusFault_Handler)
    DebugMon_Handler                         0x08000213   Thumb Code     2  stm32l4xx_it.o(i.DebugMon_Handler)
    HAL_Delay                                0x08000215   Thumb Code    32  stm32l4xx_hal.o(i.HAL_Delay)
    HAL_GPIO_Init                            0x08000239   Thumb Code   392  stm32l4xx_hal_gpio.o(i.HAL_GPIO_Init)
    HAL_GPIO_ReadPin                         0x080003db   Thumb Code    10  stm32l4xx_hal_gpio.o(i.HAL_GPIO_ReadPin)
    HAL_GetTick                              0x080003e5   Thumb Code     6  stm32l4xx_hal.o(i.HAL_GetTick)
    HAL_I2CEx_ConfigAnalogFilter             0x080003f1   Thumb Code    86  stm32l4xx_hal_i2c_ex.o(i.HAL_I2CEx_ConfigAnalogFilter)
    HAL_I2CEx_ConfigDigitalFilter            0x08000447   Thumb Code    82  stm32l4xx_hal_i2c_ex.o(i.HAL_I2CEx_ConfigDigitalFilter)
    HAL_I2C_Init                             0x08000499   Thumb Code   178  stm32l4xx_hal_i2c.o(i.HAL_I2C_Init)
    HAL_I2C_IsDeviceReady                    0x08000551   Thumb Code   282  stm32l4xx_hal_i2c.o(i.HAL_I2C_IsDeviceReady)
    HAL_I2C_Master_Transmit                  0x0800067d   Thumb Code   282  stm32l4xx_hal_i2c.o(i.HAL_I2C_Master_Transmit)
    HAL_I2C_MspInit                          0x080007a9   Thumb Code    92  stm32l4xx_hal_msp.o(i.HAL_I2C_MspInit)
    HAL_IncTick                              0x0800080d   Thumb Code    12  stm32l4xx_hal.o(i.HAL_IncTick)
    HAL_Init                                 0x0800081d   Thumb Code    30  stm32l4xx_hal.o(i.HAL_Init)
    HAL_InitTick                             0x0800083d   Thumb Code    58  stm32l4xx_hal.o(i.HAL_InitTick)
    HAL_MspInit                              0x08000881   Thumb Code    38  stm32l4xx_hal_msp.o(i.HAL_MspInit)
    HAL_NVIC_SetPriority                     0x080008ad   Thumb Code    60  stm32l4xx_hal_cortex.o(i.HAL_NVIC_SetPriority)
    HAL_NVIC_SetPriorityGrouping             0x080008ed   Thumb Code    26  stm32l4xx_hal_cortex.o(i.HAL_NVIC_SetPriorityGrouping)
    HAL_PWREx_ControlVoltageScaling          0x08000911   Thumb Code    90  stm32l4xx_hal_pwr_ex.o(i.HAL_PWREx_ControlVoltageScaling)
    HAL_PWREx_GetVoltageRange                0x08000979   Thumb Code    10  stm32l4xx_hal_pwr_ex.o(i.HAL_PWREx_GetVoltageRange)
    HAL_PWR_EnableBkUpAccess                 0x08000989   Thumb Code    12  stm32l4xx_hal_pwr.o(i.HAL_PWR_EnableBkUpAccess)
    HAL_RCCEx_EnableMSIPLLMode               0x08000999   Thumb Code    12  stm32l4xx_hal_rcc_ex.o(i.HAL_RCCEx_EnableMSIPLLMode)
    HAL_RCCEx_PeriphCLKConfig                0x080009a9   Thumb Code   634  stm32l4xx_hal_rcc_ex.o(i.HAL_RCCEx_PeriphCLKConfig)
    HAL_RCC_ClockConfig                      0x08000c35   Thumb Code   266  stm32l4xx_hal_rcc.o(i.HAL_RCC_ClockConfig)
    HAL_RCC_GetSysClockFreq                  0x08000d55   Thumb Code   150  stm32l4xx_hal_rcc.o(i.HAL_RCC_GetSysClockFreq)
    HAL_RCC_OscConfig                        0x08000df9   Thumb Code  1382  stm32l4xx_hal_rcc.o(i.HAL_RCC_OscConfig)
    HAL_SYSTICK_Config                       0x08001365   Thumb Code    40  stm32l4xx_hal_cortex.o(i.HAL_SYSTICK_Config)
    HardFault_Handler                        0x0800138d   Thumb Code     2  stm32l4xx_it.o(i.HardFault_Handler)
    MemManage_Handler                        0x080015a5   Thumb Code     2  stm32l4xx_it.o(i.MemManage_Handler)
    NMI_Handler                              0x080015a7   Thumb Code     2  stm32l4xx_it.o(i.NMI_Handler)
    PendSV_Handler                           0x080015a9   Thumb Code     2  stm32l4xx_it.o(i.PendSV_Handler)
    SSD1306_Clear                            0x08001755   Thumb Code    16  ssd1306.o(i.SSD1306_Clear)
    SSD1306_DrawPixel                        0x08001765   Thumb Code    54  ssd1306.o(i.SSD1306_DrawPixel)
    SSD1306_Fill                             0x080017a5   Thumb Code    18  ssd1306.o(i.SSD1306_Fill)
    SSD1306_GotoXY                           0x080017bd   Thumb Code     8  ssd1306.o(i.SSD1306_GotoXY)
    SSD1306_Init                             0x080017c9   Thumb Code   350  ssd1306.o(i.SSD1306_Init)
    SSD1306_Putc                             0x08001931   Thumb Code   156  ssd1306.o(i.SSD1306_Putc)
    SSD1306_Puts                             0x080019d1   Thumb Code    40  ssd1306.o(i.SSD1306_Puts)
    SSD1306_UpdateScreen                     0x080019f9   Thumb Code    66  ssd1306.o(i.SSD1306_UpdateScreen)
    SVC_Handler                              0x08001a41   Thumb Code     2  stm32l4xx_it.o(i.SVC_Handler)
    SysTick_Handler                          0x08001a43   Thumb Code     4  stm32l4xx_it.o(i.SysTick_Handler)
    SystemClock_Config                       0x08001a49   Thumb Code   142  main.o(i.SystemClock_Config)
    SystemInit                               0x08001add   Thumb Code    56  system_stm32l4xx.o(i.SystemInit)
    UsageFault_Handler                       0x08001b21   Thumb Code     2  stm32l4xx_it.o(i.UsageFault_Handler)
    __scatterload_copy                       0x08001b43   Thumb Code    14  handlers.o(i.__scatterload_copy)
    __scatterload_null                       0x08001b51   Thumb Code     2  handlers.o(i.__scatterload_null)
    __scatterload_zeroinit                   0x08001b53   Thumb Code    14  handlers.o(i.__scatterload_zeroinit)
    main                                     0x08001b61   Thumb Code   238  main.o(i.main)
    ssd1306_I2C_Init                         0x08001c75   Thumb Code     8  ssd1306.o(i.ssd1306_I2C_Init)
    ssd1306_I2C_Write                        0x08001c81   Thumb Code    28  ssd1306.o(i.ssd1306_I2C_Write)
    ssd1306_I2C_WriteMulti                   0x08001ca1   Thumb Code    50  ssd1306.o(i.ssd1306_I2C_WriteMulti)
    Font11x18                                0x08001cd8   Data        3420  fonts.o(.constdata)
    AHBPrescTable                            0x08002a34   Data          16  system_stm32l4xx.o(.constdata)
    MSIRangeTable                            0x08002a44   Data          48  system_stm32l4xx.o(.constdata)
    Region$$Table$$Base                      0x08002a74   Number         0  anon$$obj.o(Region$$Table)
    Region$$Table$$Limit                     0x08002a94   Number         0  anon$$obj.o(Region$$Table)
    Font_11x18                               0x20000000   Data           8  fonts.o(.data)
    uwTickFreq                               0x20000010   Data           1  stm32l4xx_hal.o(.data)
    uwTickPrio                               0x20000014   Data           4  stm32l4xx_hal.o(.data)
    uwTick                                   0x20000018   Data           4  stm32l4xx_hal.o(.data)
    SystemCoreClock                          0x2000001c   Data           4  system_stm32l4xx.o(.data)
    hi2c1                                    0x20000420   Data          76  main.o(.bss)
    __initial_sp                             0x20000870   Data           0  startup_stm32l432xx.o(STACK)



==============================================================================

Memory Map of the image

  Image Entry point : 0x0800018d

  Load Region LR_IROM1 (Base: 0x08000000, Size: 0x00002ab4, Max: 0x00040000, ABSOLUTE)

    Execution Region ER_IROM1 (Exec base: 0x08000000, Load base: 0x08000000, Size: 0x00002a94, Max: 0x00040000, ABSOLUTE)

    Exec Addr    Load Addr    Size         Type   Attr      Idx    E Section Name        Object

    0x08000000   0x08000000   0x0000018c   Data   RO            3    RESET               startup_stm32l432xx.o
    0x0800018c   0x0800018c   0x00000000   Code   RO         2496  * .ARM.Collect$$$$00000000  mc_w.l(entry.o)
    0x0800018c   0x0800018c   0x00000004   Code   RO         2503    .ARM.Collect$$$$00000001  mc_w.l(entry2.o)
    0x08000190   0x08000190   0x00000004   Code   RO         2506    .ARM.Collect$$$$00000004  mc_w.l(entry5.o)
    0x08000194   0x08000194   0x00000000   Code   RO         2508    .ARM.Collect$$$$00000008  mc_w.l(entry7b.o)
    0x08000194   0x08000194   0x00000000   Code   RO         2510    .ARM.Collect$$$$0000000A  mc_w.l(entry8b.o)
    0x08000194   0x08000194   0x00000008   Code   RO         2511    .ARM.Collect$$$$0000000B  mc_w.l(entry9a.o)
    0x0800019c   0x0800019c   0x00000004   Code   RO         2518    .ARM.Collect$$$$0000000E  mc_w.l(entry12b.o)
    0x080001a0   0x080001a0   0x00000000   Code   RO         2513    .ARM.Collect$$$$0000000F  mc_w.l(entry10a.o)
    0x080001a0   0x080001a0   0x00000000   Code   RO         2515    .ARM.Collect$$$$00000011  mc_w.l(entry11a.o)
    0x080001a0   0x080001a0   0x00000004   Code   RO         2504    .ARM.Collect$$$$00002712  mc_w.l(entry2.o)
    0x080001a4   0x080001a4   0x00000024   Code   RO            4    .text               startup_stm32l432xx.o
    0x080001c8   0x080001c8   0x00000024   Code   RO         2499    .text               mc_w.l(memseta.o)
    0x080001ec   0x080001ec   0x00000024   Code   RO         2519    .text               mc_w.l(init.o)
    0x08000210   0x08000210   0x00000002   Code   RO          385    i.BusFault_Handler  stm32l4xx_it.o
    0x08000212   0x08000212   0x00000002   Code   RO          386    i.DebugMon_Handler  stm32l4xx_it.o
    0x08000214   0x08000214   0x00000024   Code   RO         1019    i.HAL_Delay         stm32l4xx_hal.o
    0x08000238   0x08000238   0x000001a2   Code   RO         1706    i.HAL_GPIO_Init     stm32l4xx_hal_gpio.o
    0x080003da   0x080003da   0x0000000a   Code   RO         1708    i.HAL_GPIO_ReadPin  stm32l4xx_hal_gpio.o
    0x080003e4   0x080003e4   0x0000000c   Code   RO         1023    i.HAL_GetTick       stm32l4xx_hal.o
    0x080003f0   0x080003f0   0x00000056   Code   RO          958    i.HAL_I2CEx_ConfigAnalogFilter  stm32l4xx_hal_i2c_ex.o
    0x08000446   0x08000446   0x00000052   Code   RO          959    i.HAL_I2CEx_ConfigDigitalFilter  stm32l4xx_hal_i2c_ex.o
    0x08000498   0x08000498   0x000000b8   Code   RO          507    i.HAL_I2C_Init      stm32l4xx_hal_i2c.o
    0x08000550   0x08000550   0x0000012a   Code   RO          508    i.HAL_I2C_IsDeviceReady  stm32l4xx_hal_i2c.o
    0x0800067a   0x0800067a   0x00000002   PAD
    0x0800067c   0x0800067c   0x0000012a   Code   RO          520    i.HAL_I2C_Master_Transmit  stm32l4xx_hal_i2c.o
    0x080007a6   0x080007a6   0x00000002   PAD
    0x080007a8   0x080007a8   0x00000064   Code   RO          461    i.HAL_I2C_MspInit   stm32l4xx_hal_msp.o
    0x0800080c   0x0800080c   0x00000010   Code   RO         1029    i.HAL_IncTick       stm32l4xx_hal.o
    0x0800081c   0x0800081c   0x0000001e   Code   RO         1030    i.HAL_Init          stm32l4xx_hal.o
    0x0800083a   0x0800083a   0x00000002   PAD
    0x0800083c   0x0800083c   0x00000044   Code   RO         1031    i.HAL_InitTick      stm32l4xx_hal.o
    0x08000880   0x08000880   0x0000002c   Code   RO          462    i.HAL_MspInit       stm32l4xx_hal_msp.o
    0x080008ac   0x080008ac   0x00000040   Code   RO         2229    i.HAL_NVIC_SetPriority  stm32l4xx_hal_cortex.o
    0x080008ec   0x080008ec   0x00000024   Code   RO         2230    i.HAL_NVIC_SetPriorityGrouping  stm32l4xx_hal_cortex.o
    0x08000910   0x08000910   0x00000068   Code   RO         1997    i.HAL_PWREx_ControlVoltageScaling  stm32l4xx_hal_pwr_ex.o
    0x08000978   0x08000978   0x00000010   Code   RO         2024    i.HAL_PWREx_GetVoltageRange  stm32l4xx_hal_pwr_ex.o
    0x08000988   0x08000988   0x00000010   Code   RO         1889    i.HAL_PWR_EnableBkUpAccess  stm32l4xx_hal_pwr.o
    0x08000998   0x08000998   0x00000010   Code   RO         1333    i.HAL_RCCEx_EnableMSIPLLMode  stm32l4xx_hal_rcc_ex.o
    0x080009a8   0x080009a8   0x0000028a   Code   RO         1339    i.HAL_RCCEx_PeriphCLKConfig  stm32l4xx_hal_rcc_ex.o
    0x08000c32   0x08000c32   0x00000002   PAD
    0x08000c34   0x08000c34   0x00000120   Code   RO         1217    i.HAL_RCC_ClockConfig  stm32l4xx_hal_rcc.o
    0x08000d54   0x08000d54   0x000000a4   Code   RO         1225    i.HAL_RCC_GetSysClockFreq  stm32l4xx_hal_rcc.o
    0x08000df8   0x08000df8   0x0000056c   Code   RO         1228    i.HAL_RCC_OscConfig  stm32l4xx_hal_rcc.o
    0x08001364   0x08001364   0x00000028   Code   RO         2234    i.HAL_SYSTICK_Config  stm32l4xx_hal_cortex.o
    0x0800138c   0x0800138c   0x00000002   Code   RO          387    i.HardFault_Handler  stm32l4xx_it.o
    0x0800138e   0x0800138e   0x00000022   Code   RO          554    i.I2C_Flush_TXDR    stm32l4xx_hal_i2c.o
    0x080013b0   0x080013b0   0x00000084   Code   RO          562    i.I2C_IsAcknowledgeFailed  stm32l4xx_hal_i2c.o
    0x08001434   0x08001434   0x0000002c   Code   RO          569    i.I2C_TransferConfig  stm32l4xx_hal_i2c.o
    0x08001460   0x08001460   0x00000058   Code   RO          571    i.I2C_WaitOnFlagUntilTimeout  stm32l4xx_hal_i2c.o
    0x080014b8   0x080014b8   0x0000004c   Code   RO          573    i.I2C_WaitOnSTOPFlagUntilTimeout  stm32l4xx_hal_i2c.o
    0x08001504   0x08001504   0x00000050   Code   RO          574    i.I2C_WaitOnTXISFlagUntilTimeout  stm32l4xx_hal_i2c.o
    0x08001554   0x08001554   0x00000050   Code   RO          338    i.MX_I2C1_Init      main.o
    0x080015a4   0x080015a4   0x00000002   Code   RO          388    i.MemManage_Handler  stm32l4xx_it.o
    0x080015a6   0x080015a6   0x00000002   Code   RO          389    i.NMI_Handler       stm32l4xx_it.o
    0x080015a8   0x080015a8   0x00000002   Code   RO          390    i.PendSV_Handler    stm32l4xx_it.o
    0x080015aa   0x080015aa   0x00000002   PAD
    0x080015ac   0x080015ac   0x0000012c   Code   RO         1343    i.RCCEx_PLLSAI1_Config  stm32l4xx_hal_rcc_ex.o
    0x080016d8   0x080016d8   0x0000007c   Code   RO         1229    i.RCC_SetFlashLatencyFromMSIRange  stm32l4xx_hal_rcc.o
    0x08001754   0x08001754   0x00000010   Code   RO          140    i.SSD1306_Clear     ssd1306.o
    0x08001764   0x08001764   0x00000040   Code   RO          147    i.SSD1306_DrawPixel  ssd1306.o
    0x080017a4   0x080017a4   0x00000018   Code   RO          150    i.SSD1306_Fill      ssd1306.o
    0x080017bc   0x080017bc   0x0000000c   Code   RO          151    i.SSD1306_GotoXY    ssd1306.o
    0x080017c8   0x080017c8   0x00000168   Code   RO          152    i.SSD1306_Init      ssd1306.o
    0x08001930   0x08001930   0x000000a0   Code   RO          156    i.SSD1306_Putc      ssd1306.o
    0x080019d0   0x080019d0   0x00000028   Code   RO          157    i.SSD1306_Puts      ssd1306.o
    0x080019f8   0x080019f8   0x00000048   Code   RO          164    i.SSD1306_UpdateScreen  ssd1306.o
    0x08001a40   0x08001a40   0x00000002   Code   RO          391    i.SVC_Handler       stm32l4xx_it.o
    0x08001a42   0x08001a42   0x00000004   Code   RO          392    i.SysTick_Handler   stm32l4xx_it.o
    0x08001a46   0x08001a46   0x00000002   PAD
    0x08001a48   0x08001a48   0x00000094   Code   RO          339    i.SystemClock_Config  main.o
    0x08001adc   0x08001adc   0x00000044   Code   RO         2462    i.SystemInit        system_stm32l4xx.o
    0x08001b20   0x08001b20   0x00000002   Code   RO          393    i.UsageFault_Handler  stm32l4xx_it.o
    0x08001b22   0x08001b22   0x00000020   Code   RO         2236    i.__NVIC_SetPriority  stm32l4xx_hal_cortex.o
    0x08001b42   0x08001b42   0x0000000e   Code   RO         2523    i.__scatterload_copy  mc_w.l(handlers.o)
    0x08001b50   0x08001b50   0x00000002   Code   RO         2524    i.__scatterload_null  mc_w.l(handlers.o)
    0x08001b52   0x08001b52   0x0000000e   Code   RO         2525    i.__scatterload_zeroinit  mc_w.l(handlers.o)
    0x08001b60   0x08001b60   0x00000114   Code   RO          340    i.main              main.o
    0x08001c74   0x08001c74   0x0000000c   Code   RO          165    i.ssd1306_I2C_Init  ssd1306.o
    0x08001c80   0x08001c80   0x00000020   Code   RO          166    i.ssd1306_I2C_Write  ssd1306.o
    0x08001ca0   0x08001ca0   0x00000038   Code   RO          167    i.ssd1306_I2C_WriteMulti  ssd1306.o
    0x08001cd8   0x08001cd8   0x00000d5c   Data   RO           15    .constdata          fonts.o
    0x08002a34   0x08002a34   0x00000040   Data   RO         2463    .constdata          system_stm32l4xx.o
    0x08002a74   0x08002a74   0x00000020   Data   RO         2521    Region$$Table       anon$$obj.o


    Execution Region RW_IRAM1 (Exec base: 0x20000000, Load base: 0x08002a94, Size: 0x00000870, Max: 0x00010000, ABSOLUTE)

    Exec Addr    Load Addr    Size         Type   Attr      Idx    E Section Name        Object

    0x20000000   0x08002a94   0x00000008   Data   RW           18    .data               fonts.o
    0x20000008   0x08002a9c   0x00000006   Data   RW          169    .data               ssd1306.o
    0x2000000e   0x08002aa2   0x00000002   PAD
    0x20000010   0x08002aa4   0x0000000c   Data   RW         1042    .data               stm32l4xx_hal.o
    0x2000001c   0x08002ab0   0x00000004   Data   RW         2465    .data               system_stm32l4xx.o
    0x20000020        -       0x00000400   Zero   RW          168    .bss                ssd1306.o
    0x20000420        -       0x0000004c   Zero   RW          341    .bss                main.o
    0x2000046c   0x08002ab4   0x00000004   PAD
    0x20000470        -       0x00000400   Zero   RW            1    STACK               startup_stm32l432xx.o


==============================================================================

Image component sizes


      Code (inc. data)   RO Data    RW Data    ZI Data      Debug   Object Name

         0          0       3420          8          0     610047   fonts.o
       504         52          0          0         76       2758   main.o
       848         54          0          6       1024       9384   ssd1306.o
        36          8        396          0       1024        844   startup_stm32l432xx.o
       162         24          0         12          0      11653   stm32l4xx_hal.o
       172         14          0          0          0      33190   stm32l4xx_hal_cortex.o
       428         20          0          0          0       2475   stm32l4xx_hal_gpio.o
      1234         34          0          0          0       9981   stm32l4xx_hal_i2c.o
       168          0          0          0          0       1935   stm32l4xx_hal_i2c_ex.o
       144         14          0          0          0       1608   stm32l4xx_hal_msp.o
        16          4          0          0          0        555   stm32l4xx_hal_pwr.o
       120         20          0          0          0       1386   stm32l4xx_hal_pwr_ex.o
      1964         74          0          0          0       5846   stm32l4xx_hal_rcc.o
       966         36          0          0          0       3481   stm32l4xx_hal_rcc_ex.o
        20          0          0          0          0       4250   stm32l4xx_it.o
        68         12         64          4          0       1261   system_stm32l4xx.o

    ----------------------------------------------------------------------
      6862        366       3912         32       2128     700654   Object Totals
         0          0         32          0          0          0   (incl. Generated)
        12          0          0          2          4          0   (incl. Padding)

    ----------------------------------------------------------------------

      Code (inc. data)   RO Data    RW Data    ZI Data      Debug   Library Member Name

         0          0          0          0          0          0   entry.o
         0          0          0          0          0          0   entry10a.o
         0          0          0          0          0          0   entry11a.o
         4          0          0          0          0          0   entry12b.o
         8          4          0          0          0          0   entry2.o
         4          0          0          0          0          0   entry5.o
         0          0          0          0          0          0   entry7b.o
         0          0          0          0          0          0   entry8b.o
         8          4          0          0          0          0   entry9a.o
        30          0          0          0          0          0   handlers.o
        36          8          0          0          0         68   init.o
        36          0          0          0          0        108   memseta.o

    ----------------------------------------------------------------------
       126         16          0          0          0        176   Library Totals
         0          0          0          0          0          0   (incl. Padding)

    ----------------------------------------------------------------------

      Code (inc. data)   RO Data    RW Data    ZI Data      Debug   Library Name

       126         16          0          0          0        176   mc_w.l

    ----------------------------------------------------------------------
       126         16          0          0          0        176   Library Totals

    ----------------------------------------------------------------------

==============================================================================


      Code (inc. data)   RO Data    RW Data    ZI Data      Debug   

      6988        382       3912         32       2128     696034   Grand Totals
      6988        382       3912         32       2128     696034   ELF Image Totals
      6988        382       3912         32          0          0   ROM Totals

==============================================================================

    Total RO  Size (Code + RO Data)                10900 (  10.64kB)
    Total RW  Size (RW Data + ZI Data)              2160 (   2.11kB)
    Total ROM Size (Code + RO Data + RW Data)      10932 (  10.68kB)

==============================================================================

