Component: ARM Compiler 5.06 update 7 (build 960) Tool: armlink [4d3601]

==============================================================================

Section Cross References

    startup_stm32l432xx.o(RESET) refers to startup_stm32l432xx.o(STACK) for __initial_sp
    startup_stm32l432xx.o(RESET) refers to startup_stm32l432xx.o(.text) for Reset_Handler
    startup_stm32l432xx.o(RESET) refers to stm32l4xx_it.o(i.NMI_Handler) for NMI_Handler
    startup_stm32l432xx.o(RESET) refers to stm32l4xx_it.o(i.HardFault_Handler) for HardFault_Handler
    startup_stm32l432xx.o(RESET) refers to stm32l4xx_it.o(i.MemManage_Handler) for MemManage_Handler
    startup_stm32l432xx.o(RESET) refers to stm32l4xx_it.o(i.BusFault_Handler) for BusFault_Handler
    startup_stm32l432xx.o(RESET) refers to stm32l4xx_it.o(i.UsageFault_Handler) for UsageFault_Handler
    startup_stm32l432xx.o(RESET) refers to port.o(.emb_text) for SVC_Handler
    startup_stm32l432xx.o(RESET) refers to stm32l4xx_it.o(i.DebugMon_Handler) for DebugMon_Handler
    startup_stm32l432xx.o(RESET) refers to cmsis_os2.o(i.SysTick_Handler) for SysTick_Handler
    startup_stm32l432xx.o(RESET) refers to stm32l4xx_it.o(i.TIM1_UP_TIM16_IRQHandler) for TIM1_UP_TIM16_IRQHandler
    startup_stm32l432xx.o(RESET) refers to stm32l4xx_it.o(i.USART1_IRQHandler) for USART1_IRQHandler
    startup_stm32l432xx.o(RESET) refers to stm32l4xx_it.o(i.USART2_IRQHandler) for USART2_IRQHandler
    startup_stm32l432xx.o(.text) refers to system_stm32l4xx.o(i.SystemInit) for SystemInit
    startup_stm32l432xx.o(.text) refers to entry.o(.ARM.Collect$$$$00000000) for __main
    ssd1306.o(i.SSD1306_Clear) refers to ssd1306.o(i.SSD1306_Fill) for SSD1306_Fill
    ssd1306.o(i.SSD1306_Clear) refers to ssd1306.o(i.SSD1306_UpdateScreen) for SSD1306_UpdateScreen
    ssd1306.o(i.SSD1306_DrawBitmap) refers to ssd1306.o(i.SSD1306_DrawPixel) for SSD1306_DrawPixel
    ssd1306.o(i.SSD1306_DrawCircle) refers to ssd1306.o(i.SSD1306_DrawPixel) for SSD1306_DrawPixel
    ssd1306.o(i.SSD1306_DrawFilledCircle) refers to ssd1306.o(i.SSD1306_DrawPixel) for SSD1306_DrawPixel
    ssd1306.o(i.SSD1306_DrawFilledCircle) refers to ssd1306.o(i.SSD1306_DrawLine) for SSD1306_DrawLine
    ssd1306.o(i.SSD1306_DrawFilledRectangle) refers to ssd1306.o(i.SSD1306_DrawLine) for SSD1306_DrawLine
    ssd1306.o(i.SSD1306_DrawFilledTriangle) refers to ssd1306.o(i.SSD1306_DrawLine) for SSD1306_DrawLine
    ssd1306.o(i.SSD1306_DrawLine) refers to ssd1306.o(i.SSD1306_DrawPixel) for SSD1306_DrawPixel
    ssd1306.o(i.SSD1306_DrawPixel) refers to ssd1306.o(.data) for .data
    ssd1306.o(i.SSD1306_DrawPixel) refers to ssd1306.o(.bss) for .bss
    ssd1306.o(i.SSD1306_DrawRectangle) refers to ssd1306.o(i.SSD1306_DrawLine) for SSD1306_DrawLine
    ssd1306.o(i.SSD1306_DrawTriangle) refers to ssd1306.o(i.SSD1306_DrawLine) for SSD1306_DrawLine
    ssd1306.o(i.SSD1306_Fill) refers to memseta.o(.text) for __aeabi_memset
    ssd1306.o(i.SSD1306_Fill) refers to ssd1306.o(.bss) for .bss
    ssd1306.o(i.SSD1306_GotoXY) refers to ssd1306.o(.data) for .data
    ssd1306.o(i.SSD1306_Init) refers to ssd1306.o(i.ssd1306_I2C_Init) for ssd1306_I2C_Init
    ssd1306.o(i.SSD1306_Init) refers to stm32l4xx_hal_i2c.o(i.HAL_I2C_IsDeviceReady) for HAL_I2C_IsDeviceReady
    ssd1306.o(i.SSD1306_Init) refers to ssd1306.o(i.ssd1306_I2C_Write) for ssd1306_I2C_Write
    ssd1306.o(i.SSD1306_Init) refers to ssd1306.o(i.SSD1306_Fill) for SSD1306_Fill
    ssd1306.o(i.SSD1306_Init) refers to ssd1306.o(i.SSD1306_UpdateScreen) for SSD1306_UpdateScreen
    ssd1306.o(i.SSD1306_Init) refers to main.o(.bss) for hi2c1
    ssd1306.o(i.SSD1306_Init) refers to ssd1306.o(.data) for .data
    ssd1306.o(i.SSD1306_InvertDisplay) refers to ssd1306.o(i.ssd1306_I2C_Write) for ssd1306_I2C_Write
    ssd1306.o(i.SSD1306_OFF) refers to ssd1306.o(i.ssd1306_I2C_Write) for ssd1306_I2C_Write
    ssd1306.o(i.SSD1306_ON) refers to ssd1306.o(i.ssd1306_I2C_Write) for ssd1306_I2C_Write
    ssd1306.o(i.SSD1306_Putc) refers to ssd1306.o(i.SSD1306_DrawPixel) for SSD1306_DrawPixel
    ssd1306.o(i.SSD1306_Putc) refers to ssd1306.o(.data) for .data
    ssd1306.o(i.SSD1306_Puts) refers to ssd1306.o(i.SSD1306_Putc) for SSD1306_Putc
    ssd1306.o(i.SSD1306_ScrollLeft) refers to ssd1306.o(i.ssd1306_I2C_Write) for ssd1306_I2C_Write
    ssd1306.o(i.SSD1306_ScrollRight) refers to ssd1306.o(i.ssd1306_I2C_Write) for ssd1306_I2C_Write
    ssd1306.o(i.SSD1306_Scrolldiagleft) refers to ssd1306.o(i.ssd1306_I2C_Write) for ssd1306_I2C_Write
    ssd1306.o(i.SSD1306_Scrolldiagright) refers to ssd1306.o(i.ssd1306_I2C_Write) for ssd1306_I2C_Write
    ssd1306.o(i.SSD1306_Stopscroll) refers to ssd1306.o(i.ssd1306_I2C_Write) for ssd1306_I2C_Write
    ssd1306.o(i.SSD1306_ToggleInvert) refers to ssd1306.o(.data) for .data
    ssd1306.o(i.SSD1306_ToggleInvert) refers to ssd1306.o(.bss) for .bss
    ssd1306.o(i.SSD1306_UpdateScreen) refers to ssd1306.o(i.ssd1306_I2C_Write) for ssd1306_I2C_Write
[...]
    ..\Drivers\STM32L4xx_HAL_Driver\Src\stm32l4xx_hal_cortex.c 0x00000000   Number         0  stm32l4xx_hal_cortex.o ABSOLUTE
    ..\Drivers\STM32L4xx_HAL_Driver\Src\stm32l4xx_hal_dma.c 0x00000000   Number         0  stm32l4xx_hal_dma.o ABSOLUTE
    ..\Drivers\STM32L4xx_HAL_Driver\Src\stm32l4xx_hal_dma_ex.c 0x00000000   Number         0  stm32l4xx_hal_dma_ex.o ABSOLUTE
    ..\Drivers\STM32L4xx_HAL_Driver\Src\stm32l4xx_hal_exti.c 0x00000000   Number         0  stm32l4xx_hal_exti.o ABSOLUTE
    ..\Drivers\STM32L4xx_HAL_Driver\Src\stm32l4xx_hal_flash.c 0x00000000   Number         0  stm32l4xx_hal_flash.o ABSOLUTE
    ..\Drivers\STM32L4xx_HAL_Driver\Src\stm32l4xx_hal_flash_ex.c 0x00000000   Number         0  stm32l4xx_hal_flash_ex.o ABSOLUTE
    ..\Drivers\STM32L4xx_HAL_Driver\Src\stm32l4xx_hal_flash_ramfunc.c 0x00000000   Number         0  stm32l4xx_hal_flash_ramfunc.o ABSOLUTE
    ..\Drivers\STM32L4xx_HAL_Driver\Src\stm32l4xx_hal_gpio.c 0x00000000   Number         0  stm32l4xx_hal_gpio.o ABSOLUTE
    ..\Drivers\STM32L4xx_HAL_Driver\Src\stm32l4xx_hal_i2c.c 0x00000000   Number         0  stm32l4xx_hal_i2c.o ABSOLUTE
    ..\Drivers\STM32L4xx_HAL_Driver\Src\stm32l4xx_hal_i2c_ex.c 0x00000000   Number         0  stm32l4xx_hal_i2c_ex.o ABSOLUTE
    ..\Drivers\STM32L4xx_HAL_Driver\Src\stm32l4xx_hal_pwr.c 0x00000000   Number         0  stm32l4xx_hal_pwr.o ABSOLUTE
    ..\Drivers\STM32L4xx_HAL_Driver\Src\stm32l4xx_hal_pwr_ex.c 0x00000000   Number         0  stm32l4xx_hal_pwr_ex.o ABSOLUTE
    ..\Drivers\STM32L4xx_HAL_Driver\Src\stm32l4xx_hal_rcc.c 0x00000000   Number         0  stm32l4xx_hal_rcc.o ABSOLUTE
    ..\Drivers\STM32L4xx_HAL_Driver\Src\stm32l4xx_hal_rcc_ex.c 0x00000000   Number         0  stm32l4xx_hal_rcc_ex.o ABSOLUTE
    ..\Drivers\STM32L4xx_HAL_Driver\Src\stm32l4xx_hal_tim.c 0x00000000   Number         0  stm32l4xx_hal_tim.o ABSOLUTE
    ..\Drivers\STM32L4xx_HAL_Driver\Src\stm32l4xx_hal_tim_ex.c 0x00000000   Number         0  stm32l4xx_hal_tim_ex.o ABSOLUTE
    ..\Drivers\STM32L4xx_HAL_Driver\Src\stm32l4xx_hal_uart.c 0x00000000   Number         0  stm32l4xx_hal_uart.o ABSOLUTE
    ..\Drivers\STM32L4xx_HAL_Driver\Src\stm32l4xx_hal_uart_ex.c 0x00000000   Number         0  stm32l4xx_hal_uart_ex.o ABSOLUTE
    ..\Middlewares\Third_Party\FreeRTOS\Source\CMSIS_RTOS_V2\cmsis_os2.c 0x00000000   Number         0  cmsis_os2.o ABSOLUTE
    ..\Middlewares\Third_Party\FreeRTOS\Source\portable\RVDS\ARM_CM4F\port.c 0x00000000   Number         0  port.o ABSOLUTE
    ..\\Core\\Src\\fonts.c                   0x00000000   Number         0  fonts.o ABSOLUTE
    ..\\Core\\Src\\mylibrary.c               0x00000000   Number         0  mylibrary.o ABSOLUTE
    ..\\Core\\Src\\ssd1306.c                 0x00000000   Number         0  ssd1306.o ABSOLUTE
    dc.s                                     0x00000000   Number         0  dc.o ABSOLUTE
    handlers.s                               0x00000000   Number         0  handlers.o ABSOLUTE
    init.s                                   0x00000000   Number         0  init.o ABSOLUTE
    startup_stm32l432xx.s                    0x00000000   Number         0  startup_stm32l432xx.o ABSOLUTE
    RESET                                    0x08000000   Section      396  startup_stm32l432xx.o(RESET)
    .ARM.Collect$$$$00000000                 0x0800018c   Section        0  entry.o(.ARM.Collect$$$$00000000)
    .ARM.Collect$$$$00000001                 0x0800018c   Section        4  entry2.o(.ARM.Collect$$$$00000001)
    .ARM.Collect$$$$00000004                 0x08000190   Section        4  entry5.o(.ARM.Collect$$$$00000004)
    .ARM.Collect$$$$00000008                 0x08000194   Section        0  entry7b.o(.ARM.Collect$$$$00000008)
    .ARM.Collect$$$$0000000A                 0x08000194   Section        0  entry8b.o(.ARM.Collect$$$$0000000A)
    .ARM.Collect$$$$0000000B                 0x08000194   Section        8  entry9a.o(.ARM.Collect$$$$0000000B)
    .ARM.Collect$$$$0000000E                 0x0800019c   Section        4  entry12b.o(.ARM.Collect$$$$0000000E)
    .ARM.Collect$$$$0000000F                 0x080001a0   Section        0  entry10a.o(.ARM.Collect$$$$0000000F)
    .ARM.Collect$$$$00000011                 0x080001a0   Section        0  entry11a.o(.ARM.Collect$$$$00000011)
    .ARM.Collect$$$$00002712                 0x080001a0   Section        4  entry2.o(.ARM.Collect$$$$00002712)
    __lit__00000000                          0x080001a0   Data           4  entry2.o(.ARM.Collect$$$$00002712)
    .emb_text                                0x080001a4   Section      190  port.o(.emb_text)
    $v0                                      0x080001a4   Number         0  port.o(.emb_text)
    .text                                    0x08000284   Section       36  startup_stm32l432xx.o(.text)
    $v0                                      0x08000284   Number         0  startup_stm32l432xx.o(.text)
    .text                                    0x080002a8   Section        0  uldiv.o(.text)
    .text                                    0x08000310   Section        0  memcpya.o(.text)
    .text                                    0x08000334   Section        0  memseta.o(.text)
    .text                                    0x08000358   Section        0  strncpy.o(.text)
    .text                                    0x08000370   Section        0  strlen.o(.text)
    .text                                    0x0800037e   Section        0  llshl.o(.text)
    .text                                    0x0800039c   Section        0  llushr.o(.text)
    .text                                    0x080003bc   Section       36  init.o(.text)
    i.BusFault_Handler                       0x080003e0   Section        0  stm32l4xx_it.o(i.BusFault_Handler)
    i.DebugMon_Handler                       0x080003e2   Section        0  stm32l4xx_it.o(i.DebugMon_Handler)
    i.DisplayOLED                            0x080003e4   Section        0  main.o(i.DisplayOLED)
    i.DisplaySlot                            0x08000418   Section        0  main.o(i.DisplaySlot)
    i.HAL_DMA_Abort                          0x08000468   Section        0  stm32l4xx_hal_dma.o(i.HAL_DMA_Abort)
    i.HAL_DMA_Abort_IT                       0x080004b2   Section        0  stm32l4xx_hal_dma.o(i.HAL_DMA_Abort_IT)
    i.HAL_GPIO_Init                          0x08000500   Section        0  stm32l4xx_hal_gpio.o(i.HAL_GPIO_Init)
    i.HAL_GPIO_ReadPin                       0x080006a2   Section        0  stm32l4xx_hal_gpio.o(i.HAL_GPIO_ReadPin)
    i.HAL_GetTick                            0x080006ac   Section        0  stm32l4xx_hal.o(i.HAL_GetTick)
    i.HAL_I2CEx_ConfigAnalogFilter           0x080006b8   Section        0  stm32l4xx_hal_i2c_ex.o(i.HAL_I2CEx_ConfigAnalogFilter)
    i.HAL_I2CEx_ConfigDigitalFilter          0x0800070e   Section        0  stm32l4xx_hal_i2c_ex.o(i.HAL_I2CEx_ConfigDigitalFilter)
    i.HAL_I2C_Init                           0x08000760   Section        0  stm32l4xx_hal_i2c.o(i.HAL_I2C_Init)
    i.HAL_I2C_IsDeviceReady                  0x08000818   Section        0  stm32l4xx_hal_i2c.o(i.HAL_I2C_IsDeviceReady)
    i.HAL_I2C_Master_Transmit                0x08000944   Section        0  stm32l4xx_hal_i2c.o(i.HAL_I2C_Master_Transmit)
    i.HAL_I2C_MspInit                        0x08000a70   Section        0  stm32l4xx_hal_msp.o(i.HAL_I2C_MspInit)
    i.HAL_IncTick                            0x08000ad4   Section        0  stm32l4xx_hal.o(i.HAL_IncTick)
    i.HAL_Init                               0x08000ae4   Section        0  stm32l4xx_hal.o(i.HAL_Init)
    i.HAL_InitTick                           0x08000b04   Section        0  stm32l4xx_hal_timebase_tim.o(i.HAL_InitTick)
    i.HAL_MspInit                            0x08000b78   Section        0  stm32l4xx_hal_msp.o(i.HAL_MspInit)
    i.HAL_NVIC_EnableIRQ                     0x08000bac   Section        0  stm32l4xx_hal_cortex.o(i.HAL_NVIC_EnableIRQ)
    i.HAL_NVIC_SetPriority                   0x08000bc8   Section        0  stm32l4xx_hal_cortex.o(i.HAL_NVIC_SetPriority)
    i.HAL_NVIC_SetPriorityGrouping           0x08000c08   Section        0  stm32l4xx_hal_cortex.o(i.HAL_NVIC_SetPriorityGrouping)
    i.HAL_PWREx_ControlVoltageScaling        0x08000c2c   Section        0  stm32l4xx_hal_pwr_ex.o(i.HAL_PWREx_ControlVoltageScaling)
    i.HAL_PWREx_GetVoltageRange              0x08000c94   Section        0  stm32l4xx_hal_pwr_ex.o(i.HAL_PWREx_GetVoltageRange)
    i.HAL_PWR_EnableBkUpAccess               0x08000ca4   Section        0  stm32l4xx_hal_pwr.o(i.HAL_PWR_EnableBkUpAccess)
    i.HAL_RCCEx_EnableMSIPLLMode             0x08000cb4   Section        0  stm32l4xx_hal_rcc_ex.o(i.HAL_RCCEx_EnableMSIPLLMode)
    i.HAL_RCCEx_PeriphCLKConfig              0x08000cc4   Section        0  stm32l4xx_hal_rcc_ex.o(i.HAL_RCCEx_PeriphCLKConfig)
    i.HAL_RCC_ClockConfig                    0x08000f50   Section        0  stm32l4xx_hal_rcc.o(i.HAL_RCC_ClockConfig)
    i.HAL_RCC_GetClockConfig                 0x08001070   Section        0  stm32l4xx_hal_rcc.o(i.HAL_RCC_GetClockConfig)
    i.HAL_RCC_GetPCLK1Freq                   0x080010b0   Section        0  stm32l4xx_hal_rcc.o(i.HAL_RCC_GetPCLK1Freq)
    i.HAL_RCC_GetPCLK2Freq                   0x080010d4   Section        0  stm32l4xx_hal_rcc.o(i.HAL_RCC_GetPCLK2Freq)
    i.HAL_RCC_GetSysClockFreq                0x080010f8   Section        0  stm32l4xx_hal_rcc.o(i.HAL_RCC_GetSysClockFreq)
    i.HAL_RCC_OscConfig                      0x0800119c   Section        0  stm32l4xx_hal_rcc.o(i.HAL_RCC_OscConfig)
    i.HAL_TIMEx_Break2Callback               0x08001708   Section        0  stm32l4xx_hal_tim_ex.o(i.HAL_TIMEx_Break2Callback)
    i.HAL_TIMEx_BreakCallback                0x0800170a   Section        0  stm32l4xx_hal_tim_ex.o(i.HAL_TIMEx_BreakCallback)
    i.HAL_TIMEx_CommutCallback               0x0800170c   Section        0  stm32l4xx_hal_tim_ex.o(i.HAL_TIMEx_CommutCallback)
    i.HAL_TIMEx_MasterConfigSynchronization  0x08001710   Section        0  stm32l4xx_hal_tim_ex.o(i.HAL_TIMEx_MasterConfigSynchronization)
    i.HAL_TIM_Base_Init                      0x0800177c   Section        0  stm32l4xx_hal_tim.o(i.HAL_TIM_Base_Init)
    i.HAL_TIM_Base_MspInit                   0x080017e0   Section        0  stm32l4xx_hal_msp.o(i.HAL_TIM_Base_MspInit)
    i.HAL_TIM_Base_Start_IT                  0x08001804   Section        0  stm32l4xx_hal_tim.o(i.HAL_TIM_Base_Start_IT)
    i.HAL_TIM_ConfigClockSource              0x0800185c   Section        0  stm32l4xx_hal_tim.o(i.HAL_TIM_ConfigClockSource)
    i.HAL_TIM_IC_CaptureCallback             0x08001938   Section        0  stm32l4xx_hal_tim.o(i.HAL_TIM_IC_CaptureCallback)
    i.HAL_TIM_IRQHandler                     0x0800193a   Section        0  stm32l4xx_hal_tim.o(i.HAL_TIM_IRQHandler)
    i.HAL_TIM_OC_DelayElapsedCallback        0x08001abe   Section        0  stm32l4xx_hal_tim.o(i.HAL_TIM_OC_DelayElapsedCallback)
    i.HAL_TIM_PWM_PulseFinishedCallback      0x08001ac0   Section        0  stm32l4xx_hal_tim.o(i.HAL_TIM_PWM_PulseFinishedCallback)
    i.HAL_TIM_PeriodElapsedCallback          0x08001ac4   Section        0  main.o(i.HAL_TIM_PeriodElapsedCallback)
    i.HAL_TIM_TriggerCallback                0x08001ad8   Section        0  stm32l4xx_hal_tim.o(i.HAL_TIM_TriggerCallback)
    i.HAL_UARTEx_RxEventCallback             0x08001ada   Section        0  stm32l4xx_hal_uart.o(i.HAL_UARTEx_RxEventCallback)
    i.HAL_UARTEx_WakeupCallback              0x08001adc   Section        0  stm32l4xx_hal_uart_ex.o(i.HAL_UARTEx_WakeupCallback)
    i.HAL_UART_ErrorCallback                 0x08001ade   Section        0  stm32l4xx_hal_uart.o(i.HAL_UART_ErrorCallback)
    i.HAL_UART_IRQHandler                    0x08001ae0   Section        0  stm32l4xx_hal_uart.o(i.HAL_UART_IRQHandler)
    i.HAL_UART_Init                          0x08001d1c   Section        0  stm32l4xx_hal_uart.o(i.HAL_UART_Init)
    i.HAL_UART_MspInit                       0x08001d84   Section        0  stm32l4xx_hal_msp.o(i.HAL_UART_MspInit)
    i.HAL_UART_Receive                       0x08001e48   Section        0  stm32l4xx_hal_uart.o(i.HAL_UART_Receive)
    i.HAL_UART_Transmit                      0x08001f48   Section        0  stm32l4xx_hal_uart.o(i.HAL_UART_Transmit)
    i.HAL_UART_TxCpltCallback                0x08001ffe   Section        0  stm32l4xx_hal_uart.o(i.HAL_UART_TxCpltCallback)
    i.HardFault_Handler                      0x08002000   Section        0  stm32l4xx_it.o(i.HardFault_Handler)
    i.I2C_Flush_TXDR                         0x08002002   Section        0  stm32l4xx_hal_i2c.o(i.I2C_Flush_TXDR)
    I2C_Flush_TXDR                           0x08002003   Thumb Code    34  stm32l4xx_hal_i2c.o(i.I2C_Flush_TXDR)
    i.I2C_IsAcknowledgeFailed                0x08002024   Section        0  stm32l4xx_hal_i2c.o(i.I2C_IsAcknowledgeFailed)
    I2C_IsAcknowledgeFailed                  0x08002025   Thumb Code   128  stm32l4xx_hal_i2c.o(i.I2C_IsAcknowledgeFailed)
    i.I2C_TransferConfig                     0x080020a8   Section        0  stm32l4xx_hal_i2c.o(i.I2C_TransferConfig)
    I2C_TransferConfig                       0x080020a9   Thumb Code    40  stm32l4xx_hal_i2c.o(i.I2C_TransferConfig)
    i.I2C_WaitOnFlagUntilTimeout             0x080020d4   Section        0  stm32l4xx_hal_i2c.o(i.I2C_WaitOnFlagUntilTimeout)
    I2C_WaitOnFlagUntilTimeout               0x080020d5   Thumb Code    88  stm32l4xx_hal_i2c.o(i.I2C_WaitOnFlagUntilTimeout)
    i.I2C_WaitOnSTOPFlagUntilTimeout         0x0800212c   Section        0  stm32l4xx_hal_i2c.o(i.I2C_WaitOnSTOPFlagUntilTimeout)
    I2C_WaitOnSTOPFlagUntilTimeout           0x0800212d   Thumb Code    76  stm32l4xx_hal_i2c.o(i.I2C_WaitOnSTOPFlagUntilTimeout)
    i.I2C_WaitOnTXISFlagUntilTimeout         0x08002178   Section        0  stm32l4xx_hal_i2c.o(i.I2C_WaitOnTXISFlagUntilTimeout)
    I2C_WaitOnTXISFlagUntilTimeout           0x08002179   Thumb Code    80  stm32l4xx_hal_i2c.o(i.I2C_WaitOnTXISFlagUntilTimeout)
    i.MX_GPIO_Init                           0x080021c8   Section        0  main.o(i.MX_GPIO_Init)
    MX_GPIO_Init                             0x080021c9   Thumb Code   100  main.o(i.MX_GPIO_Init)
    i.MX_I2C1_Init                           0x08002234   Section        0  main.o(i.MX_I2C1_Init)
    MX_I2C1_Init                             0x08002235   Thumb Code    72  main.o(i.MX_I2C1_Init)
    i.MX_TIM2_Init                           0x08002288   Section        0  main.o(i.MX_TIM2_Init)
    MX_TIM2_Init                             0x08002289   Thumb Code   100  main.o(i.MX_TIM2_Init)
    i.MX_USART1_UART_Init                    0x080022f0   Section        0  main.o(i.MX_USART1_UART_Init)
    MX_USART1_UART_Init                      0x080022f1   Thumb Code    48  main.o(i.MX_USART1_UART_Init)
    i.MX_USART2_UART_Init                    0x08002328   Section        0  main.o(i.MX_USART2_UART_Init)
    MX_USART2_UART_Init                      0x08002329   Thumb Code    48  main.o(i.MX_USART2_UART_Init)
    i.MemManage_Handler                      0x08002360   Section        0  stm32l4xx_it.o(i.MemManage_Handler)
    i.NMI_Handler                            0x08002362   Section        0  stm32l4xx_it.o(i.NMI_Handler)
    i.RCCEx_PLLSAI1_Config                   0x08002364   Section        0  stm32l4xx_hal_rcc_ex.o(i.RCCEx_PLLSAI1_Config)
    RCCEx_PLLSAI1_Config                     0x08002365   Thumb Code   278  stm32l4xx_hal_rcc_ex.o(i.RCCEx_PLLSAI1_Config)
    i.RCC_SetFlashLatencyFromMSIRange        0x08002490   Section        0  stm32l4xx_hal_rcc.o(i.RCC_SetFlashLatencyFromMSIRange)
    RCC_SetFlashLatencyFromMSIRange          0x08002491   Thumb Code   116  stm32l4xx_hal_rcc.o(i.RCC_SetFlashLatencyFromMSIRange)
    i.SSD1306_Clear                          0x0800250c   Section        0  ssd1306.o(i.SSD1306_Clear)
    i.SSD1306_DrawPixel                      0x0800251c   Section        0  ssd1306.o(i.SSD1306_DrawPixel)
    i.SSD1306_Fill                           0x0800255c   Section        0  ssd1306.o(i.SSD1306_Fill)
    i.SSD1306_GotoXY                         0x08002574   Section        0  ssd1306.o(i.SSD1306_GotoXY)
    i.SSD1306_Init                           0x08002580   Section        0  ssd1306.o(i.SSD1306_Init)
    i.SSD1306_Putc                           0x080026e8   Section        0  ssd1306.o(i.SSD1306_Putc)
    i.SSD1306_Puts                           0x08002788   Section        0  ssd1306.o(i.SSD1306_Puts)
    i.SSD1306_UpdateScreen                   0x080027b0   Section        0  ssd1306.o(i.SSD1306_UpdateScreen)
    i.StartDefaultTask                       0x080027f8   Section        0  main.o(i.StartDefaultTask)
    i.StartTask02                            0x08002800   Section        0  main.o(i.StartTask02)
    i.StartTask03                            0x08002860   Section        0  main.o(i.StartTask03)
    i.StartTask04                            0x08002878   Section        0  main.o(i.StartTask04)
    i.StartTask05                            0x08002880   Section        0  main.o(i.StartTask05)
    i.SysTick_Handler                        0x08002888   Section        0  cmsis_os2.o(i.SysTick_Handler)
    i.SystemClock_Config                     0x080028a4   Section        0  main.o(i.SystemClock_Config)
    i.SystemInit                             0x08002950   Section        0  system_stm32l4xx.o(i.SystemInit)
    i.TIM1_UP_TIM16_IRQHandler               0x0800298c   Section        0  stm32l4xx_it.o(i.TIM1_UP_TIM16_IRQHandler)
    i.TIM_Base_SetConfig                     0x08002998   Section        0  stm32l4xx_hal_tim.o(i.TIM_Base_SetConfig)
    i.TIM_ETR_SetConfig                      0x08002a04   Section        0  stm32l4xx_hal_tim.o(i.TIM_ETR_SetConfig)
    i.TIM_ITRx_SetConfig                     0x08002a18   Section        0  stm32l4xx_hal_tim.o(i.TIM_ITRx_SetConfig)
    TIM_ITRx_SetConfig                       0x08002a19   Thumb Code    16  stm32l4xx_hal_tim.o(i.TIM_ITRx_SetConfig)
    i.TIM_TI1_ConfigInputStage               0x08002a28   Section        0  stm32l4xx_hal_tim.o(i.TIM_TI1_ConfigInputStage)
    TIM_TI1_ConfigInputStage                 0x08002a29   Thumb Code    34  stm32l4xx_hal_tim.o(i.TIM_TI1_ConfigInputStage)
    i.TIM_TI2_ConfigInputStage               0x08002a4a   Section        0  stm32l4xx_hal_tim.o(i.TIM_TI2_ConfigInputStage)
    TIM_TI2_ConfigInputStage                 0x08002a4b   Thumb Code    36  stm32l4xx_hal_tim.o(i.TIM_TI2_ConfigInputStage)
    i.UART_AdvFeatureConfig                  0x08002a6e   Section        0  stm32l4xx_hal_uart.o(i.UART_AdvFeatureConfig)
    i.UART_CheckIdleState                    0x08002b36   Section        0  stm32l4xx_hal_uart.o(i.UART_CheckIdleState)
    i.UART_DMAAbortOnError                   0x08002b92   Section        0  stm32l4xx_hal_uart.o(i.UART_DMAAbortOnError)
    UART_DMAAbortOnError                     0x08002b93   Thumb Code    20  stm32l4xx_hal_uart.o(i.UART_DMAAbortOnError)
    i.UART_EndRxTransfer                     0x08002ba6   Section        0  stm32l4xx_hal_uart.o(i.UART_EndRxTransfer)
    UART_EndRxTransfer                       0x08002ba7   Thumb Code    48  stm32l4xx_hal_uart.o(i.UART_EndRxTransfer)
    i.UART_SetConfig                         0x08002bd8   Section        0  stm32l4xx_hal_uart.o(i.UART_SetConfig)
    i.UART_WaitOnFlagUntilTimeout            0x08002db8   Section        0  stm32l4xx_hal_uart.o(i.UART_WaitOnFlagUntilTimeout)
    i.USART1_IRQHandler                      0x08002e5c   Section        0  stm32l4xx_it.o(i.USART1_IRQHandler)
    i.USART2_IRQHandler                      0x08002f34   Section        0  stm32l4xx_it.o(i.USART2_IRQHandler)
    i.UsageFault_Handler                     0x08002f40   Section        0  stm32l4xx_it.o(i.UsageFault_Handler)
    i.__NVIC_SetPriority                     0x08002f42   Section        0  stm32l4xx_hal_cortex.o(i.__NVIC_SetPriority)
    __NVIC_SetPriority                       0x08002f43   Thumb Code    32  stm32l4xx_hal_cortex.o(i.__NVIC_SetPriority)
    i.__scatterload_copy                     0x08002f62   Section       14  handlers.o(i.__scatterload_copy)
    i.__scatterload_null                     0x08002f70   Section        2  handlers.o(i.__scatterload_null)
    i.__scatterload_zeroinit                 0x08002f72   Section       14  handlers.o(i.__scatterload_zeroinit)
    i.main                                   0x08002f80   Section        0  main.o(i.main)
    i.osDelay                                0x080030a0   Section        0  cmsis_os2.o(i.osDelay)
    i.osKernelInitialize                     0x080030c0   Section        0  cmsis_os2.o(i.osKernelInitialize)
    i.osMessageQueueNew                      0x080030e8   Section        0  cmsis_os2.o(i.osMessageQueueNew)
    i.osMutexNew                             0x08003170   Section        0  cmsis_os2.o(i.osMutexNew)
    i.osSemaphoreNew                         0x0800320c   Section        0  cmsis_os2.o(i.osSemaphoreNew)
    i.osThreadNew                            0x080032c0   Section        0  cmsis_os2.o(i.osThreadNew)
    i.prvAddCurrentTaskToDelayedList         0x0800337c   Section        0  tasks.o(i.prvAddCurrentTaskToDelayedList)
    prvAddCurrentTaskToDelayedList           0x0800337d   Thumb Code    88  tasks.o(i.prvAddCurrentTaskToDelayedList)
    i.prvAddNewTaskToReadyList               0x080033dc   Section        0  tasks.o(i.prvAddNewTaskToReadyList)
    prvAddNewTaskToReadyList                 0x080033dd   Thumb Code   124  tasks.o(i.prvAddNewTaskToReadyList)
    i.prvCopyDataToQueue                     0x08003464   Section        0  queue.o(i.prvCopyDataToQueue)
    prvCopyDataToQueue                       0x08003465   Thumb Code   110  queue.o(i.prvCopyDataToQueue)
    i.prvHeapInit                            0x080034d4   Section        0  heap_4.o(i.prvHeapInit)
    prvHeapInit                              0x080034d5   Thumb Code    70  heap_4.o(i.prvHeapInit)
    i.prvInitialiseMutex                     0x08003524   Section        0  queue.o(i.prvInitialiseMutex)
    prvInitialiseMutex                       0x08003525   Thumb Code    24  queue.o(i.prvInitialiseMutex)
    i.prvInitialiseNewQueue                  0x0800353c   Section        0  queue.o(i.prvInitialiseNewQueue)
    prvInitialiseNewQueue                    0x0800353d   Thumb Code    34  queue.o(i.prvInitialiseNewQueue)
    i.prvInitialiseNewTask                   0x0800355e   Section        0  tasks.o(i.prvInitialiseNewTask)
    prvInitialiseNewTask                     0x0800355f   Thumb Code   148  tasks.o(i.prvInitialiseNewTask)
    i.prvInitialiseTaskLists                 0x080035f8   Section        0  tasks.o(i.prvInitialiseTaskLists)
    prvInitialiseTaskLists                   0x080035f9   Thumb Code    66  tasks.o(i.prvInitialiseTaskLists)
    i.prvInsertBlockIntoFreeList             0x08003658   Section        0  heap_4.o(i.prvInsertBlockIntoFreeList)
    prvInsertBlockIntoFreeList               0x08003659   Thumb Code    84  heap_4.o(i.prvInsertBlockIntoFreeList)
    i.prvIsQueueFull                         0x080036b4   Section        0  queue.o(i.prvIsQueueFull)
    prvIsQueueFull                           0x080036b5   Thumb Code    30  queue.o(i.prvIsQueueFull)
    i.prvResetNextTaskUnblockTime            0x080036d4   Section        0  tasks.o(i.prvResetNextTaskUnblockTime)
    prvResetNextTaskUnblockTime              0x080036d5   Thumb Code    30  tasks.o(i.prvResetNextTaskUnblockTime)
    i.prvTaskExitError                       0x080036f8   Section        0  port.o(i.prvTaskExitError)
    prvTaskExitError                         0x080036f9   Thumb Code    42  port.o(i.prvTaskExitError)
    i.prvUnlockQueue                         0x08003728   Section        0  queue.o(i.prvUnlockQueue)
    prvUnlockQueue                           0x08003729   Thumb Code   104  queue.o(i.prvUnlockQueue)
    i.pvPortMalloc                           0x08003790   Section        0  heap_4.o(i.pvPortMalloc)
    i.pxPortInitialiseStack                  0x08003878   Section        0  port.o(i.pxPortInitialiseStack)
    i.readSensors                            0x080038a4   Section        0  main.o(i.readSensors)
    i.ssd1306_I2C_Init                       0x080038e8   Section        0  ssd1306.o(i.ssd1306_I2C_Init)
    i.ssd1306_I2C_Write                      0x080038f4   Section        0  ssd1306.o(i.ssd1306_I2C_Write)
    i.ssd1306_I2C_WriteMulti                 0x08003914   Section        0  ssd1306.o(i.ssd1306_I2C_WriteMulti)
    i.string_compare                         0x0800394c   Section        0  mylibrary.o(i.string_compare)
    i.uxListRemove                           0x08003978   Section        0  list.o(i.uxListRemove)
    i.vListInitialise                        0x0800399e   Section        0  list.o(i.vListInitialise)
    i.vListInitialiseItem                    0x080039b4   Section        0  list.o(i.vListInitialiseItem)
    i.vListInsert                            0x080039ba   Section        0  list.o(i.vListInsert)
    i.vListInsertEnd                         0x080039f0   Section        0  list.o(i.vListInsertEnd)
    i.vPortEnterCritical                     0x08003a08   Section        0  port.o(i.vPortEnterCritical)
    i.vPortExitCritical                      0x08003a48   Section        0  port.o(i.vPortExitCritical)
    i.vPortFree                              0x08003a74   Section        0  heap_4.o(i.vPortFree)
    i.vQueueAddToRegistry                    0x08003ad8   Section        0  queue.o(i.vQueueAddToRegistry)
    i.vQueueDelete                           0x08003b00   Section        0  queue.o(i.vQueueDelete)
    i.vQueueUnregisterQueue                  0x08003b34   Section        0  queue.o(i.vQueueUnregisterQueue)
    i.vTaskDelay                             0x08003b5c   Section        0  tasks.o(i.vTaskDelay)
    i.vTaskInternalSetTimeOutState           0x08003bac   Section        0  tasks.o(i.vTaskInternalSetTimeOutState)
    i.vTaskMissedYield                       0x08003bbc   Section        0  tasks.o(i.vTaskMissedYield)
    i.vTaskPlaceOnEventList                  0x08003bc8   Section        0  tasks.o(i.vTaskPlaceOnEventList)
    i.vTaskSuspendAll                        0x08003bfc   Section        0  tasks.o(i.vTaskSuspendAll)
    i.vTaskSwitchContext                     0x08003c0c   Section        0  tasks.o(i.vTaskSwitchContext)
    i.xPortSysTickHandler                    0x08003c78   Section        0  port.o(i.xPortSysTickHandler)
    i.xQueueCreateCountingSemaphore          0x08003ca4   Section        0  queue.o(i.xQueueCreateCountingSemaphore)
    i.xQueueCreateCountingSemaphoreStatic    0x08003ce0   Section        0  queue.o(i.xQueueCreateCountingSemaphoreStatic)
    i.xQueueCreateMutex                      0x08003d22   Section        0  queue.o(i.xQueueCreateMutex)
    i.xQueueCreateMutexStatic                0x08003d3a   Section        0  queue.o(i.xQueueCreateMutexStatic)
    i.xQueueGenericCreate                    0x08003d56   Section        0  queue.o(i.xQueueGenericCreate)
    i.xQueueGenericCreateStatic              0x08003d9a   Section        0  queue.o(i.xQueueGenericCreateStatic)
    i.xQueueGenericReset                     0x08003e0c   Section        0  queue.o(i.xQueueGenericReset)
    i.xQueueGenericSend                      0x08003e9c   Section        0  queue.o(i.xQueueGenericSend)
    i.xTaskCheckForTimeOut                   0x0800400c   Section        0  tasks.o(i.xTaskCheckForTimeOut)
    i.xTaskCreate                            0x0800408c   Section        0  tasks.o(i.xTaskCreate)
    i.xTaskCreateStatic                      0x080040fe   Section        0  tasks.o(i.xTaskCreateStatic)
    i.xTaskGetSchedulerState                 0x08004160   Section        0  tasks.o(i.xTaskGetSchedulerState)
    i.xTaskIncrementTick                     0x0800417c   Section        0  tasks.o(i.xTaskIncrementTick)
    i.xTaskPriorityDisinherit                0x08004248   Section        0  tasks.o(i.xTaskPriorityDisinherit)
    i.xTaskRemoveFromEventList               0x080042c8   Section        0  tasks.o(i.xTaskRemoveFromEventList)
    i.xTaskResumeAll                         0x08004340   Section        0  tasks.o(i.xTaskResumeAll)
    .constdata                               0x0800440c   Section     3420  fonts.o(.constdata)
    .constdata                               0x08005168   Section      292  main.o(.constdata)
    .constdata                               0x0800528c   Section       64  system_stm32l4xx.o(.constdata)
    .constdata                               0x080052cc   Section        8  system_stm32l4xx.o(.constdata)
    .conststring                             0x080052d4   Section      140  main.o(.conststring)
    .data                                    0x20000000   Section        6  ssd1306.o(.data)
    SSD1306                                  0x20000000   Data           6  ssd1306.o(.data)
    .data                                    0x20000008   Section        8  fonts.o(.data)
    .data                                    0x20000010   Section       48  main.o(.data)
    .data                                    0x20000040   Section        4  main.o(.data)
    .data                                    0x20000044   Section        2  mylibrary.o(.data)
    .data                                    0x20000048   Section       12  stm32l4xx_hal.o(.data)
    .data                                    0x20000054   Section        4  system_stm32l4xx.o(.data)
    .data                                    0x20000058   Section       60  tasks.o(.data)
    uxDeletedTasksWaitingCleanUp             0x2000005c   Data           4  tasks.o(.data)
    uxCurrentNumberOfTasks                   0x20000060   Data           4  tasks.o(.data)
    xTickCount                               0x20000064   Data           4  tasks.o(.data)
    uxTopReadyPriority                       0x20000068   Data           4  tasks.o(.data)
    xSchedulerRunning                        0x2000006c   Data           4  tasks.o(.data)
    xPendedTicks                             0x20000070   Data           4  tasks.o(.data)
    xYieldPending                            0x20000074   Data           4  tasks.o(.data)
    xNumOfOverflows                          0x20000078   Data           4  tasks.o(.data)
    uxTaskNumber                             0x2000007c   Data           4  tasks.o(.data)
    xNextTaskUnblockTime                     0x20000080   Data           4  tasks.o(.data)
    xIdleTaskHandle                          0x20000084   Data           4  tasks.o(.data)
    uxSchedulerSuspended                     0x20000088   Data           4  tasks.o(.data)
    pxDelayedTaskList                        0x2000008c   Data           4  tasks.o(.data)
    pxOverflowDelayedTaskList                0x20000090   Data           4  tasks.o(.data)
    .data                                    0x20000094   Section        4  cmsis_os2.o(.data)
    KernelState                              0x20000094   Data           4  cmsis_os2.o(.data)
    .data                                    0x20000098   Section       32  heap_4.o(.data)
    pxEnd                                    0x20000098   Data           4  heap_4.o(.data)
    xFreeBytesRemaining                      0x2000009c   Data           4  heap_4.o(.data)
    xMinimumEverFreeBytesRemaining           0x200000a0   Data           4  heap_4.o(.data)
    xNumberOfSuccessfulAllocations           0x200000a4   Data           4  heap_4.o(.data)
    xNumberOfSuccessfulFrees                 0x200000a8   Data           4  heap_4.o(.data)
    xBlockAllocatedBit                       0x200000ac   Data           4  heap_4.o(.data)
    xStart                                   0x200000b0   Data           8  heap_4.o(.data)
    .data                                    0x200000b8   Section       12  port.o(.data)
    ucMaxSysCallPriority                     0x200000b8   Data           1  port.o(.data)
    uxCriticalNesting                        0x200000bc   Data           4  port.o(.data)
    ulMaxPRIGROUPValue                       0x200000c0   Data           4  port.o(.data)
    .bss                                     0x200000c4   Section     1024  ssd1306.o(.bss)
    SSD1306_Buffer                           0x200000c4   Data        1024  ssd1306.o(.bss)
    .bss                                     0x200004c4   Section      514  main.o(.bss)
    .bss                                     0x200006c8   Section       76  stm32l4xx_hal_timebase_tim.o(.bss)
    .bss                                     0x20000714   Section       50  mylibrary.o(.bss)
    .bss                                     0x20000748   Section       64  queue.o(.bss)
    .bss                                     0x20000788   Section     1220  tasks.o(.bss)
    pxReadyTasksLists                        0x20000788   Data        1120  tasks.o(.bss)
    xDelayedTaskList1                        0x20000be8   Data          20  tasks.o(.bss)
    xDelayedTaskList2                        0x20000bfc   Data          20  tasks.o(.bss)
    xPendingReadyList                        0x20000c10   Data          20  tasks.o(.bss)
    xTasksWaitingTermination                 0x20000c24   Data          20  tasks.o(.bss)
    xSuspendedTaskList                       0x20000c38   Data          20  tasks.o(.bss)
    .bss                                     0x20000c4c   Section     4000  heap_4.o(.bss)
    ucHeap                                   0x20000c4c   Data        4000  heap_4.o(.bss)
    STACK                                    0x20001bf0   Section     1024  startup_stm32l432xx.o(STACK)

    Global Symbols

    Symbol Name                              Value     Ov Type        Size  Object(Section)

    BuildAttributes$$THM_ISAv4$E$P$D$K$B$S$7EM$VFPi3$EXTD16$VFPS$VFMA$PE$A:L22UL41UL21$X:L11$S22US41US21$IEEE1$IW$USESV6$~STKCKD$USESV7$~SHL$OTIME$EBA8$MICROLIB$REQ8$PRES8$EABIv2 0x00000000   Number         0  anon$$obj.o ABSOLUTE
    __ARM_use_no_argv                        0x00000000   Number         0  main.o ABSOLUTE
    __arm_fini_                               - Undefined Weak Reference
    __cpp_initialize__aeabi_                  - Undefined Weak Reference
    __cxa_finalize                            - Undefined Weak Reference
    __decompress                              - Undefined Weak Reference
    _clock_init                               - Undefined Weak Reference
    _microlib_exit                            - Undefined Weak Reference
    __Vectors_Size                           0x0000018c   Number         0  startup_stm32l432xx.o ABSOLUTE
    __Vectors                                0x08000000   Data           4  startup_stm32l432xx.o(RESET)
    __Vectors_End                            0x0800018c   Data           0  startup_stm32l432xx.o(RESET)
    __main                                   0x0800018d   Thumb Code     0  entry.o(.ARM.Collect$$$$00000000)
    _main_stk                                0x0800018d   Thumb Code     0  entry2.o(.ARM.Collect$$$$00000001)
    _main_scatterload                        0x08000191   Thumb Code     0  entry5.o(.ARM.Collect$$$$00000004)
    __main_after_scatterload                 0x08000195   Thumb Code     0  entry5.o(.ARM.Collect$$$$00000004)
    _main_clock                              0x08000195   Thumb Code     0  entry7b.o(.ARM.Collect$$$$00000008)
    _main_cpp_init                           0x08000195   Thumb Code     0  entry8b.o(.ARM.Collect$$$$0000000A)
    _main_init                               0x08000195   Thumb Code     0  entry9a.o(.ARM.Collect$$$$0000000B)
    __rt_lib_shutdown_fini                   0x0800019d   Thumb Code     0  entry12b.o(.ARM.Collect$$$$0000000E)
    __rt_final_cpp                           0x080001a1   Thumb Code     0  entry10a.o(.ARM.Collect$$$$0000000F)
    __rt_final_exit                          0x080001a1   Thumb Code     0  entry11a.o(.ARM.Collect$$$$00000011)
    SVC_Handler                              0x080001a5   Thumb Code    28  port.o(.emb_text)
    __asm___6_port_c_39a90d8d__prvStartFirstTask 0x080001c5   Thumb Code    36  port.o(.emb_text)
    __asm___6_port_c_39a90d8d__prvEnableVFP  0x080001ed   Thumb Code    16  port.o(.emb_text)
    PendSV_Handler                           0x08000201   Thumb Code    88  port.o(.emb_text)
    vPortGetIPSR                             0x0800025d   Thumb Code     6  port.o(.emb_text)
    Reset_Handler                            0x08000285   Thumb Code     8  startup_stm32l432xx.o(.text)
    ADC1_IRQHandler                          0x0800029f   Thumb Code     0  startup_stm32l432xx.o(.text)
    CAN1_RX0_IRQHandler                      0x0800029f   Thumb Code     0  startup_stm32l432xx.o(.text)
    CAN1_RX1_IRQHandler                      0x0800029f   Thumb Code     0  startup_stm32l432xx.o(.text)
    CAN1_SCE_IRQHandler                      0x0800029f   Thumb Code     0  startup_stm32l432xx.o(.text)
    CAN1_TX_IRQHandler                       0x0800029f   Thumb Code     0  startup_stm32l432xx.o(.text)
    COMP_IRQHandler                          0x0800029f   Thumb Code     0  startup_stm32l432xx.o(.text)
    CRS_IRQHandler                           0x0800029f   Thumb Code     0  startup_stm32l432xx.o(.text)
    DMA1_Channel1_IRQHandler                 0x0800029f   Thumb Code     0  startup_stm32l432xx.o(.text)
    DMA1_Channel2_IRQHandler                 0x0800029f   Thumb Code     0  startup_stm32l432xx.o(.text)
    DMA1_Channel3_IRQHandler                 0x0800029f   Thumb Code     0  startup_stm32l432xx.o(.text)
    DMA1_Channel4_IRQHandler                 0x0800029f   Thumb Code     0  startup_stm32l432xx.o(.text)
    DMA1_Channel5_IRQHandler                 0x0800029f   Thumb Code     0  startup_stm32l432xx.o(.text)
    DMA1_Channel6_IRQHandler                 0x0800029f   Thumb Code     0  startup_stm32l432xx.o(.text)
    DMA1_Channel7_IRQHandler                 0x0800029f   Thumb Code     0  startup_stm32l432xx.o(.text)
    DMA2_Channel1_IRQHandler                 0x0800029f   Thumb Code     0  startup_stm32l432xx.o(.text)
    DMA2_Channel2_IRQHandler                 0x0800029f   Thumb Code     0  startup_stm32l432xx.o(.text)
    DMA2_Channel3_IRQHandler                 0x0800029f   Thumb Code     0  startup_stm32l432xx.o(.text)
    DMA2_Channel4_IRQHandler                 0x0800029f   Thumb Code     0  startup_stm32l432xx.o(.text)
    DMA2_Channel5_IRQHandler                 0x0800029f   Thumb Code     0  startup_stm32l432xx.o(.text)
    DMA2_Channel6_IRQHandler                 0x0800029f   Thumb Code     0  startup_stm32l432xx.o(.text)
    DMA2_Channel7_IRQHandler                 0x0800029f   Thumb Code     0  startup_stm32l432xx.o(.text)
    EXTI0_IRQHandler                         0x0800029f   Thumb Code     0  startup_stm32l432xx.o(.text)
    EXTI15_10_IRQHandler                     0x0800029f   Thumb Code     0  startup_stm32l432xx.o(.text)
    EXTI1_IRQHandler                         0x0800029f   Thumb Code     0  startup_stm32l432xx.o(.text)
    EXTI2_IRQHandler                         0x0800029f   Thumb Code     0  startup_stm32l432xx.o(.text)
    EXTI3_IRQHandler                         0x0800029f   Thumb Code     0  startup_stm32l432xx.o(.text)
    EXTI4_IRQHandler                         0x0800029f   Thumb Code     0  startup_stm32l432xx.o(.text)
    EXTI9_5_IRQHandler                       0x0800029f   Thumb Code     0  startup_stm32l432xx.o(.text)
    FLASH_IRQHandler                         0x0800029f   Thumb Code     0  startup_stm32l432xx.o(.text)
    FPU_IRQHandler                           0x0800029f   Thumb Code     0  startup_stm32l432xx.o(.text)
    I2C1_ER_IRQHandler                       0x0800029f   Thumb Code     0  startup_stm32l432xx.o(.text)
    I2C1_EV_IRQHandler                       0x0800029f   Thumb Code     0  startup_stm32l432xx.o(.text)
    I2C3_ER_IRQHandler                       0x0800029f   Thumb Code     0  startup_stm32l432xx.o(.text)
    I2C3_EV_IRQHandler                       0x0800029f   Thumb Code     0  startup_stm32l432xx.o(.text)
    LPTIM1_IRQHandler                        0x0800029f   Thumb Code     0  startup_stm32l432xx.o(.text)
    LPTIM2_IRQHandler                        0x0800029f   Thumb Code     0  startup_stm32l432xx.o(.text)
    LPUART1_IRQHandler                       0x0800029f   Thumb Code     0  startup_stm32l432xx.o(.text)
    PVD_PVM_IRQHandler                       0x0800029f   Thumb Code     0  startup_stm32l432xx.o(.text)
    QUADSPI_IRQHandler                       0x0800029f   Thumb Code     0  startup_stm32l432xx.o(.text)
    RCC_IRQHandler                           0x0800029f   Thumb Code     0  startup_stm32l432xx.o(.text)
    RNG_IRQHandler                           0x0800029f   Thumb Code     0  startup_stm32l432xx.o(.text)
    RTC_Alarm_IRQHandler                     0x0800029f   Thumb Code     0  startup_stm32l432xx.o(.text)
    RTC_WKUP_IRQHandler                      0x0800029f   Thumb Code     0  startup_stm32l432xx.o(.text)
    SAI1_IRQHandler                          0x0800029f   Thumb Code     0  startup_stm32l432xx.o(.text)
    SPI1_IRQHandler                          0x0800029f   Thumb Code     0  startup_stm32l432xx.o(.text)
    SPI3_IRQHandler                          0x0800029f   Thumb Code     0  startup_stm32l432xx.o(.text)
    SWPMI1_IRQHandler                        0x0800029f   Thumb Code     0  startup_stm32l432xx.o(.text)
    TAMP_STAMP_IRQHandler                    0x0800029f   Thumb Code     0  startup_stm32l432xx.o(.text)
    TIM1_BRK_TIM15_IRQHandler                0x0800029f   Thumb Code     0  startup_stm32l432xx.o(.text)
    TIM1_CC_IRQHandler                       0x0800029f   Thumb Code     0  startup_stm32l432xx.o(.text)
    TIM1_TRG_COM_IRQHandler                  0x0800029f   Thumb Code     0  startup_stm32l432xx.o(.text)
    TIM2_IRQHandler                          0x0800029f   Thumb Code     0  startup_stm32l432xx.o(.text)
    TIM6_DAC_IRQHandler                      0x0800029f   Thumb Code     0  startup_stm32l432xx.o(.text)
    TIM7_IRQHandler                          0x0800029f   Thumb Code     0  startup_stm32l432xx.o(.text)
    TSC_IRQHandler                           0x0800029f   Thumb Code     0  startup_stm32l432xx.o(.text)
    USB_IRQHandler                           0x0800029f   Thumb Code     0  startup_stm32l432xx.o(.text)
    WWDG_IRQHandler                          0x0800029f   Thumb Code     0  startup_stm32l432xx.o(.text)
    __aeabi_uldivmod                         0x080002a9   Thumb Code    98  uldiv.o(.text)
    __aeabi_memcpy                           0x08000311   Thumb Code    36  memcpya.o(.text)
    __aeabi_memcpy4                          0x08000311   Thumb Code     0  memcpya.o(.text)
    __aeabi_memcpy8                          0x08000311   Thumb Code     0  memcpya.o(.text)
    __aeabi_memset                           0x08000335   Thumb Code    14  memseta.o(.text)
    __aeabi_memset4                          0x08000335   Thumb Code     0  memseta.o(.text)
    __aeabi_memset8                          0x08000335   Thumb Code     0  memseta.o(.text)
    __aeabi_memclr                           0x08000343   Thumb Code     4  memseta.o(.text)
    __aeabi_memclr4                          0x08000343   Thumb Code     0  memseta.o(.text)
    __aeabi_memclr8                          0x08000343   Thumb Code     0  memseta.o(.text)
    memset                                   0x08000347   Thumb Code    18  memseta.o(.text)
    strncpy                                  0x08000359   Thumb Code    24  strncpy.o(.text)
    strlen                                   0x08000371   Thumb Code    14  strlen.o(.text)
    __aeabi_llsl                             0x0800037f   Thumb Code    30  llshl.o(.text)
    _ll_shift_l                              0x0800037f   Thumb Code     0  llshl.o(.text)
    __aeabi_llsr                             0x0800039d   Thumb Code    32  llushr.o(.text)
    _ll_ushift_r                             0x0800039d   Thumb Code     0  llushr.o(.text)
    __scatterload                            0x080003bd   Thumb Code    28  init.o(.text)
    __scatterload_rt2                        0x080003bd   Thumb Code     0  init.o(.text)
    BusFault_Handler                         0x080003e1   Thumb Code     2  stm32l4xx_it.o(i.BusFault_Handler)
    DebugMon_Handler                         0x080003e3   Thumb Code     2  stm32l4xx_it.o(i.DebugMon_Handler)
    DisplayOLED                              0x080003e5   Thumb Code    48  main.o(i.DisplayOLED)
    DisplaySlot                              0x08000419   Thumb Code    74  main.o(i.DisplaySlot)
    HAL_DMA_Abort                            0x08000469   Thumb Code    74  stm32l4xx_hal_dma.o(i.HAL_DMA_Abort)
    HAL_DMA_Abort_IT                         0x080004b3   Thumb Code    78  stm32l4xx_hal_dma.o(i.HAL_DMA_Abort_IT)
    HAL_GPIO_Init                            0x08000501   Thumb Code   392  stm32l4xx_hal_gpio.o(i.HAL_GPIO_Init)
    HAL_GPIO_ReadPin                         0x080006a3   Thumb Code    10  stm32l4xx_hal_gpio.o(i.HAL_GPIO_ReadPin)
    HAL_GetTick                              0x080006ad   Thumb Code     6  stm32l4xx_hal.o(i.HAL_GetTick)
    HAL_I2CEx_ConfigAnalogFilter             0x080006b9   Thumb Code    86  stm32l4xx_hal_i2c_ex.o(i.HAL_I2CEx_ConfigAnalogFilter)
    HAL_I2CEx_ConfigDigitalFilter            0x0800070f   Thumb Code    82  stm32l4xx_hal_i2c_ex.o(i.HAL_I2CEx_ConfigDigitalFilter)
    HAL_I2C_Init                             0x08000761   Thumb Code   178  stm32l4xx_hal_i2c.o(i.HAL_I2C_Init)
    HAL_I2C_IsDeviceReady                    0x08000819   Thumb Code   282  stm32l4xx_hal_i2c.o(i.HAL_I2C_IsDeviceReady)
    HAL_I2C_Master_Transmit                  0x08000945   Thumb Code   282  stm32l4xx_hal_i2c.o(i.HAL_I2C_Master_Transmit)
    HAL_I2C_MspInit                          0x08000a71   Thumb Code    92  stm32l4xx_hal_msp.o(i.HAL_I2C_MspInit)
    HAL_IncTick                              0x08000ad5   Thumb Code    12  stm32l4xx_hal.o(i.HAL_IncTick)
    HAL_Init                                 0x08000ae5   Thumb Code    30  stm32l4xx_hal.o(i.HAL_Init)
    HAL_InitTick                             0x08000b05   Thumb Code    98  stm32l4xx_hal_timebase_tim.o(i.HAL_InitTick)
    HAL_MspInit                              0x08000b79   Thumb Code    48  stm32l4xx_hal_msp.o(i.HAL_MspInit)
    HAL_NVIC_EnableIRQ                       0x08000bad   Thumb Code    26  stm32l4xx_hal_cortex.o(i.HAL_NVIC_EnableIRQ)
    HAL_NVIC_SetPriority                     0x08000bc9   Thumb Code    60  stm32l4xx_hal_cortex.o(i.HAL_NVIC_SetPriority)
    HAL_NVIC_SetPriorityGrouping             0x08000c09   Thumb Code    26  stm32l4xx_hal_cortex.o(i.HAL_NVIC_SetPriorityGrouping)
    HAL_PWREx_ControlVoltageScaling          0x08000c2d   Thumb Code    90  stm32l4xx_hal_pwr_ex.o(i.HAL_PWREx_ControlVoltageScaling)
    HAL_PWREx_GetVoltageRange                0x08000c95   Thumb Code    10  stm32l4xx_hal_pwr_ex.o(i.HAL_PWREx_GetVoltageRange)
    HAL_PWR_EnableBkUpAccess                 0x08000ca5   Thumb Code    12  stm32l4xx_hal_pwr.o(i.HAL_PWR_EnableBkUpAccess)
    HAL_RCCEx_EnableMSIPLLMode               0x08000cb5   Thumb Code    12  stm32l4xx_hal_rcc_ex.o(i.HAL_RCCEx_EnableMSIPLLMode)
    HAL_RCCEx_PeriphCLKConfig                0x08000cc5   Thumb Code   634  stm32l4xx_hal_rcc_ex.o(i.HAL_RCCEx_PeriphCLKConfig)
    HAL_RCC_ClockConfig                      0x08000f51   Thumb Code   266  stm32l4xx_hal_rcc.o(i.HAL_RCC_ClockConfig)
    HAL_RCC_GetClockConfig                   0x08001071   Thumb Code    54  stm32l4xx_hal_rcc.o(i.HAL_RCC_GetClockConfig)
    HAL_RCC_GetPCLK1Freq                     0x080010b1   Thumb Code    24  stm32l4xx_hal_rcc.o(i.HAL_RCC_GetPCLK1Freq)
    HAL_RCC_GetPCLK2Freq                     0x080010d5   Thumb Code    24  stm32l4xx_hal_rcc.o(i.HAL_RCC_GetPCLK2Freq)
    HAL_RCC_GetSysClockFreq                  0x080010f9   Thumb Code   150  stm32l4xx_hal_rcc.o(i.HAL_RCC_GetSysClockFreq)
    HAL_RCC_OscConfig                        0x0800119d   Thumb Code  1382  stm32l4xx_hal_rcc.o(i.HAL_RCC_OscConfig)
    HAL_TIMEx_Break2Callback                 0x08001709   Thumb Code     2  stm32l4xx_hal_tim_ex.o(i.HAL_TIMEx_Break2Callback)
    HAL_TIMEx_BreakCallback                  0x0800170b   Thumb Code     2  stm32l4xx_hal_tim_ex.o(i.HAL_TIMEx_BreakCallback)
    HAL_TIMEx_CommutCallback                 0x0800170d   Thumb Code     2  stm32l4xx_hal_tim_ex.o(i.HAL_TIMEx_CommutCallback)
    HAL_TIMEx_MasterConfigSynchronization    0x08001711   Thumb Code    98  stm32l4xx_hal_tim_ex.o(i.HAL_TIMEx_MasterConfigSynchronization)
    HAL_TIM_Base_Init                        0x0800177d   Thumb Code    98  stm32l4xx_hal_tim.o(i.HAL_TIM_Base_Init)
    HAL_TIM_Base_MspInit                     0x080017e1   Thumb Code    30  stm32l4xx_hal_msp.o(i.HAL_TIM_Base_MspInit)
    HAL_TIM_Base_Start_IT                    0x08001805   Thumb Code    76  stm32l4xx_hal_tim.o(i.HAL_TIM_Base_Start_IT)
    HAL_TIM_ConfigClockSource                0x0800185d   Thumb Code   214  stm32l4xx_hal_tim.o(i.HAL_TIM_ConfigClockSource)
    HAL_TIM_IC_CaptureCallback               0x08001939   Thumb Code     2  stm32l4xx_hal_tim.o(i.HAL_TIM_IC_CaptureCallback)
    HAL_TIM_IRQHandler                       0x0800193b   Thumb Code   388  stm32l4xx_hal_tim.o(i.HAL_TIM_IRQHandler)
    HAL_TIM_OC_DelayElapsedCallback          0x08001abf   Thumb Code     2  stm32l4xx_hal_tim.o(i.HAL_TIM_OC_DelayElapsedCallback)
    HAL_TIM_PWM_PulseFinishedCallback        0x08001ac1   Thumb Code     2  stm32l4xx_hal_tim.o(i.HAL_TIM_PWM_PulseFinishedCallback)
    HAL_TIM_PeriodElapsedCallback            0x08001ac5   Thumb Code    14  main.o(i.HAL_TIM_PeriodElapsedCallback)
    HAL_TIM_TriggerCallback                  0x08001ad9   Thumb Code     2  stm32l4xx_hal_tim.o(i.HAL_TIM_TriggerCallback)
    HAL_UARTEx_RxEventCallback               0x08001adb   Thumb Code     2  stm32l4xx_hal_uart.o(i.HAL_UARTEx_RxEventCallback)
    HAL_UARTEx_WakeupCallback                0x08001add   Thumb Code     2  stm32l4xx_hal_uart_ex.o(i.HAL_UARTEx_WakeupCallback)
    HAL_UART_ErrorCallback                   0x08001adf   Thumb Code     2  stm32l4xx_hal_uart.o(i.HAL_UART_ErrorCallback)
    HAL_UART_IRQHandler                      0x08001ae1   Thumb Code   562  stm32l4xx_hal_uart.o(i.HAL_UART_IRQHandler)
    HAL_UART_Init                            0x08001d1d   Thumb Code   102  stm32l4xx_hal_uart.o(i.HAL_UART_Init)
    HAL_UART_MspInit                         0x08001d85   Thumb Code   178  stm32l4xx_hal_msp.o(i.HAL_UART_MspInit)
    HAL_UART_Receive                         0x08001e49   Thumb Code   248  stm32l4xx_hal_uart.o(i.HAL_UART_Receive)
    HAL_UART_Transmit                        0x08001f49   Thumb Code   182  stm32l4xx_hal_uart.o(i.HAL_UART_Transmit)
    HAL_UART_TxCpltCallback                  0x08001fff   Thumb Code     2  stm32l4xx_hal_uart.o(i.HAL_UART_TxCpltCallback)
    HardFault_Handler                        0x08002001   Thumb Code     2  stm32l4xx_it.o(i.HardFault_Handler)
    MemManage_Handler                        0x08002361   Thumb Code     2  stm32l4xx_it.o(i.MemManage_Handler)
    NMI_Handler                              0x08002363   Thumb Code     2  stm32l4xx_it.o(i.NMI_Handler)
    SSD1306_Clear                            0x0800250d   Thumb Code    16  ssd1306.o(i.SSD1306_Clear)
    SSD1306_DrawPixel                        0x0800251d   Thumb Code    54  ssd1306.o(i.SSD1306_DrawPixel)
    SSD1306_Fill                             0x0800255d   Thumb Code    18  ssd1306.o(i.SSD1306_Fill)
    SSD1306_GotoXY                           0x08002575   Thumb Code     8  ssd1306.o(i.SSD1306_GotoXY)
    SSD1306_Init                             0x08002581   Thumb Code   350  ssd1306.o(i.SSD1306_Init)
    SSD1306_Putc                             0x080026e9   Thumb Code   156  ssd1306.o(i.SSD1306_Putc)
    SSD1306_Puts                             0x08002789   Thumb Code    40  ssd1306.o(i.SSD1306_Puts)
    SSD1306_UpdateScreen                     0x080027b1   Thumb Code    66  ssd1306.o(i.SSD1306_UpdateScreen)
    StartDefaultTask                         0x080027f9   Thumb Code     8  main.o(i.StartDefaultTask)
    StartTask02                              0x08002801   Thumb Code    70  main.o(i.StartTask02)
    StartTask03                              0x08002861   Thumb Code    18  main.o(i.StartTask03)
    StartTask04                              0x08002879   Thumb Code     8  main.o(i.StartTask04)
    StartTask05                              0x08002881   Thumb Code     8  main.o(i.StartTask05)
    SysTick_Handler                          0x08002889   Thumb Code    26  cmsis_os2.o(i.SysTick_Handler)
    SystemClock_Config                       0x080028a5   Thumb Code   166  main.o(i.SystemClock_Config)
    SystemInit                               0x08002951   Thumb Code    48  system_stm32l4xx.o(i.SystemInit)
    TIM1_UP_TIM16_IRQHandler                 0x0800298d   Thumb Code     6  stm32l4xx_it.o(i.TIM1_UP_TIM16_IRQHandler)
    TIM_Base_SetConfig                       0x08002999   Thumb Code    94  stm32l4xx_hal_tim.o(i.TIM_Base_SetConfig)
    TIM_ETR_SetConfig                        0x08002a05   Thumb Code    20  stm32l4xx_hal_tim.o(i.TIM_ETR_SetConfig)
    UART_AdvFeatureConfig                    0x08002a6f   Thumb Code   200  stm32l4xx_hal_uart.o(i.UART_AdvFeatureConfig)
    UART_CheckIdleState                      0x08002b37   Thumb Code    92  stm32l4xx_hal_uart.o(i.UART_CheckIdleState)
    UART_SetConfig                           0x08002bd9   Thumb Code   450  stm32l4xx_hal_uart.o(i.UART_SetConfig)
    UART_WaitOnFlagUntilTimeout              0x08002db9   Thumb Code   164  stm32l4xx_hal_uart.o(i.UART_WaitOnFlagUntilTimeout)
    USART1_IRQHandler                        0x08002e5d   Thumb Code   148  stm32l4xx_it.o(i.USART1_IRQHandler)
    USART2_IRQHandler                        0x08002f35   Thumb Code     6  stm32l4xx_it.o(i.USART2_IRQHandler)
    UsageFault_Handler                       0x08002f41   Thumb Code     2  stm32l4xx_it.o(i.UsageFault_Handler)
    __scatterload_copy                       0x08002f63   Thumb Code    14  handlers.o(i.__scatterload_copy)
    __scatterload_null                       0x08002f71   Thumb Code     2  handlers.o(i.__scatterload_null)
    __scatterload_zeroinit                   0x08002f73   Thumb Code    14  handlers.o(i.__scatterload_zeroinit)
    main                                     0x08002f81   Thumb Code   248  main.o(i.main)
    osDelay                                  0x080030a1   Thumb Code    30  cmsis_os2.o(i.osDelay)
    osKernelInitialize                       0x080030c1   Thumb Code    34  cmsis_os2.o(i.osKernelInitialize)
    osMessageQueueNew                        0x080030e9   Thumb Code   136  cmsis_os2.o(i.osMessageQueueNew)
    osMutexNew                               0x08003171   Thumb Code   156  cmsis_os2.o(i.osMutexNew)
    osSemaphoreNew                           0x0800320d   Thumb Code   180  cmsis_os2.o(i.osSemaphoreNew)
    osThreadNew                              0x080032c1   Thumb Code   188  cmsis_os2.o(i.osThreadNew)
    pvPortMalloc                             0x08003791   Thumb Code   224  heap_4.o(i.pvPortMalloc)
    pxPortInitialiseStack                    0x08003879   Thumb Code    38  port.o(i.pxPortInitialiseStack)
    readSensors                              0x080038a5   Thumb Code    62  main.o(i.readSensors)
    ssd1306_I2C_Init                         0x080038e9   Thumb Code     8  ssd1306.o(i.ssd1306_I2C_Init)
    ssd1306_I2C_Write                        0x080038f5   Thumb Code    28  ssd1306.o(i.ssd1306_I2C_Write)
    ssd1306_I2C_WriteMulti                   0x08003915   Thumb Code    50  ssd1306.o(i.ssd1306_I2C_WriteMulti)
    string_compare                           0x0800394d   Thumb Code    44  mylibrary.o(i.string_compare)
    uxListRemove                             0x08003979   Thumb Code    38  list.o(i.uxListRemove)
    vListInitialise                          0x0800399f   Thumb Code    22  list.o(i.vListInitialise)
    vListInitialiseItem                      0x080039b5   Thumb Code     6  list.o(i.vListInitialiseItem)
    vListInsert                              0x080039bb   Thumb Code    54  list.o(i.vListInsert)
    vListInsertEnd                           0x080039f1   Thumb Code    24  list.o(i.vListInsertEnd)
    vPortEnterCritical                       0x08003a09   Thumb Code    54  port.o(i.vPortEnterCritical)
    vPortExitCritical                        0x08003a49   Thumb Code    38  port.o(i.vPortExitCritical)
    vPortFree                                0x08003a75   Thumb Code    94  heap_4.o(i.vPortFree)
    vQueueAddToRegistry                      0x08003ad9   Thumb Code    34  queue.o(i.vQueueAddToRegistry)
    vQueueDelete                             0x08003b01   Thumb Code    50  queue.o(i.vQueueDelete)
    vQueueUnregisterQueue                    0x08003b35   Thumb Code    36  queue.o(i.vQueueUnregisterQueue)
    vTaskDelay                               0x08003b5d   Thumb Code    70  tasks.o(i.vTaskDelay)
    vTaskInternalSetTimeOutState             0x08003bad   Thumb Code    12  tasks.o(i.vTaskInternalSetTimeOutState)
    vTaskMissedYield                         0x08003bbd   Thumb Code     8  tasks.o(i.vTaskMissedYield)
    vTaskPlaceOnEventList                    0x08003bc9   Thumb Code    48  tasks.o(i.vTaskPlaceOnEventList)
    vTaskSuspendAll                          0x08003bfd   Thumb Code    10  tasks.o(i.vTaskSuspendAll)
    vTaskSwitchContext                       0x08003c0d   Thumb Code   100  tasks.o(i.vTaskSwitchContext)
    xPortSysTickHandler                      0x08003c79   Thumb Code    38  port.o(i.xPortSysTickHandler)
    xQueueCreateCountingSemaphore            0x08003ca5   Thumb Code    60  queue.o(i.xQueueCreateCountingSemaphore)
    xQueueCreateCountingSemaphoreStatic      0x08003ce1   Thumb Code    66  queue.o(i.xQueueCreateCountingSemaphoreStatic)
    xQueueCreateMutex                        0x08003d23   Thumb Code    24  queue.o(i.xQueueCreateMutex)
    xQueueCreateMutexStatic                  0x08003d3b   Thumb Code    28  queue.o(i.xQueueCreateMutexStatic)
    xQueueGenericCreate                      0x08003d57   Thumb Code    68  queue.o(i.xQueueGenericCreate)
    xQueueGenericCreateStatic                0x08003d9b   Thumb Code   112  queue.o(i.xQueueGenericCreateStatic)
    xQueueGenericReset                       0x08003e0d   Thumb Code   138  queue.o(i.xQueueGenericReset)
    xQueueGenericSend                        0x08003e9d   Thumb Code   362  queue.o(i.xQueueGenericSend)
    xTaskCheckForTimeOut                     0x0800400d   Thumb Code   122  tasks.o(i.xTaskCheckForTimeOut)
    xTaskCreate                              0x0800408d   Thumb Code   108  tasks.o(i.xTaskCreate)
    xTaskCreateStatic                        0x080040ff   Thumb Code    96  tasks.o(i.xTaskCreateStatic)
    xTaskGetSchedulerState                   0x08004161   Thumb Code    24  tasks.o(i.xTaskGetSchedulerState)
    xTaskIncrementTick                       0x0800417d   Thumb Code   196  tasks.o(i.xTaskIncrementTick)
    xTaskPriorityDisinherit                  0x08004249   Thumb Code   118  tasks.o(i.xTaskPriorityDisinherit)
    xTaskRemoveFromEventList                 0x080042c9   Thumb Code   106  tasks.o(i.xTaskRemoveFromEventList)
    xTaskResumeAll                           0x08004341   Thumb Code   190  tasks.o(i.xTaskResumeAll)
    Font11x18                                0x0800440c   Data        3420  fonts.o(.constdata)
    defaultTask_attributes                   0x08005168   Data          36  main.o(.constdata)
    myTask02_attributes                      0x0800518c   Data          36  main.o(.constdata)
    myTask03_attributes                      0x080051b0   Data          36  main.o(.constdata)
    myTask04_attributes                      0x080051d4   Data          36  main.o(.constdata)
    myTask05_attributes                      0x080051f8   Data          36  main.o(.constdata)
    myQueue01_attributes                     0x0800521c   Data          24  main.o(.constdata)
    myQueue02_attributes                     0x08005234   Data          24  main.o(.constdata)
    myMutex01_attributes                     0x0800524c   Data          16  main.o(.constdata)
    myMutex02_attributes                     0x0800525c   Data          16  main.o(.constdata)
    myBinarySem01_attributes                 0x0800526c   Data          16  main.o(.constdata)
    myBinarySem02_attributes                 0x0800527c   Data          16  main.o(.constdata)
    AHBPrescTable                            0x0800528c   Data          16  system_stm32l4xx.o(.constdata)
    MSIRangeTable                            0x0800529c   Data          48  system_stm32l4xx.o(.constdata)
    APBPrescTable                            0x080052cc   Data           8  system_stm32l4xx.o(.constdata)
    Region$$Table$$Base                      0x08005360   Number         0  anon$$obj.o(Region$$Table)
    Region$$Table$$Limit                     0x08005380   Number         0  anon$$obj.o(Region$$Table)
    Font_11x18                               0x20000008   Data           8  fonts.o(.data)
    slots_num                                0x20000010   Data           4  main.o(.data)
    defaultTaskHandle                        0x20000014   Data           4  main.o(.data)
    myTask02Handle                           0x20000018   Data           4  main.o(.data)
    myTask03Handle                           0x2000001c   Data           4  main.o(.data)
    myTask04Handle                           0x20000020   Data           4  main.o(.data)
    myTask05Handle                           0x20000024   Data           4  main.o(.data)
    myQueue01Handle                          0x20000028   Data           4  main.o(.data)
    myQueue02Handle                          0x2000002c   Data           4  main.o(.data)
    myMutex01Handle                          0x20000030   Data           4  main.o(.data)
    myMutex02Handle                          0x20000034   Data           4  main.o(.data)
    myBinarySem01Handle                      0x20000038   Data           4  main.o(.data)
    myBinarySem02Handle                      0x2000003c   Data           4  main.o(.data)
    i                                        0x20000040   Data           4  main.o(.data)
    timer_count                              0x20000044   Data           1  mylibrary.o(.data)
    buffer_index                             0x20000045   Data           1  mylibrary.o(.data)
    uwTickFreq                               0x20000048   Data           1  stm32l4xx_hal.o(.data)
    uwTickPrio                               0x2000004c   Data           4  stm32l4xx_hal.o(.data)
    uwTick                                   0x20000050   Data           4  stm32l4xx_hal.o(.data)
    SystemCoreClock                          0x20000054   Data           4  system_stm32l4xx.o(.data)
    pxCurrentTCB                             0x20000058   Data           4  tasks.o(.data)
    hi2c1                                    0x200004c4   Data          76  main.o(.bss)
    htim2                                    0x20000510   Data          76  main.o(.bss)
    huart1                                   0x2000055c   Data         132  main.o(.bss)
    huart2                                   0x200005e0   Data         132  main.o(.bss)
    slots                                    0x20000664   Data          48  main.o(.bss)
    BluetoothMsg                             0x20000694   Data          50  main.o(.bss)
    htim1                                    0x200006c8   Data          76  stm32l4xx_hal_timebase_tim.o(.bss)
    buffer                                   0x20000714   Data          50  mylibrary.o(.bss)
    xQueueRegistry                           0x20000748   Data          64  queue.o(.bss)
    __initial_sp                             0x20001ff0   Data           0  startup_stm32l432xx.o(STACK)



==============================================================================

Memory Map of the image

  Image Entry point : 0x0800018d

  Load Region LR_IROM1 (Base: 0x08000000, Size: 0x00005444, Max: 0x00040000, ABSOLUTE)

    Execution Region ER_IROM1 (Exec base: 0x08000000, Load base: 0x08000000, Size: 0x00005380, Max: 0x00040000, ABSOLUTE)

    Exec Addr    Load Addr    Size         Type   Attr      Idx    E Section Name        Object

    0x08000000   0x08000000   0x0000018c   Data   RO            3    RESET               startup_stm32l432xx.o
    0x0800018c   0x0800018c   0x00000000   Code   RO         6006  * .ARM.Collect$$$$00000000  mc_w.l(entry.o)
    0x0800018c   0x0800018c   0x00000004   Code   RO         6025    .ARM.Collect$$$$00000001  mc_w.l(entry2.o)
    0x08000190   0x08000190   0x00000004   Code   RO         6028    .ARM.Collect$$$$00000004  mc_w.l(entry5.o)
    0x08000194   0x08000194   0x00000000   Code   RO         6030    .ARM.Collect$$$$00000008  mc_w.l(entry7b.o)
    0x08000194   0x08000194   0x00000000   Code   RO         6032    .ARM.Collect$$$$0000000A  mc_w.l(entry8b.o)
    0x08000194   0x08000194   0x00000008   Code   RO         6033    .ARM.Collect$$$$0000000B  mc_w.l(entry9a.o)
    0x0800019c   0x0800019c   0x00000004   Code   RO         6040    .ARM.Collect$$$$0000000E  mc_w.l(entry12b.o)
    0x080001a0   0x080001a0   0x00000000   Code   RO         6035    .ARM.Collect$$$$0000000F  mc_w.l(entry10a.o)
    0x080001a0   0x080001a0   0x00000000   Code   RO         6037    .ARM.Collect$$$$00000011  mc_w.l(entry11a.o)
    0x080001a0   0x080001a0   0x00000004   Code   RO         6026    .ARM.Collect$$$$00002712  mc_w.l(entry2.o)
    0x080001a4   0x080001a4   0x000000de   Code   RO         5929    .emb_text           port.o
    0x08000282   0x08000282   0x00000002   PAD
    0x08000284   0x08000284   0x00000024   Code   RO            4    .text               startup_stm32l432xx.o
    0x080002a8   0x080002a8   0x00000068   Code   RO         6009    .text               mc_w.l(uldiv.o)
    0x08000310   0x08000310   0x00000024   Code   RO         6011    .text               mc_w.l(memcpya.o)
    0x08000334   0x08000334   0x00000024   Code   RO         6015    .text               mc_w.l(memseta.o)
    0x08000358   0x08000358   0x00000018   Code   RO         6019    .text               mc_w.l(strncpy.o)
    0x08000370   0x08000370   0x0000000e   Code   RO         6021    .text               mc_w.l(strlen.o)
    0x0800037e   0x0800037e   0x0000001e   Code   RO         6041    .text               mc_w.l(llshl.o)
    0x0800039c   0x0800039c   0x00000020   Code   RO         6043    .text               mc_w.l(llushr.o)
    0x080003bc   0x080003bc   0x00000024   Code   RO         6045    .text               mc_w.l(init.o)
    0x080003e0   0x080003e0   0x00000002   Code   RO          544    i.BusFault_Handler  stm32l4xx_it.o
    0x080003e2   0x080003e2   0x00000002   Code   RO          545    i.DebugMon_Handler  stm32l4xx_it.o
    0x080003e4   0x080003e4   0x00000034   Code   RO          349    i.DisplayOLED       main.o
    0x08000418   0x08000418   0x00000050   Code   RO          350    i.DisplaySlot       main.o
    0x08000468   0x08000468   0x0000004a   Code   RO         2035    i.HAL_DMA_Abort     stm32l4xx_hal_dma.o
    0x080004b2   0x080004b2   0x0000004e   Code   RO         2036    i.HAL_DMA_Abort_IT  stm32l4xx_hal_dma.o
    0x08000500   0x08000500   0x000001a2   Code   RO         1971    i.HAL_GPIO_Init     stm32l4xx_hal_gpio.o
    0x080006a2   0x080006a2   0x0000000a   Code   RO         1973    i.HAL_GPIO_ReadPin  stm32l4xx_hal_gpio.o
    0x080006ac   0x080006ac   0x0000000c   Code   RO          772    i.HAL_GetTick       stm32l4xx_hal.o
    0x080006b8   0x080006b8   0x00000056   Code   RO         1427    i.HAL_I2CEx_ConfigAnalogFilter  stm32l4xx_hal_i2c_ex.o
    0x0800070e   0x0800070e   0x00000052   Code   RO         1428    i.HAL_I2CEx_ConfigDigitalFilter  stm32l4xx_hal_i2c_ex.o
    0x08000760   0x08000760   0x000000b8   Code   RO          976    i.HAL_I2C_Init      stm32l4xx_hal_i2c.o
    0x08000818   0x08000818   0x0000012a   Code   RO          977    i.HAL_I2C_IsDeviceReady  stm32l4xx_hal_i2c.o
    0x08000942   0x08000942   0x00000002   PAD
    0x08000944   0x08000944   0x0000012a   Code   RO          989    i.HAL_I2C_Master_Transmit  stm32l4xx_hal_i2c.o
    0x08000a6e   0x08000a6e   0x00000002   PAD
    0x08000a70   0x08000a70   0x00000064   Code   RO          625    i.HAL_I2C_MspInit   stm32l4xx_hal_msp.o
    0x08000ad4   0x08000ad4   0x00000010   Code   RO          778    i.HAL_IncTick       stm32l4xx_hal.o
    0x08000ae4   0x08000ae4   0x0000001e   Code   RO          779    i.HAL_Init          stm32l4xx_hal.o
    0x08000b02   0x08000b02   0x00000002   PAD
    0x08000b04   0x08000b04   0x00000074   Code   RO          684    i.HAL_InitTick      stm32l4xx_hal_timebase_tim.o
    0x08000b78   0x08000b78   0x00000034   Code   RO          626    i.HAL_MspInit       stm32l4xx_hal_msp.o
    0x08000bac   0x08000bac   0x0000001a   Code   RO         2488    i.HAL_NVIC_EnableIRQ  stm32l4xx_hal_cortex.o
    0x08000bc6   0x08000bc6   0x00000002   PAD
    0x08000bc8   0x08000bc8   0x00000040   Code   RO         2494    i.HAL_NVIC_SetPriority  stm32l4xx_hal_cortex.o
    0x08000c08   0x08000c08   0x00000024   Code   RO         2495    i.HAL_NVIC_SetPriorityGrouping  stm32l4xx_hal_cortex.o
    0x08000c2c   0x08000c2c   0x00000068   Code   RO         2262    i.HAL_PWREx_ControlVoltageScaling  stm32l4xx_hal_pwr_ex.o
    0x08000c94   0x08000c94   0x00000010   Code   RO         2289    i.HAL_PWREx_GetVoltageRange  stm32l4xx_hal_pwr_ex.o
    0x08000ca4   0x08000ca4   0x00000010   Code   RO         2154    i.HAL_PWR_EnableBkUpAccess  stm32l4xx_hal_pwr.o
    0x08000cb4   0x08000cb4   0x00000010   Code   RO         1598    i.HAL_RCCEx_EnableMSIPLLMode  stm32l4xx_hal_rcc_ex.o
    0x08000cc4   0x08000cc4   0x0000028a   Code   RO         1604    i.HAL_RCCEx_PeriphCLKConfig  stm32l4xx_hal_rcc_ex.o
    0x08000f4e   0x08000f4e   0x00000002   PAD
    0x08000f50   0x08000f50   0x00000120   Code   RO         1482    i.HAL_RCC_ClockConfig  stm32l4xx_hal_rcc.o
    0x08001070   0x08001070   0x00000040   Code   RO         1485    i.HAL_RCC_GetClockConfig  stm32l4xx_hal_rcc.o
    0x080010b0   0x080010b0   0x00000024   Code   RO         1488    i.HAL_RCC_GetPCLK1Freq  stm32l4xx_hal_rcc.o
    0x080010d4   0x080010d4   0x00000024   Code   RO         1489    i.HAL_RCC_GetPCLK2Freq  stm32l4xx_hal_rcc.o
    0x080010f8   0x080010f8   0x000000a4   Code   RO         1490    i.HAL_RCC_GetSysClockFreq  stm32l4xx_hal_rcc.o
    0x0800119c   0x0800119c   0x0000056c   Code   RO         1493    i.HAL_RCC_OscConfig  stm32l4xx_hal_rcc.o
    0x08001708   0x08001708   0x00000002   Code   RO         3406    i.HAL_TIMEx_Break2Callback  stm32l4xx_hal_tim_ex.o
    0x0800170a   0x0800170a   0x00000002   Code   RO         3407    i.HAL_TIMEx_BreakCallback  stm32l4xx_hal_tim_ex.o
    0x0800170c   0x0800170c   0x00000002   Code   RO         3408    i.HAL_TIMEx_CommutCallback  stm32l4xx_hal_tim_ex.o
    0x0800170e   0x0800170e   0x00000002   PAD
    0x08001710   0x08001710   0x0000006c   Code   RO         3428    i.HAL_TIMEx_MasterConfigSynchronization  stm32l4xx_hal_tim_ex.o
    0x0800177c   0x0800177c   0x00000062   Code   RO         2692    i.HAL_TIM_Base_Init  stm32l4xx_hal_tim.o
    0x080017de   0x080017de   0x00000002   PAD
    0x080017e0   0x080017e0   0x00000024   Code   RO          628    i.HAL_TIM_Base_MspInit  stm32l4xx_hal_msp.o
    0x08001804   0x08001804   0x00000058   Code   RO         2697    i.HAL_TIM_Base_Start_IT  stm32l4xx_hal_tim.o
    0x0800185c   0x0800185c   0x000000dc   Code   RO         2701    i.HAL_TIM_ConfigClockSource  stm32l4xx_hal_tim.o
    0x08001938   0x08001938   0x00000002   Code   RO         2726    i.HAL_TIM_IC_CaptureCallback  stm32l4xx_hal_tim.o
    0x0800193a   0x0800193a   0x00000184   Code   RO         2740    i.HAL_TIM_IRQHandler  stm32l4xx_hal_tim.o
    0x08001abe   0x08001abe   0x00000002   Code   RO         2743    i.HAL_TIM_OC_DelayElapsedCallback  stm32l4xx_hal_tim.o
    0x08001ac0   0x08001ac0   0x00000002   Code   RO         2770    i.HAL_TIM_PWM_PulseFinishedCallback  stm32l4xx_hal_tim.o
    0x08001ac2   0x08001ac2   0x00000002   PAD
    0x08001ac4   0x08001ac4   0x00000014   Code   RO          352    i.HAL_TIM_PeriodElapsedCallback  main.o
    0x08001ad8   0x08001ad8   0x00000002   Code   RO         2783    i.HAL_TIM_TriggerCallback  stm32l4xx_hal_tim.o
    0x08001ada   0x08001ada   0x00000002   Code   RO         3700    i.HAL_UARTEx_RxEventCallback  stm32l4xx_hal_uart.o
    0x08001adc   0x08001adc   0x00000002   Code   RO         4093    i.HAL_UARTEx_WakeupCallback  stm32l4xx_hal_uart_ex.o
    0x08001ade   0x08001ade   0x00000002   Code   RO         3716    i.HAL_UART_ErrorCallback  stm32l4xx_hal_uart.o
    0x08001ae0   0x08001ae0   0x0000023c   Code   RO         3719    i.HAL_UART_IRQHandler  stm32l4xx_hal_uart.o
    0x08001d1c   0x08001d1c   0x00000066   Code   RO         3720    i.HAL_UART_Init     stm32l4xx_hal_uart.o
    0x08001d82   0x08001d82   0x00000002   PAD
    0x08001d84   0x08001d84   0x000000c4   Code   RO          630    i.HAL_UART_MspInit  stm32l4xx_hal_msp.o
    0x08001e48   0x08001e48   0x000000fe   Code   RO         3723    i.HAL_UART_Receive  stm32l4xx_hal_uart.o
    0x08001f46   0x08001f46   0x00000002   PAD
    0x08001f48   0x08001f48   0x000000b6   Code   RO         3729    i.HAL_UART_Transmit  stm32l4xx_hal_uart.o
    0x08001ffe   0x08001ffe   0x00000002   Code   RO         3732    i.HAL_UART_TxCpltCallback  stm32l4xx_hal_uart.o
    0x08002000   0x08002000   0x00000002   Code   RO          546    i.HardFault_Handler  stm32l4xx_it.o
    0x08002002   0x08002002   0x00000022   Code   RO         1023    i.I2C_Flush_TXDR    stm32l4xx_hal_i2c.o
    0x08002024   0x08002024   0x00000084   Code   RO         1031    i.I2C_IsAcknowledgeFailed  stm32l4xx_hal_i2c.o
    0x080020a8   0x080020a8   0x0000002c   Code   RO         1038    i.I2C_TransferConfig  stm32l4xx_hal_i2c.o
    0x080020d4   0x080020d4   0x00000058   Code   RO         1040    i.I2C_WaitOnFlagUntilTimeout  stm32l4xx_hal_i2c.o
    0x0800212c   0x0800212c   0x0000004c   Code   RO         1042    i.I2C_WaitOnSTOPFlagUntilTimeout  stm32l4xx_hal_i2c.o
    0x08002178   0x08002178   0x00000050   Code   RO         1043    i.I2C_WaitOnTXISFlagUntilTimeout  stm32l4xx_hal_i2c.o
    0x080021c8   0x080021c8   0x0000006c   Code   RO          353    i.MX_GPIO_Init      main.o
    0x08002234   0x08002234   0x00000054   Code   RO          354    i.MX_I2C1_Init      main.o
    0x08002288   0x08002288   0x00000068   Code   RO          355    i.MX_TIM2_Init      main.o
    0x080022f0   0x080022f0   0x00000038   Code   RO          356    i.MX_USART1_UART_Init  main.o
    0x08002328   0x08002328   0x00000038   Code   RO          357    i.MX_USART2_UART_Init  main.o
    0x08002360   0x08002360   0x00000002   Code   RO          547    i.MemManage_Handler  stm32l4xx_it.o
    0x08002362   0x08002362   0x00000002   Code   RO          548    i.NMI_Handler       stm32l4xx_it.o
    0x08002364   0x08002364   0x0000012c   Code   RO         1608    i.RCCEx_PLLSAI1_Config  stm32l4xx_hal_rcc_ex.o
    0x08002490   0x08002490   0x0000007c   Code   RO         1494    i.RCC_SetFlashLatencyFromMSIRange  stm32l4xx_hal_rcc.o
    0x0800250c   0x0800250c   0x00000010   Code   RO           13    i.SSD1306_Clear     ssd1306.o
    0x0800251c   0x0800251c   0x00000040   Code   RO           20    i.SSD1306_DrawPixel  ssd1306.o
    0x0800255c   0x0800255c   0x00000018   Code   RO           23    i.SSD1306_Fill      ssd1306.o
    0x08002574   0x08002574   0x0000000c   Code   RO           24    i.SSD1306_GotoXY    ssd1306.o
    0x08002580   0x08002580   0x00000168   Code   RO           25    i.SSD1306_Init      ssd1306.o
    0x080026e8   0x080026e8   0x000000a0   Code   RO           29    i.SSD1306_Putc      ssd1306.o
    0x08002788   0x08002788   0x00000028   Code   RO           30    i.SSD1306_Puts      ssd1306.o
    0x080027b0   0x080027b0   0x00000048   Code   RO           37    i.SSD1306_UpdateScreen  ssd1306.o
    0x080027f8   0x080027f8   0x00000008   Code   RO          358    i.StartDefaultTask  main.o
    0x08002800   0x08002800   0x00000060   Code   RO          359    i.StartTask02       main.o
    0x08002860   0x08002860   0x00000018   Code   RO          360    i.StartTask03       main.o
    0x08002878   0x08002878   0x00000008   Code   RO          361    i.StartTask04       main.o
    0x08002880   0x08002880   0x00000008   Code   RO          362    i.StartTask05       main.o
    0x08002888   0x08002888   0x0000001a   Code   RO         5349    i.SysTick_Handler   cmsis_os2.o
    0x080028a2   0x080028a2   0x00000002   PAD
    0x080028a4   0x080028a4   0x000000ac   Code   RO          363    i.SystemClock_Config  main.o
    0x08002950   0x08002950   0x0000003c   Code   RO         4168    i.SystemInit        system_stm32l4xx.o
    0x0800298c   0x0800298c   0x0000000c   Code   RO          549    i.TIM1_UP_TIM16_IRQHandler  stm32l4xx_it.o
    0x08002998   0x08002998   0x0000006c   Code   RO         2785    i.TIM_Base_SetConfig  stm32l4xx_hal_tim.o
    0x08002a04   0x08002a04   0x00000014   Code   RO         2796    i.TIM_ETR_SetConfig  stm32l4xx_hal_tim.o
    0x08002a18   0x08002a18   0x00000010   Code   RO         2797    i.TIM_ITRx_SetConfig  stm32l4xx_hal_tim.o
    0x08002a28   0x08002a28   0x00000022   Code   RO         2805    i.TIM_TI1_ConfigInputStage  stm32l4xx_hal_tim.o
    0x08002a4a   0x08002a4a   0x00000024   Code   RO         2807    i.TIM_TI2_ConfigInputStage  stm32l4xx_hal_tim.o
    0x08002a6e   0x08002a6e   0x000000c8   Code   RO         3734    i.UART_AdvFeatureConfig  stm32l4xx_hal_uart.o
    0x08002b36   0x08002b36   0x0000005c   Code   RO         3735    i.UART_CheckIdleState  stm32l4xx_hal_uart.o
    0x08002b92   0x08002b92   0x00000014   Code   RO         3736    i.UART_DMAAbortOnError  stm32l4xx_hal_uart.o
    0x08002ba6   0x08002ba6   0x00000030   Code   RO         3746    i.UART_EndRxTransfer  stm32l4xx_hal_uart.o
    0x08002bd6   0x08002bd6   0x00000002   PAD
    0x08002bd8   0x08002bd8   0x000001e0   Code   RO         3750    i.UART_SetConfig    stm32l4xx_hal_uart.o
    0x08002db8   0x08002db8   0x000000a4   Code   RO         3755    i.UART_WaitOnFlagUntilTimeout  stm32l4xx_hal_uart.o
    0x08002e5c   0x08002e5c   0x000000d8   Code   RO          550    i.USART1_IRQHandler  stm32l4xx_it.o
    0x08002f34   0x08002f34   0x0000000c   Code   RO          551    i.USART2_IRQHandler  stm32l4xx_it.o
    0x08002f40   0x08002f40   0x00000002   Code   RO          552    i.UsageFault_Handler  stm32l4xx_it.o
    0x08002f42   0x08002f42   0x00000020   Code   RO         2501    i.__NVIC_SetPriority  stm32l4xx_hal_cortex.o
    0x08002f62   0x08002f62   0x0000000e   Code   RO         6049    i.__scatterload_copy  mc_w.l(handlers.o)
    0x08002f70   0x08002f70   0x00000002   Code   RO         6050    i.__scatterload_null  mc_w.l(handlers.o)
    0x08002f72   0x08002f72   0x0000000e   Code   RO         6051    i.__scatterload_zeroinit  mc_w.l(handlers.o)
    0x08002f80   0x08002f80   0x00000120   Code   RO          364    i.main              main.o
    0x080030a0   0x080030a0   0x0000001e   Code   RO         5351    i.osDelay           cmsis_os2.o
    0x080030be   0x080030be   0x00000002   PAD
    0x080030c0   0x080030c0   0x00000028   Code   RO         5365    i.osKernelInitialize  cmsis_os2.o
    0x080030e8   0x080030e8   0x00000088   Code   RO         5385    i.osMessageQueueNew  cmsis_os2.o
    0x08003170   0x08003170   0x0000009c   Code   RO         5391    i.osMutexNew        cmsis_os2.o
    0x0800320c   0x0800320c   0x000000b4   Code   RO         5396    i.osSemaphoreNew    cmsis_os2.o
    0x080032c0   0x080032c0   0x000000bc   Code   RO         5410    i.osThreadNew       cmsis_os2.o
    0x0800337c   0x0800337c   0x00000060   Code   RO         4786    i.prvAddCurrentTaskToDelayedList  tasks.o
    0x080033dc   0x080033dc   0x00000088   Code   RO         4787    i.prvAddNewTaskToReadyList  tasks.o
    0x08003464   0x08003464   0x0000006e   Code   RO         4374    i.prvCopyDataToQueue  queue.o
    0x080034d2   0x080034d2   0x00000002   PAD
    0x080034d4   0x080034d4   0x00000050   Code   RO         5874    i.prvHeapInit       heap_4.o
    0x08003524   0x08003524   0x00000018   Code   RO         4376    i.prvInitialiseMutex  queue.o
    0x0800353c   0x0800353c   0x00000022   Code   RO         4377    i.prvInitialiseNewQueue  queue.o
    0x0800355e   0x0800355e   0x0000009a   Code   RO         4791    i.prvInitialiseNewTask  tasks.o
    0x080035f8   0x080035f8   0x00000060   Code   RO         4792    i.prvInitialiseTaskLists  tasks.o
    0x08003658   0x08003658   0x0000005c   Code   RO         5875    i.prvInsertBlockIntoFreeList  heap_4.o
    0x080036b4   0x080036b4   0x0000001e   Code   RO         4379    i.prvIsQueueFull    queue.o
    0x080036d2   0x080036d2   0x00000002   PAD
    0x080036d4   0x080036d4   0x00000024   Code   RO         4794    i.prvResetNextTaskUnblockTime  tasks.o
    0x080036f8   0x080036f8   0x00000030   Code   RO         5930    i.prvTaskExitError  port.o
    0x08003728   0x08003728   0x00000068   Code   RO         4380    i.prvUnlockQueue    queue.o
    0x08003790   0x08003790   0x000000e8   Code   RO         5876    i.pvPortMalloc      heap_4.o
    0x08003878   0x08003878   0x0000002c   Code   RO         5931    i.pxPortInitialiseStack  port.o
    0x080038a4   0x080038a4   0x00000044   Code   RO          365    i.readSensors       main.o
    0x080038e8   0x080038e8   0x0000000c   Code   RO           38    i.ssd1306_I2C_Init  ssd1306.o
    0x080038f4   0x080038f4   0x00000020   Code   RO           39    i.ssd1306_I2C_Write  ssd1306.o
    0x08003914   0x08003914   0x00000038   Code   RO           40    i.ssd1306_I2C_WriteMulti  ssd1306.o
    0x0800394c   0x0800394c   0x0000002c   Code   RO          724    i.string_compare    mylibrary.o
    0x08003978   0x08003978   0x00000026   Code   RO         4333    i.uxListRemove      list.o
    0x0800399e   0x0800399e   0x00000016   Code   RO         4334    i.vListInitialise   list.o
    0x080039b4   0x080039b4   0x00000006   Code   RO         4335    i.vListInitialiseItem  list.o
    0x080039ba   0x080039ba   0x00000036   Code   RO         4336    i.vListInsert       list.o
    0x080039f0   0x080039f0   0x00000018   Code   RO         4337    i.vListInsertEnd    list.o
    0x08003a08   0x08003a08   0x00000040   Code   RO         5933    i.vPortEnterCritical  port.o
    0x08003a48   0x08003a48   0x0000002c   Code   RO         5934    i.vPortExitCritical  port.o
    0x08003a74   0x08003a74   0x00000064   Code   RO         5877    i.vPortFree         heap_4.o
    0x08003ad8   0x08003ad8   0x00000028   Code   RO         4386    i.vQueueAddToRegistry  queue.o
    0x08003b00   0x08003b00   0x00000032   Code   RO         4387    i.vQueueDelete      queue.o
    0x08003b32   0x08003b32   0x00000002   PAD
    0x08003b34   0x08003b34   0x00000028   Code   RO         4389    i.vQueueUnregisterQueue  queue.o
    0x08003b5c   0x08003b5c   0x00000050   Code   RO         4807    i.vTaskDelay        tasks.o
    0x08003bac   0x08003bac   0x00000010   Code   RO         4812    i.vTaskInternalSetTimeOutState  tasks.o
    0x08003bbc   0x08003bbc   0x0000000c   Code   RO         4813    i.vTaskMissedYield  tasks.o
    0x08003bc8   0x08003bc8   0x00000034   Code   RO         4815    i.vTaskPlaceOnEventList  tasks.o
    0x08003bfc   0x08003bfc   0x00000010   Code   RO         4826    i.vTaskSuspendAll   tasks.o
    0x08003c0c   0x08003c0c   0x0000006c   Code   RO         4827    i.vTaskSwitchContext  tasks.o
    0x08003c78   0x08003c78   0x0000002c   Code   RO         5938    i.xPortSysTickHandler  port.o
    0x08003ca4   0x08003ca4   0x0000003c   Code   RO         4391    i.xQueueCreateCountingSemaphore  queue.o
    0x08003ce0   0x08003ce0   0x00000042   Code   RO         4392    i.xQueueCreateCountingSemaphoreStatic  queue.o
    0x08003d22   0x08003d22   0x00000018   Code   RO         4393    i.xQueueCreateMutex  queue.o
    0x08003d3a   0x08003d3a   0x0000001c   Code   RO         4394    i.xQueueCreateMutexStatic  queue.o
    0x08003d56   0x08003d56   0x00000044   Code   RO         4395    i.xQueueGenericCreate  queue.o
    0x08003d9a   0x08003d9a   0x00000070   Code   RO         4396    i.xQueueGenericCreateStatic  queue.o
    0x08003e0a   0x08003e0a   0x00000002   PAD
    0x08003e0c   0x08003e0c   0x00000090   Code   RO         4397    i.xQueueGenericReset  queue.o
    0x08003e9c   0x08003e9c   0x00000170   Code   RO         4398    i.xQueueGenericSend  queue.o
    0x0800400c   0x0800400c   0x00000080   Code   RO         4829    i.xTaskCheckForTimeOut  tasks.o
    0x0800408c   0x0800408c   0x00000072   Code   RO         4830    i.xTaskCreate       tasks.o
    0x080040fe   0x080040fe   0x00000060   Code   RO         4831    i.xTaskCreateStatic  tasks.o
    0x0800415e   0x0800415e   0x00000002   PAD
    0x08004160   0x08004160   0x0000001c   Code   RO         4835    i.xTaskGetSchedulerState  tasks.o
    0x0800417c   0x0800417c   0x000000cc   Code   RO         4838    i.xTaskIncrementTick  tasks.o
    0x08004248   0x08004248   0x00000080   Code   RO         4841    i.xTaskPriorityDisinherit  tasks.o
    0x080042c8   0x080042c8   0x00000078   Code   RO         4843    i.xTaskRemoveFromEventList  tasks.o
    0x08004340   0x08004340   0x000000cc   Code   RO         4844    i.xTaskResumeAll    tasks.o
    0x0800440c   0x0800440c   0x00000d5c   Data   RO          316    .constdata          fonts.o
    0x08005168   0x08005168   0x00000124   Data   RO          367    .constdata          main.o
    0x0800528c   0x0800528c   0x00000040   Data   RO         4169    .constdata          system_stm32l4xx.o
    0x080052cc   0x080052cc   0x00000008   Data   RO         4170    .constdata          system_stm32l4xx.o
    0x080052d4   0x080052d4   0x0000008c   Data   RO          368    .conststring        main.o
    0x08005360   0x08005360   0x00000020   Data   RO         6047    Region$$Table       anon$$obj.o


    Execution Region RW_IRAM1 (Exec base: 0x20000000, Load base: 0x08005380, Size: 0x00001ff0, Max: 0x00010000, ABSOLUTE)

    Exec Addr    Load Addr    Size         Type   Attr      Idx    E Section Name        Object

    0x20000000   0x08005380   0x00000006   Data   RW           42    .data               ssd1306.o
    0x20000006   0x08005386   0x00000002   PAD
    0x20000008   0x08005388   0x00000008   Data   RW          319    .data               fonts.o
    0x20000010   0x08005390   0x00000030   Data   RW          370    .data               main.o
    0x20000040   0x080053c0   0x00000004   Data   RW          371    .data               main.o
    0x20000044   0x080053c4   0x00000002   Data   RW          726    .data               mylibrary.o
    0x20000046   0x080053c6   0x00000002   PAD
    0x20000048   0x080053c8   0x0000000c   Data   RW          791    .data               stm32l4xx_hal.o
    0x20000054   0x080053d4   0x00000004   Data   RW         4171    .data               system_stm32l4xx.o
    0x20000058   0x080053d8   0x0000003c   Data   RW         4847    .data               tasks.o
    0x20000094   0x08005414   0x00000004   Data   RW         5425    .data               cmsis_os2.o
    0x20000098   0x08005418   0x00000020   Data   RW         5883    .data               heap_4.o
    0x200000b8   0x08005438   0x0000000c   Data   RW         5939    .data               port.o
    0x200000c4        -       0x00000400   Zero   RW           41    .bss                ssd1306.o
    0x200004c4        -       0x00000202   Zero   RW          366    .bss                main.o
    0x200006c6   0x08005444   0x00000002   PAD
    0x200006c8        -       0x0000004c   Zero   RW          687    .bss                stm32l4xx_hal_timebase_tim.o
    0x20000714        -       0x00000032   Zero   RW          725    .bss                mylibrary.o
    0x20000746   0x08005444   0x00000002   PAD
    0x20000748        -       0x00000040   Zero   RW         4412    .bss                queue.o
    0x20000788        -       0x000004c4   Zero   RW         4846    .bss                tasks.o
    0x20000c4c        -       0x00000fa0   Zero   RW         5882    .bss                heap_4.o
    0x20001bec   0x08005444   0x00000004   PAD
    0x20001bf0        -       0x00000400   Zero   RW            1    STACK               startup_stm32l432xx.o


==============================================================================

Image component sizes


      Code (inc. data)   RO Data    RW Data    ZI Data      Debug   Object Name

       756          6          0          4          0      36393   cmsis_os2.o
         0          0          0          0          0      19608   event_groups.o
         0          0       3420          8          0       1295   fonts.o
       504         32          0         32       4000       5211   heap_4.o
       144          0          0          0          0       3774   list.o
      1232        140        432         52        514      22858   main.o
        44          0          0          2         50       1463   mylibrary.o
       466         50          0         12          0       9311   port.o
      1302         22          0          0         64      19513   queue.o
       848         54          0          6       1024     678816   ssd1306.o
        36          8        396          0       1024        868   startup_stm32l432xx.o
        58         10          0         12          0      10446   stm32l4xx_hal.o
       158         14          0          0          0      33210   stm32l4xx_hal_cortex.o
       152          0          0          0          0       1879   stm32l4xx_hal_dma.o
       428         20          0          0          0       2547   stm32l4xx_hal_gpio.o
      1234         34          0          0          0      10221   stm32l4xx_hal_i2c.o
       168          0          0          0          0       2007   stm32l4xx_hal_i2c_ex.o
       384         36          0          0          0       3206   stm32l4xx_hal_msp.o
        16          4          0          0          0        579   stm32l4xx_hal_pwr.o
       120         20          0          0          0       1430   stm32l4xx_hal_pwr_ex.o
      2100        108          0          0          0       7909   stm32l4xx_hal_rcc.o
       966         36          0          0          0       3577   stm32l4xx_hal_rcc_ex.o
      1016         32          0          0          0      10561   stm32l4xx_hal_tim.o
       114         10          0          0          0       3220   stm32l4xx_hal_tim_ex.o
       116         18          0          0         76       1515   stm32l4xx_hal_timebase_tim.o
      2120         60          0          0          0      12618   stm32l4xx_hal_uart.o
         2          0          0          0          0       1076   stm32l4xx_hal_uart_ex.o
       252         80          0          0          0       4624   stm32l4xx_it.o
         0          0          0          0          0        392   stream_buffer.o
        60         12         72          4          0       1301   system_stm32l4xx.o
      1824        148          0         60       1220      24050   tasks.o
         0          0          0          0          0       4748   timers.o

    ----------------------------------------------------------------------
     16658        954       4352        196       7980     940226   Object Totals
         0          0         32          0          0          0   (incl. Generated)
        38          0          0          4          8          0   (incl. Padding)

    ----------------------------------------------------------------------

      Code (inc. data)   RO Data    RW Data    ZI Data      Debug   Library Member Name

         0          0          0          0          0          0   entry.o
         0          0          0          0          0          0   entry10a.o
         0          0          0          0          0          0   entry11a.o
         4          0          0          0          0          0   entry12b.o
         8          4          0          0          0          0   entry2.o
         4          0          0          0          0          0   entry5.o
         0          0          0          0          0          0   entry7b.o
         0          0          0          0          0          0   entry8b.o
         8          4          0          0          0          0   entry9a.o
        30          0          0          0          0          0   handlers.o
        36          8          0          0          0         68   init.o
        30          0          0          0          0         68   llshl.o
        32          0          0          0          0         68   llushr.o
        36          0          0          0          0         68   memcpya.o
        36          0          0          0          0        108   memseta.o
        14          0          0          0          0         68   strlen.o
        24          0          0          0          0         76   strncpy.o
       104          0          0          0          0         92   uldiv.o

    ----------------------------------------------------------------------
       366         16          0          0          0        616   Library Totals
         0          0          0          0          0          0   (incl. Padding)

    ----------------------------------------------------------------------

      Code (inc. data)   RO Data    RW Data    ZI Data      Debug   Library Name

       366         16          0          0          0        616   mc_w.l

    ----------------------------------------------------------------------
       366         16          0          0          0        616   Library Totals

    ----------------------------------------------------------------------

==============================================================================


      Code (inc. data)   RO Data    RW Data    ZI Data      Debug   

     17024        970       4352        196       7980     925238   Grand Totals
     17024        970       4352        196       7980     925238   ELF Image Totals
     17024        970       4352        196          0          0   ROM Totals

==============================================================================

    Total RO  Size (Code + RO Data)                21376 (  20.88kB)
    Total RW  Size (RW Data + ZI Data)              8176 (   7.98kB)
    Total ROM Size (Code + RO Data + RW Data)      21572 (  21.07kB)

==============================================================================

