Component: ARM Compiler 5.06 update 7 (build 960) Tool: armlink [4d3601]

==============================================================================

Section Cross References

    startup_stm32l432xx.o(RESET) refers to startup_stm32l432xx.o(STACK) for __initial_sp
    startup_stm32l432xx.o(RESET) refers to startup_stm32l432xx.o(.text) for Reset_Handler
    startup_stm32l432xx.o(RESET) refers to stm32l4xx_it.o(i.NMI_Handler) for NMI_Handler
    startup_stm32l432xx.o(RESET) refers to stm32l4xx_it.o(i.HardFault_Handler) for HardFault_Handler
    startup_stm32l432xx.o(RESET) refers to stm32l4xx_it.o(i.MemManage_Handler) for MemManage_Handler
    startup_stm32l432xx.o(RESET) refers to stm32l4xx_it.o(i.BusFault_Handler) for BusFault_Handler
    startup_stm32l432xx.o(RESET) refers to stm32l4xx_it.o(i.UsageFault_Handler) for UsageFault_Handler
    startup_stm32l432xx.o(RESET) refers to port.o(.emb_text) for SVC_Handler
    startup_stm32l432xx.o(RESET) refers to stm32l4xx_it.o(i.DebugMon_Handler) for DebugMon_Handler
    startup_stm32l432xx.o(RESET) refers to cmsis_os2.o(i.SysTick_Handler) for SysTick_Handler
    startup_stm32l432xx.o(RESET) refers to stm32l4xx_it.o(i.TIM1_UP_TIM16_IRQHandler) for TIM1_UP_TIM16_IRQHandler
    startup_stm32l432xx.o(RESET) refers to stm32l4xx_it.o(i.USART1_IRQHandler) for USART1_IRQHandler
    startup_stm32l432xx.o(.text) refers to system_stm32l4xx.o(i.SystemInit) for SystemInit
    startup_stm32l432xx.o(.text) refers to entry.o(.ARM.Collect$$$$00000000) for __main
    ssd1306.o(i.SSD1306_Clear) refers to ssd1306.o(i.SSD1306_Fill) for SSD1306_Fill
    ssd1306.o(i.SSD1306_Clear) refers to ssd1306.o(i.SSD1306_UpdateScreen) for SSD1306_UpdateScreen
    ssd1306.o(i.SSD1306_DrawBitmap) refers to ssd1306.o(i.SSD1306_DrawPixel) for SSD1306_DrawPixel
    ssd1306.o(i.SSD1306_DrawCircle) refers to ssd1306.o(i.SSD1306_DrawPixel) for SSD1306_DrawPixel
    ssd1306.o(i.SSD1306_DrawFilledCircle) refers to ssd1306.o(i.SSD1306_DrawPixel) for SSD1306_DrawPixel
    ssd1306.o(i.SSD1306_DrawFilledCircle) refers to ssd1306.o(i.SSD1306_DrawLine) for SSD1306_DrawLine
    ssd1306.o(i.SSD1306_DrawFilledRectangle) refers to ssd1306.o(i.SSD1306_DrawLine) for SSD1306_DrawLine
    ssd1306.o(i.SSD1306_DrawFilledTriangle) refers to ssd1306.o(i.SSD1306_DrawLine) for SSD1306_DrawLine
    ssd1306.o(i.SSD1306_DrawLine) refers to ssd1306.o(i.SSD1306_DrawPixel) for SSD1306_DrawPixel
    ssd1306.o(i.SSD1306_DrawPixel) refers to ssd1306.o(.data) for .data
    ssd1306.o(i.SSD1306_DrawPixel) refers to ssd1306.o(.bss) for .bss
    ssd1306.o(i.SSD1306_DrawRectangle) refers to ssd1306.o(i.SSD1306_DrawLine) for SSD1306_DrawLine
    ssd1306.o(i.SSD1306_DrawTriangle) refers to ssd1306.o(i.SSD1306_DrawLine) for SSD1306_DrawLine
    ssd1306.o(i.SSD1306_Fill) refers to memseta.o(.text) for __aeabi_memset
    ssd1306.o(i.SSD1306_Fill) refers to ssd1306.o(.bss) for .bss
    ssd1306.o(i.SSD1306_GotoXY) refers to ssd1306.o(.data) for .data
    ssd1306.o(i.SSD1306_Init) refers to ssd1306.o(i.ssd1306_I2C_Init) for ssd1306_I2C_Init
    ssd1306.o(i.SSD1306_Init) refers to stm32l4xx_hal_i2c.o(i.HAL_I2C_IsDeviceReady) for HAL_I2C_IsDeviceReady
    ssd1306.o(i.SSD1306_Init) refers to ssd1306.o(i.ssd1306_I2C_Write) for ssd1306_I2C_Write
    ssd1306.o(i.SSD1306_Init) refers to ssd1306.o(i.SSD1306_Fill) for SSD1306_Fill
    ssd1306.o(i.SSD1306_Init) refers to ssd1306.o(i.SSD1306_UpdateScreen) for SSD1306_UpdateScreen
    ssd1306.o(i.SSD1306_Init) refers to main.o(.bss) for hi2c1
    ssd1306.o(i.SSD1306_Init) refers to ssd1306.o(.data) for .data
    ssd1306.o(i.SSD1306_InvertDisplay) refers to ssd1306.o(i.ssd1306_I2C_Write) for ssd1306_I2C_Write
    ssd1306.o(i.SSD1306_OFF) refers to ssd1306.o(i.ssd1306_I2C_Write) for ssd1306_I2C_Write
    ssd1306.o(i.SSD1306_ON) refers to ssd1306.o(i.ssd1306_I2C_Write) for ssd1306_I2C_Write
    ssd1306.o(i.SSD1306_Putc) refers to ssd1306.o(i.SSD1306_DrawPixel) for SSD1306_DrawPixel
    ssd1306.o(i.SSD1306_Putc) refers to ssd1306.o(.data) for .data
    ssd1306.o(i.SSD1306_Puts) refers to ssd1306.o(i.SSD1306_Putc) for SSD1306_Putc
    ssd1306.o(i.SSD1306_ScrollLeft) refers to ssd1306.o(i.ssd1306_I2C_Write) for ssd1306_I2C_Write
    ssd1306.o(i.SSD1306_ScrollRight) refers to ssd1306.o(i.ssd1306_I2C_Write) for ssd1306_I2C_Write
    ssd1306.o(i.SSD1306_Scrolldiagleft) refers to ssd1306.o(i.ssd1306_I2C_Write) for ssd1306_I2C_Write
    ssd1306.o(i.SSD1306_Scrolldiagright) refers to ssd1306.o(i.ssd1306_I2C_Write) for ssd1306_I2C_Write
    ssd1306.o(i.SSD1306_Stopscroll) refers to ssd1306.o(i.ssd1306_I2C_Write) for ssd1306_I2C_Write
    ssd1306.o(i.SSD1306_ToggleInvert) refers to ssd1306.o(.data) for .data
    ssd1306.o(i.SSD1306_ToggleInvert) refers to ssd1306.o(.bss) for .bss
    ssd1306.o(i.SSD1306_UpdateScreen) refers to ssd1306.o(i.ssd1306_I2C_Write) for ssd1306_I2C_Write
    ssd1306.o(i.SSD1306_UpdateScreen) refers to ssd1306.o(i.ssd1306_I2C_WriteMulti) for ssd1306_I2C_WriteMulti
[...]
    i.__NVIC_SetPriority                     0x0800381a   Section        0  stm32l4xx_hal_cortex.o(i.__NVIC_SetPriority)
    __NVIC_SetPriority                       0x0800381b   Thumb Code    32  stm32l4xx_hal_cortex.o(i.__NVIC_SetPriority)
    i.__scatterload_copy                     0x0800383a   Section       14  handlers.o(i.__scatterload_copy)
    i.__scatterload_null                     0x08003848   Section        2  handlers.o(i.__scatterload_null)
    i.__scatterload_zeroinit                 0x0800384a   Section       14  handlers.o(i.__scatterload_zeroinit)
    i.free                                   0x08003858   Section        0  malloc.o(i.free)
    i.main                                   0x080038a8   Section        0  main.o(i.main)
    i.malloc                                 0x08003a04   Section        0  malloc.o(i.malloc)
    i.osDelay                                0x08003a70   Section        0  cmsis_os2.o(i.osDelay)
    i.osKernelInitialize                     0x08003a90   Section        0  cmsis_os2.o(i.osKernelInitialize)
    i.osKernelStart                          0x08003ab8   Section        0  cmsis_os2.o(i.osKernelStart)
    i.osMessageQueueNew                      0x08003af0   Section        0  cmsis_os2.o(i.osMessageQueueNew)
    i.osMutexNew                             0x08003b78   Section        0  cmsis_os2.o(i.osMutexNew)
    i.osSemaphoreNew                         0x08003c14   Section        0  cmsis_os2.o(i.osSemaphoreNew)
    i.osThreadNew                            0x08003cc8   Section        0  cmsis_os2.o(i.osThreadNew)
    i.prvAddCurrentTaskToDelayedList         0x08003d84   Section        0  tasks.o(i.prvAddCurrentTaskToDelayedList)
    prvAddCurrentTaskToDelayedList           0x08003d85   Thumb Code    88  tasks.o(i.prvAddCurrentTaskToDelayedList)
    i.prvAddNewTaskToReadyList               0x08003de4   Section        0  tasks.o(i.prvAddNewTaskToReadyList)
    prvAddNewTaskToReadyList                 0x08003de5   Thumb Code   124  tasks.o(i.prvAddNewTaskToReadyList)
    i.prvCheckForValidListAndQueue           0x08003e6c   Section        0  timers.o(i.prvCheckForValidListAndQueue)
    prvCheckForValidListAndQueue             0x08003e6d   Thumb Code    68  timers.o(i.prvCheckForValidListAndQueue)
    i.prvCheckTasksWaitingTermination        0x08003ec8   Section        0  tasks.o(i.prvCheckTasksWaitingTermination)
    prvCheckTasksWaitingTermination          0x08003ec9   Thumb Code    56  tasks.o(i.prvCheckTasksWaitingTermination)
    i.prvCopyDataFromQueue                   0x08003f08   Section        0  queue.o(i.prvCopyDataFromQueue)
    prvCopyDataFromQueue                     0x08003f09   Thumb Code    36  queue.o(i.prvCopyDataFromQueue)
    i.prvCopyDataToQueue                     0x08003f2c   Section        0  queue.o(i.prvCopyDataToQueue)
    prvCopyDataToQueue                       0x08003f2d   Thumb Code   110  queue.o(i.prvCopyDataToQueue)
    i.prvDeleteTCB                           0x08003f9a   Section        0  tasks.o(i.prvDeleteTCB)
    prvDeleteTCB                             0x08003f9b   Thumb Code    64  tasks.o(i.prvDeleteTCB)
    i.prvGetDisinheritPriorityAfterTimeout   0x08003fda   Section        0  queue.o(i.prvGetDisinheritPriorityAfterTimeout)
    prvGetDisinheritPriorityAfterTimeout     0x08003fdb   Thumb Code    20  queue.o(i.prvGetDisinheritPriorityAfterTimeout)
    i.prvGetNextExpireTime                   0x08003ff0   Section        0  timers.o(i.prvGetNextExpireTime)
    prvGetNextExpireTime                     0x08003ff1   Thumb Code    30  timers.o(i.prvGetNextExpireTime)
    i.prvHeapInit                            0x08004014   Section        0  heap_4.o(i.prvHeapInit)
    prvHeapInit                              0x08004015   Thumb Code    70  heap_4.o(i.prvHeapInit)
    i.prvIdleTask                            0x08004064   Section        0  tasks.o(i.prvIdleTask)
    prvIdleTask                              0x08004065   Thumb Code    30  tasks.o(i.prvIdleTask)
    i.prvInitialiseMutex                     0x0800408c   Section        0  queue.o(i.prvInitialiseMutex)
    prvInitialiseMutex                       0x0800408d   Thumb Code    24  queue.o(i.prvInitialiseMutex)
    i.prvInitialiseNewQueue                  0x080040a4   Section        0  queue.o(i.prvInitialiseNewQueue)
    prvInitialiseNewQueue                    0x080040a5   Thumb Code    34  queue.o(i.prvInitialiseNewQueue)
    i.prvInitialiseNewTask                   0x080040c6   Section        0  tasks.o(i.prvInitialiseNewTask)
    prvInitialiseNewTask                     0x080040c7   Thumb Code   148  tasks.o(i.prvInitialiseNewTask)
    i.prvInitialiseTaskLists                 0x08004160   Section        0  tasks.o(i.prvInitialiseTaskLists)
    prvInitialiseTaskLists                   0x08004161   Thumb Code    66  tasks.o(i.prvInitialiseTaskLists)
    i.prvInsertBlockIntoFreeList             0x080041c0   Section        0  heap_4.o(i.prvInsertBlockIntoFreeList)
    prvInsertBlockIntoFreeList               0x080041c1   Thumb Code    84  heap_4.o(i.prvInsertBlockIntoFreeList)
    i.prvInsertTimerInActiveList             0x0800421c   Section        0  timers.o(i.prvInsertTimerInActiveList)
    prvInsertTimerInActiveList               0x0800421d   Thumb Code    66  timers.o(i.prvInsertTimerInActiveList)
    i.prvIsQueueEmpty                        0x08004264   Section        0  queue.o(i.prvIsQueueEmpty)
    prvIsQueueEmpty                          0x08004265   Thumb Code    26  queue.o(i.prvIsQueueEmpty)
    i.prvIsQueueFull                         0x0800427e   Section        0  queue.o(i.prvIsQueueFull)
    prvIsQueueFull                           0x0800427f   Thumb Code    30  queue.o(i.prvIsQueueFull)
    i.prvProcessExpiredTimer                 0x0800429c   Section        0  timers.o(i.prvProcessExpiredTimer)
    prvProcessExpiredTimer                   0x0800429d   Thumb Code   100  timers.o(i.prvProcessExpiredTimer)
    i.prvProcessReceivedCommands             0x08004304   Section        0  timers.o(i.prvProcessReceivedCommands)
    prvProcessReceivedCommands               0x08004305   Thumb Code   268  timers.o(i.prvProcessReceivedCommands)
    i.prvProcessTimerOrBlockTask             0x08004414   Section        0  timers.o(i.prvProcessTimerOrBlockTask)
    prvProcessTimerOrBlockTask               0x08004415   Thumb Code   100  timers.o(i.prvProcessTimerOrBlockTask)
    i.prvResetNextTaskUnblockTime            0x08004480   Section        0  tasks.o(i.prvResetNextTaskUnblockTime)
    prvResetNextTaskUnblockTime              0x08004481   Thumb Code    30  tasks.o(i.prvResetNextTaskUnblockTime)
    i.prvSampleTimeNow                       0x080044a4   Section        0  timers.o(i.prvSampleTimeNow)
    prvSampleTimeNow                         0x080044a5   Thumb Code    38  timers.o(i.prvSampleTimeNow)
    i.prvSwitchTimerLists                    0x080044d0   Section        0  timers.o(i.prvSwitchTimerLists)
    prvSwitchTimerLists                      0x080044d1   Thumb Code   116  timers.o(i.prvSwitchTimerLists)
    i.prvTaskExitError                       0x08004548   Section        0  port.o(i.prvTaskExitError)
    prvTaskExitError                         0x08004549   Thumb Code    42  port.o(i.prvTaskExitError)
    i.prvTimerTask                           0x08004578   Section        0  timers.o(i.prvTimerTask)
    prvTimerTask                             0x08004579   Thumb Code    20  timers.o(i.prvTimerTask)
    i.prvUnlockQueue                         0x0800458c   Section        0  queue.o(i.prvUnlockQueue)
    prvUnlockQueue                           0x0800458d   Thumb Code   104  queue.o(i.prvUnlockQueue)
    i.pvPortMalloc                           0x080045f4   Section        0  heap_4.o(i.pvPortMalloc)
    i.pvTaskIncrementMutexHeldCount          0x080046dc   Section        0  tasks.o(i.pvTaskIncrementMutexHeldCount)
    i.pxPortInitialiseStack                  0x080046f4   Section        0  port.o(i.pxPortInitialiseStack)
    i.readSensors                            0x08004720   Section        0  main.o(i.readSensors)
    i.ssd1306_I2C_Init                       0x08004768   Section        0  ssd1306.o(i.ssd1306_I2C_Init)
    i.ssd1306_I2C_Write                      0x08004774   Section        0  ssd1306.o(i.ssd1306_I2C_Write)
    i.ssd1306_I2C_WriteMulti                 0x08004794   Section        0  ssd1306.o(i.ssd1306_I2C_WriteMulti)
    i.uxListRemove                           0x080047cc   Section        0  list.o(i.uxListRemove)
    i.vApplicationGetIdleTaskMemory          0x080047f4   Section        0  cmsis_os2.o(i.vApplicationGetIdleTaskMemory)
    i.vApplicationGetTimerTaskMemory         0x08004808   Section        0  cmsis_os2.o(i.vApplicationGetTimerTaskMemory)
    i.vListInitialise                        0x08004820   Section        0  list.o(i.vListInitialise)
    i.vListInitialiseItem                    0x08004836   Section        0  list.o(i.vListInitialiseItem)
    i.vListInsert                            0x0800483c   Section        0  list.o(i.vListInsert)
    i.vListInsertEnd                         0x08004872   Section        0  list.o(i.vListInsertEnd)
    i.vPortEnterCritical                     0x0800488c   Section        0  port.o(i.vPortEnterCritical)
    i.vPortExitCritical                      0x080048cc   Section        0  port.o(i.vPortExitCritical)
    i.vPortFree                              0x080048f8   Section        0  heap_4.o(i.vPortFree)
    i.vPortSetupTimerInterrupt               0x0800495c   Section        0  port.o(i.vPortSetupTimerInterrupt)
    i.vPortValidateInterruptPriority         0x08004980   Section        0  port.o(i.vPortValidateInterruptPriority)
    i.vQueueAddToRegistry                    0x080049d4   Section        0  queue.o(i.vQueueAddToRegistry)
    i.vQueueDelete                           0x080049fc   Section        0  queue.o(i.vQueueDelete)
    i.vQueueUnregisterQueue                  0x08004a30   Section        0  queue.o(i.vQueueUnregisterQueue)
    i.vQueueWaitForMessageRestricted         0x08004a58   Section        0  queue.o(i.vQueueWaitForMessageRestricted)
    i.vTaskDelay                             0x08004aa4   Section        0  tasks.o(i.vTaskDelay)
    i.vTaskInternalSetTimeOutState           0x08004af4   Section        0  tasks.o(i.vTaskInternalSetTimeOutState)
    i.vTaskMissedYield                       0x08004b04   Section        0  tasks.o(i.vTaskMissedYield)
    i.vTaskPlaceOnEventList                  0x08004b10   Section        0  tasks.o(i.vTaskPlaceOnEventList)
    i.vTaskPlaceOnEventListRestricted        0x08004b44   Section        0  tasks.o(i.vTaskPlaceOnEventListRestricted)
    i.vTaskPriorityDisinheritAfterTimeout    0x08004b80   Section        0  tasks.o(i.vTaskPriorityDisinheritAfterTimeout)
    i.vTaskStartScheduler                    0x08004c14   Section        0  tasks.o(i.vTaskStartScheduler)
    i.vTaskSuspendAll                        0x08004ca4   Section        0  tasks.o(i.vTaskSuspendAll)
    i.vTaskSwitchContext                     0x08004cb4   Section        0  tasks.o(i.vTaskSwitchContext)
    i.xPortStartScheduler                    0x08004d20   Section        0  port.o(i.xPortStartScheduler)
    i.xPortSysTickHandler                    0x08004e24   Section        0  port.o(i.xPortSysTickHandler)
    i.xQueueCreateCountingSemaphore          0x08004e50   Section        0  queue.o(i.xQueueCreateCountingSemaphore)
    i.xQueueCreateCountingSemaphoreStatic    0x08004e8c   Section        0  queue.o(i.xQueueCreateCountingSemaphoreStatic)
    i.xQueueCreateMutex                      0x08004ece   Section        0  queue.o(i.xQueueCreateMutex)
    i.xQueueCreateMutexStatic                0x08004ee6   Section        0  queue.o(i.xQueueCreateMutexStatic)
    i.xQueueGenericCreate                    0x08004f02   Section        0  queue.o(i.xQueueGenericCreate)
    i.xQueueGenericCreateStatic              0x08004f46   Section        0  queue.o(i.xQueueGenericCreateStatic)
    i.xQueueGenericReset                     0x08004fb8   Section        0  queue.o(i.xQueueGenericReset)
    i.xQueueGenericSend                      0x08005048   Section        0  queue.o(i.xQueueGenericSend)
    i.xQueueGenericSendFromISR               0x080051b8   Section        0  queue.o(i.xQueueGenericSendFromISR)
    i.xQueueGiveFromISR                      0x08005276   Section        0  queue.o(i.xQueueGiveFromISR)
    i.xQueueReceive                          0x08005318   Section        0  queue.o(i.xQueueReceive)
    i.xQueueSemaphoreTake                    0x08005460   Section        0  queue.o(i.xQueueSemaphoreTake)
    i.xTaskCheckForTimeOut                   0x080055e4   Section        0  tasks.o(i.xTaskCheckForTimeOut)
    i.xTaskCreate                            0x08005664   Section        0  tasks.o(i.xTaskCreate)
    i.xTaskCreateStatic                      0x080056d6   Section        0  tasks.o(i.xTaskCreateStatic)
    i.xTaskGetSchedulerState                 0x08005738   Section        0  tasks.o(i.xTaskGetSchedulerState)
    i.xTaskGetTickCount                      0x08005754   Section        0  tasks.o(i.xTaskGetTickCount)
    i.xTaskIncrementTick                     0x08005760   Section        0  tasks.o(i.xTaskIncrementTick)
    i.xTaskPriorityDisinherit                0x0800582c   Section        0  tasks.o(i.xTaskPriorityDisinherit)
    i.xTaskPriorityInherit                   0x080058ac   Section        0  tasks.o(i.xTaskPriorityInherit)
    i.xTaskRemoveFromEventList               0x0800592c   Section        0  tasks.o(i.xTaskRemoveFromEventList)
    i.xTaskResumeAll                         0x080059a4   Section        0  tasks.o(i.xTaskResumeAll)
    i.xTimerCreateTimerTask                  0x08005a70   Section        0  timers.o(i.xTimerCreateTimerTask)
    i.xTimerGenericCommand                   0x08005ad8   Section        0  timers.o(i.xTimerGenericCommand)
    .constdata                               0x08005b4c   Section     3420  fonts.o(.constdata)
    .constdata                               0x080068a8   Section       32  dc_motor_cfg.o(.constdata)
    .constdata                               0x080068c8   Section      292  main.o(.constdata)
    .constdata                               0x080069ec   Section       64  system_stm32l4xx.o(.constdata)
    .constdata                               0x08006a2c   Section        8  system_stm32l4xx.o(.constdata)
    .conststring                             0x08006a34   Section      144  main.o(.conststring)
    .data                                    0x20000000   Section        6  ssd1306.o(.data)
    SSD1306                                  0x20000000   Data           6  ssd1306.o(.data)
    .data                                    0x20000008   Section        8  fonts.o(.data)
    .data                                    0x20000010   Section        2  mylibrary.o(.data)
    .data                                    0x20000014   Section       88  main.o(.data)
    .data                                    0x2000006c   Section       12  stm32l4xx_hal.o(.data)
    .data                                    0x20000078   Section        4  system_stm32l4xx.o(.data)
    .data                                    0x2000007c   Section       60  tasks.o(.data)
    uxDeletedTasksWaitingCleanUp             0x20000080   Data           4  tasks.o(.data)
    uxCurrentNumberOfTasks                   0x20000084   Data           4  tasks.o(.data)
    xTickCount                               0x20000088   Data           4  tasks.o(.data)
    uxTopReadyPriority                       0x2000008c   Data           4  tasks.o(.data)
    xSchedulerRunning                        0x20000090   Data           4  tasks.o(.data)
    xPendedTicks                             0x20000094   Data           4  tasks.o(.data)
    xYieldPending                            0x20000098   Data           4  tasks.o(.data)
    xNumOfOverflows                          0x2000009c   Data           4  tasks.o(.data)
    uxTaskNumber                             0x200000a0   Data           4  tasks.o(.data)
    xNextTaskUnblockTime                     0x200000a4   Data           4  tasks.o(.data)
    xIdleTaskHandle                          0x200000a8   Data           4  tasks.o(.data)
    uxSchedulerSuspended                     0x200000ac   Data           4  tasks.o(.data)
    pxDelayedTaskList                        0x200000b0   Data           4  tasks.o(.data)
    pxOverflowDelayedTaskList                0x200000b4   Data           4  tasks.o(.data)
    .data                                    0x200000b8   Section       20  timers.o(.data)
    xTimerQueue                              0x200000b8   Data           4  timers.o(.data)
    xTimerTaskHandle                         0x200000bc   Data           4  timers.o(.data)
    xLastTime                                0x200000c0   Data           4  timers.o(.data)
    pxCurrentTimerList                       0x200000c4   Data           4  timers.o(.data)
    pxOverflowTimerList                      0x200000c8   Data           4  timers.o(.data)
    .data                                    0x200000cc   Section        4  cmsis_os2.o(.data)
    KernelState                              0x200000cc   Data           4  cmsis_os2.o(.data)
    .data                                    0x200000d0   Section       32  heap_4.o(.data)
    pxEnd                                    0x200000d0   Data           4  heap_4.o(.data)
    xFreeBytesRemaining                      0x200000d4   Data           4  heap_4.o(.data)
    xMinimumEverFreeBytesRemaining           0x200000d8   Data           4  heap_4.o(.data)
    xNumberOfSuccessfulAllocations           0x200000dc   Data           4  heap_4.o(.data)
    xNumberOfSuccessfulFrees                 0x200000e0   Data           4  heap_4.o(.data)
    xBlockAllocatedBit                       0x200000e4   Data           4  heap_4.o(.data)
    xStart                                   0x200000e8   Data           8  heap_4.o(.data)
    .data                                    0x200000f0   Section       12  port.o(.data)
    ucMaxSysCallPriority                     0x200000f0   Data           1  port.o(.data)
    uxCriticalNesting                        0x200000f4   Data           4  port.o(.data)
    ulMaxPRIGROUPValue                       0x200000f8   Data           4  port.o(.data)
    .data                                    0x200000fc   Section        4  mvars.o(.data)
    .data                                    0x20000100   Section        4  mvars.o(.data)
    .bss                                     0x20000104   Section     1024  ssd1306.o(.bss)
    SSD1306_Buffer                           0x20000104   Data        1024  ssd1306.o(.bss)
    .bss                                     0x20000504   Section       50  mylibrary.o(.bss)
    .bss                                     0x20000538   Section      382  main.o(.bss)
    .bss                                     0x200006b8   Section       76  stm32l4xx_hal_timebase_tim.o(.bss)
    .bss                                     0x20000704   Section       64  queue.o(.bss)
    .bss                                     0x20000744   Section     1220  tasks.o(.bss)
    pxReadyTasksLists                        0x20000744   Data        1120  tasks.o(.bss)
    xDelayedTaskList1                        0x20000ba4   Data          20  tasks.o(.bss)
    xDelayedTaskList2                        0x20000bb8   Data          20  tasks.o(.bss)
    xPendingReadyList                        0x20000bcc   Data          20  tasks.o(.bss)
    xTasksWaitingTermination                 0x20000be0   Data          20  tasks.o(.bss)
    xSuspendedTaskList                       0x20000bf4   Data          20  tasks.o(.bss)
    .bss                                     0x20000c08   Section      280  timers.o(.bss)
    xStaticTimerQueue                        0x20000c08   Data          80  timers.o(.bss)
    ucStaticTimerQueueStorage                0x20000c58   Data         160  timers.o(.bss)
    xActiveTimerList1                        0x20000cf8   Data          20  timers.o(.bss)
    xActiveTimerList2                        0x20000d0c   Data          20  timers.o(.bss)
    .bss                                     0x20000d20   Section     1720  cmsis_os2.o(.bss)
    Idle_TCB                                 0x20000d20   Data          92  cmsis_os2.o(.bss)
    Idle_Stack                               0x20000d7c   Data         512  cmsis_os2.o(.bss)
    Timer_TCB                                0x20000f7c   Data          92  cmsis_os2.o(.bss)
    Timer_Stack                              0x20000fd8   Data        1024  cmsis_os2.o(.bss)
    .bss                                     0x200013d8   Section     4000  heap_4.o(.bss)
    ucHeap                                   0x200013d8   Data        4000  heap_4.o(.bss)
    HEAP                                     0x20002378   Section      512  startup_stm32l432xx.o(HEAP)
    STACK                                    0x20002578   Section     1024  startup_stm32l432xx.o(STACK)

    Global Symbols

    Symbol Name                              Value     Ov Type        Size  Object(Section)

    BuildAttributes$$THM_ISAv4$E$P$D$K$B$S$7EM$VFPi3$EXTD16$VFPS$VFMA$PE$A:L22UL41UL21$X:L11$S22US41US21$IEEE1$IW$USESV6$~STKCKD$USESV7$~SHL$OTIME$EBA8$MICROLIB$REQ8$PRES8$EABIv2 0x00000000   Number         0  anon$$obj.o ABSOLUTE
    __ARM_use_no_argv                        0x00000000   Number         0  main.o ABSOLUTE
    __arm_fini_                               - Undefined Weak Reference
    __cpp_initialize__aeabi_                  - Undefined Weak Reference
    __cxa_finalize                            - Undefined Weak Reference
    __decompress                              - Undefined Weak Reference
    _clock_init                               - Undefined Weak Reference
    _microlib_exit                            - Undefined Weak Reference
    __Vectors_Size                           0x0000018c   Number         0  startup_stm32l432xx.o ABSOLUTE
    __Vectors                                0x08000000   Data           4  startup_stm32l432xx.o(RESET)
    __Vectors_End                            0x0800018c   Data           0  startup_stm32l432xx.o(RESET)
    __main                                   0x0800018d   Thumb Code     0  entry.o(.ARM.Collect$$$$00000000)
    _main_stk                                0x0800018d   Thumb Code     0  entry2.o(.ARM.Collect$$$$00000001)
    _main_scatterload                        0x08000191   Thumb Code     0  entry5.o(.ARM.Collect$$$$00000004)
    __main_after_scatterload                 0x08000195   Thumb Code     0  entry5.o(.ARM.Collect$$$$00000004)
    _main_clock                              0x08000195   Thumb Code     0  entry7b.o(.ARM.Collect$$$$00000008)
    _main_cpp_init                           0x08000195   Thumb Code     0  entry8b.o(.ARM.Collect$$$$0000000A)
    _main_init                               0x08000195   Thumb Code     0  entry9a.o(.ARM.Collect$$$$0000000B)
    __rt_lib_shutdown_fini                   0x0800019d   Thumb Code     0  entry12b.o(.ARM.Collect$$$$0000000E)
    __rt_final_cpp                           0x080001a1   Thumb Code     0  entry10a.o(.ARM.Collect$$$$0000000F)
    __rt_final_exit                          0x080001a1   Thumb Code     0  entry11a.o(.ARM.Collect$$$$00000011)
    SVC_Handler                              0x080001a5   Thumb Code    28  port.o(.emb_text)
    __asm___6_port_c_39a90d8d__prvStartFirstTask 0x080001c5   Thumb Code    36  port.o(.emb_text)
    __asm___6_port_c_39a90d8d__prvEnableVFP  0x080001ed   Thumb Code    16  port.o(.emb_text)
    PendSV_Handler                           0x08000201   Thumb Code    88  port.o(.emb_text)
    vPortGetIPSR                             0x0800025d   Thumb Code     6  port.o(.emb_text)
    Reset_Handler                            0x08000285   Thumb Code     8  startup_stm32l432xx.o(.text)
    ADC1_IRQHandler                          0x0800029f   Thumb Code     0  startup_stm32l432xx.o(.text)
    CAN1_RX0_IRQHandler                      0x0800029f   Thumb Code     0  startup_stm32l432xx.o(.text)
    CAN1_RX1_IRQHandler                      0x0800029f   Thumb Code     0  startup_stm32l432xx.o(.text)
    CAN1_SCE_IRQHandler                      0x0800029f   Thumb Code     0  startup_stm32l432xx.o(.text)
    CAN1_TX_IRQHandler                       0x0800029f   Thumb Code     0  startup_stm32l432xx.o(.text)
    COMP_IRQHandler                          0x0800029f   Thumb Code     0  startup_stm32l432xx.o(.text)
    CRS_IRQHandler                           0x0800029f   Thumb Code     0  startup_stm32l432xx.o(.text)
    DMA1_Channel1_IRQHandler                 0x0800029f   Thumb Code     0  startup_stm32l432xx.o(.text)
    DMA1_Channel2_IRQHandler                 0x0800029f   Thumb Code     0  startup_stm32l432xx.o(.text)
    DMA1_Channel3_IRQHandler                 0x0800029f   Thumb Code     0  startup_stm32l432xx.o(.text)
    DMA1_Channel4_IRQHandler                 0x0800029f   Thumb Code     0  startup_stm32l432xx.o(.text)
    DMA1_Channel5_IRQHandler                 0x0800029f   Thumb Code     0  startup_stm32l432xx.o(.text)
    DMA1_Channel6_IRQHandler                 0x0800029f   Thumb Code     0  startup_stm32l432xx.o(.text)
    DMA1_Channel7_IRQHandler                 0x0800029f   Thumb Code     0  startup_stm32l432xx.o(.text)
    DMA2_Channel1_IRQHandler                 0x0800029f   Thumb Code     0  startup_stm32l432xx.o(.text)
    DMA2_Channel2_IRQHandler                 0x0800029f   Thumb Code     0  startup_stm32l432xx.o(.text)
    DMA2_Channel3_IRQHandler                 0x0800029f   Thumb Code     0  startup_stm32l432xx.o(.text)
    DMA2_Channel4_IRQHandler                 0x0800029f   Thumb Code     0  startup_stm32l432xx.o(.text)
    DMA2_Channel5_IRQHandler                 0x0800029f   Thumb Code     0  startup_stm32l432xx.o(.text)
    DMA2_Channel6_IRQHandler                 0x0800029f   Thumb Code     0  startup_stm32l432xx.o(.text)
    DMA2_Channel7_IRQHandler                 0x0800029f   Thumb Code     0  startup_stm32l432xx.o(.text)
    EXTI0_IRQHandler                         0x0800029f   Thumb Code     0  startup_stm32l432xx.o(.text)
    EXTI15_10_IRQHandler                     0x0800029f   Thumb Code     0  startup_stm32l432xx.o(.text)
    EXTI1_IRQHandler                         0x0800029f   Thumb Code     0  startup_stm32l432xx.o(.text)
    EXTI2_IRQHandler                         0x0800029f   Thumb Code     0  startup_stm32l432xx.o(.text)
    EXTI3_IRQHandler                         0x0800029f   Thumb Code     0  startup_stm32l432xx.o(.text)
    EXTI4_IRQHandler                         0x0800029f   Thumb Code     0  startup_stm32l432xx.o(.text)
    EXTI9_5_IRQHandler                       0x0800029f   Thumb Code     0  startup_stm32l432xx.o(.text)
    FLASH_IRQHandler                         0x0800029f   Thumb Code     0  startup_stm32l432xx.o(.text)
    FPU_IRQHandler                           0x0800029f   Thumb Code     0  startup_stm32l432xx.o(.text)
    I2C1_ER_IRQHandler                       0x0800029f   Thumb Code     0  startup_stm32l432xx.o(.text)
    I2C1_EV_IRQHandler                       0x0800029f   Thumb Code     0  startup_stm32l432xx.o(.text)
    I2C3_ER_IRQHandler                       0x0800029f   Thumb Code     0  startup_stm32l432xx.o(.text)
    I2C3_EV_IRQHandler                       0x0800029f   Thumb Code     0  startup_stm32l432xx.o(.text)
    LPTIM1_IRQHandler                        0x0800029f   Thumb Code     0  startup_stm32l432xx.o(.text)
    LPTIM2_IRQHandler                        0x0800029f   Thumb Code     0  startup_stm32l432xx.o(.text)
    LPUART1_IRQHandler                       0x0800029f   Thumb Code     0  startup_stm32l432xx.o(.text)
    PVD_PVM_IRQHandler                       0x0800029f   Thumb Code     0  startup_stm32l432xx.o(.text)
    QUADSPI_IRQHandler                       0x0800029f   Thumb Code     0  startup_stm32l432xx.o(.text)
    RCC_IRQHandler                           0x0800029f   Thumb Code     0  startup_stm32l432xx.o(.text)
    RNG_IRQHandler                           0x0800029f   Thumb Code     0  startup_stm32l432xx.o(.text)
    RTC_Alarm_IRQHandler                     0x0800029f   Thumb Code     0  startup_stm32l432xx.o(.text)
    RTC_WKUP_IRQHandler                      0x0800029f   Thumb Code     0  startup_stm32l432xx.o(.text)
    SAI1_IRQHandler                          0x0800029f   Thumb Code     0  startup_stm32l432xx.o(.text)
    SPI1_IRQHandler                          0x0800029f   Thumb Code     0  startup_stm32l432xx.o(.text)
    SPI3_IRQHandler                          0x0800029f   Thumb Code     0  startup_stm32l432xx.o(.text)
    SWPMI1_IRQHandler                        0x0800029f   Thumb Code     0  startup_stm32l432xx.o(.text)
    TAMP_STAMP_IRQHandler                    0x0800029f   Thumb Code     0  startup_stm32l432xx.o(.text)
    TIM1_BRK_TIM15_IRQHandler                0x0800029f   Thumb Code     0  startup_stm32l432xx.o(.text)
    TIM1_CC_IRQHandler                       0x0800029f   Thumb Code     0  startup_stm32l432xx.o(.text)
    TIM1_TRG_COM_IRQHandler                  0x0800029f   Thumb Code     0  startup_stm32l432xx.o(.text)
    TIM2_IRQHandler                          0x0800029f   Thumb Code     0  startup_stm32l432xx.o(.text)
    TIM6_DAC_IRQHandler                      0x0800029f   Thumb Code     0  startup_stm32l432xx.o(.text)
    TIM7_IRQHandler                          0x0800029f   Thumb Code     0  startup_stm32l432xx.o(.text)
    TSC_IRQHandler                           0x0800029f   Thumb Code     0  startup_stm32l432xx.o(.text)
    USART2_IRQHandler                        0x0800029f   Thumb Code     0  startup_stm32l432xx.o(.text)
    USB_IRQHandler                           0x0800029f   Thumb Code     0  startup_stm32l432xx.o(.text)
    WWDG_IRQHandler                          0x0800029f   Thumb Code     0  startup_stm32l432xx.o(.text)
    __aeabi_uldivmod                         0x080002a9   Thumb Code    98  uldiv.o(.text)
    __aeabi_memcpy                           0x08000311   Thumb Code    36  memcpya.o(.text)
    __aeabi_memcpy4                          0x08000311   Thumb Code     0  memcpya.o(.text)
    __aeabi_memcpy8                          0x08000311   Thumb Code     0  memcpya.o(.text)
    __aeabi_memset                           0x08000335   Thumb Code    14  memseta.o(.text)
    __aeabi_memset4                          0x08000335   Thumb Code     0  memseta.o(.text)
    __aeabi_memset8                          0x08000335   Thumb Code     0  memseta.o(.text)
    __aeabi_memclr                           0x08000343   Thumb Code     4  memseta.o(.text)
    __aeabi_memclr4                          0x08000343   Thumb Code     0  memseta.o(.text)
    __aeabi_memclr8                          0x08000343   Thumb Code     0  memseta.o(.text)
    memset                                   0x08000347   Thumb Code    18  memseta.o(.text)
    strcat                                   0x08000359   Thumb Code    24  strcat.o(.text)
    strlen                                   0x08000371   Thumb Code    14  strlen.o(.text)
    strcmp                                   0x0800037f   Thumb Code    28  strcmp.o(.text)
    strcpy                                   0x0800039b   Thumb Code    18  strcpy.o(.text)
    __aeabi_llsl                             0x080003ad   Thumb Code    30  llshl.o(.text)
    _ll_shift_l                              0x080003ad   Thumb Code     0  llshl.o(.text)
    __aeabi_llsr                             0x080003cb   Thumb Code    32  llushr.o(.text)
    _ll_ushift_r                             0x080003cb   Thumb Code     0  llushr.o(.text)
    __scatterload                            0x080003ed   Thumb Code    28  init.o(.text)
    __scatterload_rt2                        0x080003ed   Thumb Code     0  init.o(.text)
    Booking_BT                               0x08000411   Thumb Code   246  main.o(i.Booking_BT)
    BusFault_Handler                         0x0800055f   Thumb Code     2  stm32l4xx_it.o(i.BusFault_Handler)
    DC_MOTOR_Init                            0x08000561   Thumb Code   310  dc_motor.o(i.DC_MOTOR_Init)
    DC_MOTOR_Set_Dir                         0x080006ad   Thumb Code    58  dc_motor.o(i.DC_MOTOR_Set_Dir)
    DC_MOTOR_Set_Speed                       0x080006ed   Thumb Code    36  dc_motor.o(i.DC_MOTOR_Set_Speed)
    DC_MOTOR_Start                           0x08000715   Thumb Code    90  dc_motor.o(i.DC_MOTOR_Start)
    DC_Motor_Cntrl                           0x08000775   Thumb Code   164  main.o(i.DC_Motor_Cntrl)
    DebugMon_Handler                         0x08000821   Thumb Code     2  stm32l4xx_it.o(i.DebugMon_Handler)
    DisplayOLED                              0x08000825   Thumb Code    48  main.o(i.DisplayOLED)
    DisplaySlot                              0x08000859   Thumb Code    74  main.o(i.DisplaySlot)
    HAL_DMA_Abort                            0x080008a9   Thumb Code    74  stm32l4xx_hal_dma.o(i.HAL_DMA_Abort)
    HAL_DMA_Abort_IT                         0x080008f3   Thumb Code    78  stm32l4xx_hal_dma.o(i.HAL_DMA_Abort_IT)
    HAL_GPIO_Init                            0x08000941   Thumb Code   392  stm32l4xx_hal_gpio.o(i.HAL_GPIO_Init)
    HAL_GPIO_ReadPin                         0x08000ae3   Thumb Code    10  stm32l4xx_hal_gpio.o(i.HAL_GPIO_ReadPin)
    HAL_GPIO_WritePin                        0x08000aed   Thumb Code    10  stm32l4xx_hal_gpio.o(i.HAL_GPIO_WritePin)
    HAL_GetTick                              0x08000af9   Thumb Code     6  stm32l4xx_hal.o(i.HAL_GetTick)
    HAL_I2CEx_ConfigAnalogFilter             0x08000b05   Thumb Code    86  stm32l4xx_hal_i2c_ex.o(i.HAL_I2CEx_ConfigAnalogFilter)
    HAL_I2CEx_ConfigDigitalFilter            0x08000b5b   Thumb Code    82  stm32l4xx_hal_i2c_ex.o(i.HAL_I2CEx_ConfigDigitalFilter)
    HAL_I2C_Init                             0x08000bad   Thumb Code   178  stm32l4xx_hal_i2c.o(i.HAL_I2C_Init)
    HAL_I2C_IsDeviceReady                    0x08000c65   Thumb Code   282  stm32l4xx_hal_i2c.o(i.HAL_I2C_IsDeviceReady)
    HAL_I2C_Master_Transmit                  0x08000d91   Thumb Code   282  stm32l4xx_hal_i2c.o(i.HAL_I2C_Master_Transmit)
    HAL_I2C_MspInit                          0x08000ebd   Thumb Code    92  stm32l4xx_hal_msp.o(i.HAL_I2C_MspInit)
    HAL_IncTick                              0x08000f21   Thumb Code    12  stm32l4xx_hal.o(i.HAL_IncTick)
    HAL_Init                                 0x08000f31   Thumb Code    30  stm32l4xx_hal.o(i.HAL_Init)
    HAL_InitTick                             0x08000f51   Thumb Code    98  stm32l4xx_hal_timebase_tim.o(i.HAL_InitTick)
    HAL_MspInit                              0x08000fc5   Thumb Code    48  stm32l4xx_hal_msp.o(i.HAL_MspInit)
    HAL_NVIC_EnableIRQ                       0x08000ff9   Thumb Code    26  stm32l4xx_hal_cortex.o(i.HAL_NVIC_EnableIRQ)
    HAL_NVIC_SetPriority                     0x08001015   Thumb Code    60  stm32l4xx_hal_cortex.o(i.HAL_NVIC_SetPriority)
    HAL_NVIC_SetPriorityGrouping             0x08001055   Thumb Code    26  stm32l4xx_hal_cortex.o(i.HAL_NVIC_SetPriorityGrouping)
    HAL_PWREx_ControlVoltageScaling          0x08001079   Thumb Code    90  stm32l4xx_hal_pwr_ex.o(i.HAL_PWREx_ControlVoltageScaling)
    HAL_PWREx_GetVoltageRange                0x080010e1   Thumb Code    10  stm32l4xx_hal_pwr_ex.o(i.HAL_PWREx_GetVoltageRange)
    HAL_PWR_EnableBkUpAccess                 0x080010f1   Thumb Code    12  stm32l4xx_hal_pwr.o(i.HAL_PWR_EnableBkUpAccess)
    HAL_RCCEx_EnableMSIPLLMode               0x08001101   Thumb Code    12  stm32l4xx_hal_rcc_ex.o(i.HAL_RCCEx_EnableMSIPLLMode)
    HAL_RCCEx_PeriphCLKConfig                0x08001111   Thumb Code   634  stm32l4xx_hal_rcc_ex.o(i.HAL_RCCEx_PeriphCLKConfig)
    HAL_RCC_ClockConfig                      0x0800139d   Thumb Code   266  stm32l4xx_hal_rcc.o(i.HAL_RCC_ClockConfig)
    HAL_RCC_GetClockConfig                   0x080014bd   Thumb Code    54  stm32l4xx_hal_rcc.o(i.HAL_RCC_GetClockConfig)
    HAL_RCC_GetPCLK1Freq                     0x080014fd   Thumb Code    24  stm32l4xx_hal_rcc.o(i.HAL_RCC_GetPCLK1Freq)
    HAL_RCC_GetPCLK2Freq                     0x08001521   Thumb Code    24  stm32l4xx_hal_rcc.o(i.HAL_RCC_GetPCLK2Freq)
    HAL_RCC_GetSysClockFreq                  0x08001545   Thumb Code   150  stm32l4xx_hal_rcc.o(i.HAL_RCC_GetSysClockFreq)
    HAL_RCC_OscConfig                        0x080015e9   Thumb Code  1382  stm32l4xx_hal_rcc.o(i.HAL_RCC_OscConfig)
    HAL_TIMEx_Break2Callback                 0x08001b55   Thumb Code     2  stm32l4xx_hal_tim_ex.o(i.HAL_TIMEx_Break2Callback)
    HAL_TIMEx_BreakCallback                  0x08001b57   Thumb Code     2  stm32l4xx_hal_tim_ex.o(i.HAL_TIMEx_BreakCallback)
    HAL_TIMEx_CommutCallback                 0x08001b59   Thumb Code     2  stm32l4xx_hal_tim_ex.o(i.HAL_TIMEx_CommutCallback)
    HAL_TIMEx_MasterConfigSynchronization    0x08001b5d   Thumb Code    98  stm32l4xx_hal_tim_ex.o(i.HAL_TIMEx_MasterConfigSynchronization)
    HAL_TIM_Base_Init                        0x08001bc9   Thumb Code    98  stm32l4xx_hal_tim.o(i.HAL_TIM_Base_Init)
    HAL_TIM_Base_MspInit                     0x08001c2d   Thumb Code    30  stm32l4xx_hal_msp.o(i.HAL_TIM_Base_MspInit)
    HAL_TIM_Base_Start_IT                    0x08001c51   Thumb Code    76  stm32l4xx_hal_tim.o(i.HAL_TIM_Base_Start_IT)
    HAL_TIM_ConfigClockSource                0x08001ca9   Thumb Code   214  stm32l4xx_hal_tim.o(i.HAL_TIM_ConfigClockSource)
    HAL_TIM_IC_CaptureCallback               0x08001d85   Thumb Code     2  stm32l4xx_hal_tim.o(i.HAL_TIM_IC_CaptureCallback)
    HAL_TIM_IRQHandler                       0x08001d87   Thumb Code   388  stm32l4xx_hal_tim.o(i.HAL_TIM_IRQHandler)
    HAL_TIM_MspPostInit                      0x08001f0d   Thumb Code    72  stm32l4xx_hal_msp.o(i.HAL_TIM_MspPostInit)
    HAL_TIM_OC_DelayElapsedCallback          0x08001f59   Thumb Code     2  stm32l4xx_hal_tim.o(i.HAL_TIM_OC_DelayElapsedCallback)
    HAL_TIM_PWM_ConfigChannel                0x08001f5b   Thumb Code   286  stm32l4xx_hal_tim.o(i.HAL_TIM_PWM_ConfigChannel)
    HAL_TIM_PWM_Init                         0x08002079   Thumb Code    98  stm32l4xx_hal_tim.o(i.HAL_TIM_PWM_Init)
    HAL_TIM_PWM_MspInit                      0x080020db   Thumb Code     2  stm32l4xx_hal_tim.o(i.HAL_TIM_PWM_MspInit)
    HAL_TIM_PWM_PulseFinishedCallback        0x080020dd   Thumb Code     2  stm32l4xx_hal_tim.o(i.HAL_TIM_PWM_PulseFinishedCallback)
    HAL_TIM_PWM_Start                        0x080020e1   Thumb Code   190  stm32l4xx_hal_tim.o(i.HAL_TIM_PWM_Start)
    HAL_TIM_PeriodElapsedCallback            0x080021b1   Thumb Code    14  main.o(i.HAL_TIM_PeriodElapsedCallback)
    HAL_TIM_TriggerCallback                  0x080021c5   Thumb Code     2  stm32l4xx_hal_tim.o(i.HAL_TIM_TriggerCallback)
    HAL_UARTEx_RxEventCallback               0x080021c7   Thumb Code     2  stm32l4xx_hal_uart.o(i.HAL_UARTEx_RxEventCallback)
    HAL_UARTEx_WakeupCallback                0x080021c9   Thumb Code     2  stm32l4xx_hal_uart_ex.o(i.HAL_UARTEx_WakeupCallback)
    HAL_UART_ErrorCallback                   0x080021cb   Thumb Code     2  stm32l4xx_hal_uart.o(i.HAL_UART_ErrorCallback)
    HAL_UART_IRQHandler                      0x080021cd   Thumb Code   562  stm32l4xx_hal_uart.o(i.HAL_UART_IRQHandler)
    HAL_UART_Init                            0x08002409   Thumb Code   102  stm32l4xx_hal_uart.o(i.HAL_UART_Init)
    HAL_UART_MspInit                         0x08002471   Thumb Code   104  stm32l4xx_hal_msp.o(i.HAL_UART_MspInit)
    HAL_UART_Receive                         0x080024e5   Thumb Code   248  stm32l4xx_hal_uart.o(i.HAL_UART_Receive)
    HAL_UART_Transmit                        0x080025e5   Thumb Code   182  stm32l4xx_hal_uart.o(i.HAL_UART_Transmit)
    HAL_UART_TxCpltCallback                  0x0800269b   Thumb Code     2  stm32l4xx_hal_uart.o(i.HAL_UART_TxCpltCallback)
    HardFault_Handler                        0x0800269d   Thumb Code     2  stm32l4xx_it.o(i.HardFault_Handler)
    MemManage_Handler                        0x08002a1d   Thumb Code     2  stm32l4xx_it.o(i.MemManage_Handler)
    NMI_Handler                              0x08002a1f   Thumb Code     2  stm32l4xx_it.o(i.NMI_Handler)
    SSD1306_Clear                            0x08002bc9   Thumb Code    16  ssd1306.o(i.SSD1306_Clear)
    SSD1306_DrawPixel                        0x08002bd9   Thumb Code    54  ssd1306.o(i.SSD1306_DrawPixel)
    SSD1306_Fill                             0x08002c19   Thumb Code    18  ssd1306.o(i.SSD1306_Fill)
    SSD1306_GotoXY                           0x08002c31   Thumb Code     8  ssd1306.o(i.SSD1306_GotoXY)
    SSD1306_Init                             0x08002c3d   Thumb Code   350  ssd1306.o(i.SSD1306_Init)
    SSD1306_Putc                             0x08002da5   Thumb Code   156  ssd1306.o(i.SSD1306_Putc)
    SSD1306_Puts                             0x08002e45   Thumb Code    40  ssd1306.o(i.SSD1306_Puts)
    SSD1306_UpdateScreen                     0x08002e6d   Thumb Code    66  ssd1306.o(i.SSD1306_UpdateScreen)
    StartDefaultTask                         0x08002eb5   Thumb Code     8  main.o(i.StartDefaultTask)
    StartTask02                              0x08002ebd   Thumb Code    70  main.o(i.StartTask02)
    StartTask03                              0x08002f1d   Thumb Code    18  main.o(i.StartTask03)
    StartTask04                              0x08002f35   Thumb Code    52  main.o(i.StartTask04)
    StartTask05                              0x08002f71   Thumb Code    16  main.o(i.StartTask05)
    SysTick_Handler                          0x08002f85   Thumb Code    26  cmsis_os2.o(i.SysTick_Handler)
    SystemClock_Config                       0x08002fa1   Thumb Code   164  main.o(i.SystemClock_Config)
    SystemInit                               0x08003049   Thumb Code    48  system_stm32l4xx.o(i.SystemInit)
    TIM1_UP_TIM16_IRQHandler                 0x08003085   Thumb Code     6  stm32l4xx_it.o(i.TIM1_UP_TIM16_IRQHandler)
    TIM_Base_SetConfig                       0x08003091   Thumb Code    94  stm32l4xx_hal_tim.o(i.TIM_Base_SetConfig)
    TIM_CCxChannelCmd                        0x080030fd   Thumb Code    26  stm32l4xx_hal_tim.o(i.TIM_CCxChannelCmd)
    TIM_ETR_SetConfig                        0x08003117   Thumb Code    20  stm32l4xx_hal_tim.o(i.TIM_ETR_SetConfig)
    TIM_OC2_SetConfig                        0x080031b5   Thumb Code   102  stm32l4xx_hal_tim.o(i.TIM_OC2_SetConfig)
    UART_AdvFeatureConfig                    0x080033ff   Thumb Code   200  stm32l4xx_hal_uart.o(i.UART_AdvFeatureConfig)
    UART_CheckIdleState                      0x080034c7   Thumb Code    92  stm32l4xx_hal_uart.o(i.UART_CheckIdleState)
    UART_SetConfig                           0x08003569   Thumb Code   450  stm32l4xx_hal_uart.o(i.UART_SetConfig)
    UART_WaitOnFlagUntilTimeout              0x08003749   Thumb Code   164  stm32l4xx_hal_uart.o(i.UART_WaitOnFlagUntilTimeout)
    USART1_IRQHandler                        0x080037ed   Thumb Code    34  stm32l4xx_it.o(i.USART1_IRQHandler)
    UsageFault_Handler                       0x08003819   Thumb Code     2  stm32l4xx_it.o(i.UsageFault_Handler)
    __scatterload_copy                       0x0800383b   Thumb Code    14  handlers.o(i.__scatterload_copy)
    __scatterload_null                       0x08003849   Thumb Code     2  handlers.o(i.__scatterload_null)
    __scatterload_zeroinit                   0x0800384b   Thumb Code    14  handlers.o(i.__scatterload_zeroinit)
    free                                     0x08003859   Thumb Code    76  malloc.o(i.free)
    main                                     0x080038a9   Thumb Code   296  main.o(i.main)
    malloc                                   0x08003a05   Thumb Code    92  malloc.o(i.malloc)
    osDelay                                  0x08003a71   Thumb Code    30  cmsis_os2.o(i.osDelay)
    osKernelInitialize                       0x08003a91   Thumb Code    34  cmsis_os2.o(i.osKernelInitialize)
    osKernelStart                            0x08003ab9   Thumb Code    48  cmsis_os2.o(i.osKernelStart)
    osMessageQueueNew                        0x08003af1   Thumb Code   136  cmsis_os2.o(i.osMessageQueueNew)
    osMutexNew                               0x08003b79   Thumb Code   156  cmsis_os2.o(i.osMutexNew)
    osSemaphoreNew                           0x08003c15   Thumb Code   180  cmsis_os2.o(i.osSemaphoreNew)
    osThreadNew                              0x08003cc9   Thumb Code   188  cmsis_os2.o(i.osThreadNew)
    pvPortMalloc                             0x080045f5   Thumb Code   224  heap_4.o(i.pvPortMalloc)
    pvTaskIncrementMutexHeldCount            0x080046dd   Thumb Code    20  tasks.o(i.pvTaskIncrementMutexHeldCount)
    pxPortInitialiseStack                    0x080046f5   Thumb Code    38  port.o(i.pxPortInitialiseStack)
    readSensors                              0x08004721   Thumb Code    68  main.o(i.readSensors)
    ssd1306_I2C_Init                         0x08004769   Thumb Code     8  ssd1306.o(i.ssd1306_I2C_Init)
    ssd1306_I2C_Write                        0x08004775   Thumb Code    28  ssd1306.o(i.ssd1306_I2C_Write)
    ssd1306_I2C_WriteMulti                   0x08004795   Thumb Code    50  ssd1306.o(i.ssd1306_I2C_WriteMulti)
    uxListRemove                             0x080047cd   Thumb Code    38  list.o(i.uxListRemove)
    vApplicationGetIdleTaskMemory            0x080047f5   Thumb Code    16  cmsis_os2.o(i.vApplicationGetIdleTaskMemory)
    vApplicationGetTimerTaskMemory           0x08004809   Thumb Code    18  cmsis_os2.o(i.vApplicationGetTimerTaskMemory)
    vListInitialise                          0x08004821   Thumb Code    22  list.o(i.vListInitialise)
    vListInitialiseItem                      0x08004837   Thumb Code     6  list.o(i.vListInitialiseItem)
    vListInsert                              0x0800483d   Thumb Code    54  list.o(i.vListInsert)
    vListInsertEnd                           0x08004873   Thumb Code    24  list.o(i.vListInsertEnd)
    vPortEnterCritical                       0x0800488d   Thumb Code    54  port.o(i.vPortEnterCritical)
    vPortExitCritical                        0x080048cd   Thumb Code    38  port.o(i.vPortExitCritical)
    vPortFree                                0x080048f9   Thumb Code    94  heap_4.o(i.vPortFree)
    vPortSetupTimerInterrupt                 0x0800495d   Thumb Code    32  port.o(i.vPortSetupTimerInterrupt)
    vPortValidateInterruptPriority           0x08004981   Thumb Code    74  port.o(i.vPortValidateInterruptPriority)
    vQueueAddToRegistry                      0x080049d5   Thumb Code    34  queue.o(i.vQueueAddToRegistry)
    vQueueDelete                             0x080049fd   Thumb Code    50  queue.o(i.vQueueDelete)
    vQueueUnregisterQueue                    0x08004a31   Thumb Code    36  queue.o(i.vQueueUnregisterQueue)
    vQueueWaitForMessageRestricted           0x08004a59   Thumb Code    74  queue.o(i.vQueueWaitForMessageRestricted)
    vTaskDelay                               0x08004aa5   Thumb Code    70  tasks.o(i.vTaskDelay)
    vTaskInternalSetTimeOutState             0x08004af5   Thumb Code    12  tasks.o(i.vTaskInternalSetTimeOutState)
    vTaskMissedYield                         0x08004b05   Thumb Code     8  tasks.o(i.vTaskMissedYield)
    vTaskPlaceOnEventList                    0x08004b11   Thumb Code    48  tasks.o(i.vTaskPlaceOnEventList)
    vTaskPlaceOnEventListRestricted          0x08004b45   Thumb Code    54  tasks.o(i.vTaskPlaceOnEventListRestricted)
    vTaskPriorityDisinheritAfterTimeout      0x08004b81   Thumb Code   138  tasks.o(i.vTaskPriorityDisinheritAfterTimeout)
    vTaskStartScheduler                      0x08004c15   Thumb Code   128  tasks.o(i.vTaskStartScheduler)
    vTaskSuspendAll                          0x08004ca5   Thumb Code    10  tasks.o(i.vTaskSuspendAll)
    vTaskSwitchContext                       0x08004cb5   Thumb Code   100  tasks.o(i.vTaskSwitchContext)
    xPortStartScheduler                      0x08004d21   Thumb Code   232  port.o(i.xPortStartScheduler)
    xPortSysTickHandler                      0x08004e25   Thumb Code    38  port.o(i.xPortSysTickHandler)
    xQueueCreateCountingSemaphore            0x08004e51   Thumb Code    60  queue.o(i.xQueueCreateCountingSemaphore)
    xQueueCreateCountingSemaphoreStatic      0x08004e8d   Thumb Code    66  queue.o(i.xQueueCreateCountingSemaphoreStatic)
    xQueueCreateMutex                        0x08004ecf   Thumb Code    24  queue.o(i.xQueueCreateMutex)
    xQueueCreateMutexStatic                  0x08004ee7   Thumb Code    28  queue.o(i.xQueueCreateMutexStatic)
    xQueueGenericCreate                      0x08004f03   Thumb Code    68  queue.o(i.xQueueGenericCreate)
    xQueueGenericCreateStatic                0x08004f47   Thumb Code   112  queue.o(i.xQueueGenericCreateStatic)
    xQueueGenericReset                       0x08004fb9   Thumb Code   138  queue.o(i.xQueueGenericReset)
    xQueueGenericSend                        0x08005049   Thumb Code   362  queue.o(i.xQueueGenericSend)
    xQueueGenericSendFromISR                 0x080051b9   Thumb Code   190  queue.o(i.xQueueGenericSendFromISR)
    xQueueGiveFromISR                        0x08005277   Thumb Code   160  queue.o(i.xQueueGiveFromISR)
    xQueueReceive                            0x08005319   Thumb Code   322  queue.o(i.xQueueReceive)
    xQueueSemaphoreTake                      0x08005461   Thumb Code   382  queue.o(i.xQueueSemaphoreTake)
    xTaskCheckForTimeOut                     0x080055e5   Thumb Code   122  tasks.o(i.xTaskCheckForTimeOut)
    xTaskCreate                              0x08005665   Thumb Code   108  tasks.o(i.xTaskCreate)
    xTaskCreateStatic                        0x080056d7   Thumb Code    96  tasks.o(i.xTaskCreateStatic)
    xTaskGetSchedulerState                   0x08005739   Thumb Code    24  tasks.o(i.xTaskGetSchedulerState)
    xTaskGetTickCount                        0x08005755   Thumb Code     6  tasks.o(i.xTaskGetTickCount)
    xTaskIncrementTick                       0x08005761   Thumb Code   196  tasks.o(i.xTaskIncrementTick)
    xTaskPriorityDisinherit                  0x0800582d   Thumb Code   118  tasks.o(i.xTaskPriorityDisinherit)
    xTaskPriorityInherit                     0x080058ad   Thumb Code   118  tasks.o(i.xTaskPriorityInherit)
    xTaskRemoveFromEventList                 0x0800592d   Thumb Code   106  tasks.o(i.xTaskRemoveFromEventList)
    xTaskResumeAll                           0x080059a5   Thumb Code   190  tasks.o(i.xTaskResumeAll)
    xTimerCreateTimerTask                    0x08005a71   Thumb Code    86  timers.o(i.xTimerCreateTimerTask)
    xTimerGenericCommand                     0x08005ad9   Thumb Code   112  timers.o(i.xTimerGenericCommand)
    Font11x18                                0x08005b4c   Data        3420  fonts.o(.constdata)
    DC_MOTOR_CfgParam                        0x080068a8   Data          32  dc_motor_cfg.o(.constdata)
    defaultTask_attributes                   0x080068c8   Data          36  main.o(.constdata)
    myTask02_attributes                      0x080068ec   Data          36  main.o(.constdata)
    myTask03_attributes                      0x08006910   Data          36  main.o(.constdata)
    myTask04_attributes                      0x08006934   Data          36  main.o(.constdata)
    myTask05_attributes                      0x08006958   Data          36  main.o(.constdata)
    myQueue01_attributes                     0x0800697c   Data          24  main.o(.constdata)
    myQueue02_attributes                     0x08006994   Data          24  main.o(.constdata)
    myMutex01_attributes                     0x080069ac   Data          16  main.o(.constdata)
    myMutex02_attributes                     0x080069bc   Data          16  main.o(.constdata)
    myBinarySem01_attributes                 0x080069cc   Data          16  main.o(.constdata)
    myBinarySem02_attributes                 0x080069dc   Data          16  main.o(.constdata)
    AHBPrescTable                            0x080069ec   Data          16  system_stm32l4xx.o(.constdata)
    MSIRangeTable                            0x080069fc   Data          48  system_stm32l4xx.o(.constdata)
    APBPrescTable                            0x08006a2c   Data           8  system_stm32l4xx.o(.constdata)
    Region$$Table$$Base                      0x08006ac4   Number         0  anon$$obj.o(Region$$Table)
    Region$$Table$$Limit                     0x08006ae4   Number         0  anon$$obj.o(Region$$Table)
    Font_11x18                               0x20000008   Data           8  fonts.o(.data)
    timer_count                              0x20000010   Data           1  mylibrary.o(.data)
    buffer_index                             0x20000011   Data           1  mylibrary.o(.data)
    MOTOR1_DIR                               0x20000014   Data           1  main.o(.data)
    DIR_FLAG                                 0x20000015   Data           1  main.o(.data)
    speed                                    0x20000016   Data           2  main.o(.data)
    slots_num                                0x20000018   Data           4  main.o(.data)
    var                                      0x2000001c   Data           4  main.o(.data)
    str                                      0x20000020   Data           4  main.o(.data)
    flag                                     0x20000024   Data           4  main.o(.data)
    bar_speed                                0x20000028   Data           4  main.o(.data)
    bar_time                                 0x2000002c   Data           4  main.o(.data)
    defaultTaskHandle                        0x20000030   Data           4  main.o(.data)
    myTask02Handle                           0x20000034   Data           4  main.o(.data)
    myTask03Handle                           0x20000038   Data           4  main.o(.data)
    myTask04Handle                           0x2000003c   Data           4  main.o(.data)
    myTask05Handle                           0x20000040   Data           4  main.o(.data)
    myQueue01Handle                          0x20000044   Data           4  main.o(.data)
    myQueue02Handle                          0x20000048   Data           4  main.o(.data)
    myMutex01Handle                          0x2000004c   Data           4  main.o(.data)
    myMutex02Handle                          0x20000050   Data           4  main.o(.data)
    myBinarySem01Handle                      0x20000054   Data           4  main.o(.data)
    myBinarySem02Handle                      0x20000058   Data           4  main.o(.data)
    xSemaphore                               0x2000005c   Data           4  main.o(.data)
    BCompare                                 0x20000060   Data           4  main.o(.data)
    delay                                    0x20000064   Data           4  main.o(.data)
    entry_car                                0x20000068   Data           4  main.o(.data)
    uwTickFreq                               0x2000006c   Data           1  stm32l4xx_hal.o(.data)
    uwTickPrio                               0x20000070   Data           4  stm32l4xx_hal.o(.data)
    uwTick                                   0x20000074   Data           4  stm32l4xx_hal.o(.data)
    SystemCoreClock                          0x20000078   Data           4  system_stm32l4xx.o(.data)
    pxCurrentTCB                             0x2000007c   Data           4  tasks.o(.data)
    __microlib_freelist                      0x200000fc   Data           4  mvars.o(.data)
    __microlib_freelist_initialised          0x20000100   Data           4  mvars.o(.data)
    buffer                                   0x20000504   Data          50  mylibrary.o(.bss)
    hi2c1                                    0x20000538   Data          76  main.o(.bss)
    htim2                                    0x20000584   Data          76  main.o(.bss)
    huart1                                   0x200005d0   Data         132  main.o(.bss)
    slots                                    0x20000654   Data          48  main.o(.bss)
    BluetoothMsg                             0x20000684   Data          50  main.o(.bss)
    htim1                                    0x200006b8   Data          76  stm32l4xx_hal_timebase_tim.o(.bss)
    xQueueRegistry                           0x20000704   Data          64  queue.o(.bss)
    __heap_base                              0x20002378   Data           0  startup_stm32l432xx.o(HEAP)
    __heap_limit                             0x20002578   Data           0  startup_stm32l432xx.o(HEAP)
    __initial_sp                             0x20002978   Data           0  startup_stm32l432xx.o(STACK)



==============================================================================

Memory Map of the image

  Image Entry point : 0x0800018d

  Load Region LR_IROM1 (Base: 0x08000000, Size: 0x00006be8, Max: 0x00040000, ABSOLUTE)

    Execution Region ER_IROM1 (Exec base: 0x08000000, Load base: 0x08000000, Size: 0x00006ae4, Max: 0x00040000, ABSOLUTE)

    Exec Addr    Load Addr    Size         Type   Attr      Idx    E Section Name        Object

    0x08000000   0x08000000   0x0000018c   Data   RO            3    RESET               startup_stm32l432xx.o
    0x0800018c   0x0800018c   0x00000000   Code   RO         6098  * .ARM.Collect$$$$00000000  mc_w.l(entry.o)
    0x0800018c   0x0800018c   0x00000004   Code   RO         6147    .ARM.Collect$$$$00000001  mc_w.l(entry2.o)
    0x08000190   0x08000190   0x00000004   Code   RO         6150    .ARM.Collect$$$$00000004  mc_w.l(entry5.o)
    0x08000194   0x08000194   0x00000000   Code   RO         6152    .ARM.Collect$$$$00000008  mc_w.l(entry7b.o)
    0x08000194   0x08000194   0x00000000   Code   RO         6154    .ARM.Collect$$$$0000000A  mc_w.l(entry8b.o)
    0x08000194   0x08000194   0x00000008   Code   RO         6155    .ARM.Collect$$$$0000000B  mc_w.l(entry9a.o)
    0x0800019c   0x0800019c   0x00000004   Code   RO         6162    .ARM.Collect$$$$0000000E  mc_w.l(entry12b.o)
    0x080001a0   0x080001a0   0x00000000   Code   RO         6157    .ARM.Collect$$$$0000000F  mc_w.l(entry10a.o)
    0x080001a0   0x080001a0   0x00000000   Code   RO         6159    .ARM.Collect$$$$00000011  mc_w.l(entry11a.o)
    0x080001a0   0x080001a0   0x00000004   Code   RO         6148    .ARM.Collect$$$$00002712  mc_w.l(entry2.o)
    0x080001a4   0x080001a4   0x000000de   Code   RO         6021    .emb_text           port.o
    0x08000282   0x08000282   0x00000002   PAD
    0x08000284   0x08000284   0x00000024   Code   RO            4    .text               startup_stm32l432xx.o
    0x080002a8   0x080002a8   0x00000068   Code   RO         6101    .text               mc_w.l(uldiv.o)
    0x08000310   0x08000310   0x00000024   Code   RO         6103    .text               mc_w.l(memcpya.o)
    0x08000334   0x08000334   0x00000024   Code   RO         6107    .text               mc_w.l(memseta.o)
    0x08000358   0x08000358   0x00000018   Code   RO         6109    .text               mc_w.l(strcat.o)
    0x08000370   0x08000370   0x0000000e   Code   RO         6111    .text               mc_w.l(strlen.o)
    0x0800037e   0x0800037e   0x0000001c   Code   RO         6113    .text               mc_w.l(strcmp.o)
    0x0800039a   0x0800039a   0x00000012   Code   RO         6115    .text               mc_w.l(strcpy.o)
    0x080003ac   0x080003ac   0x0000001e   Code   RO         6163    .text               mc_w.l(llshl.o)
    0x080003ca   0x080003ca   0x00000020   Code   RO         6165    .text               mc_w.l(llushr.o)
    0x080003ea   0x080003ea   0x00000002   PAD
    0x080003ec   0x080003ec   0x00000024   Code   RO         6169    .text               mc_w.l(init.o)
    0x08000410   0x08000410   0x0000014e   Code   RO          479    i.Booking_BT        main.o
    0x0800055e   0x0800055e   0x00000002   Code   RO          680    i.BusFault_Handler  stm32l4xx_it.o
    0x08000560   0x08000560   0x0000014c   Code   RO          395    i.DC_MOTOR_Init     dc_motor.o
    0x080006ac   0x080006ac   0x00000040   Code   RO          396    i.DC_MOTOR_Set_Dir  dc_motor.o
    0x080006ec   0x080006ec   0x00000028   Code   RO          397    i.DC_MOTOR_Set_Speed  dc_motor.o
    0x08000714   0x08000714   0x00000060   Code   RO          398    i.DC_MOTOR_Start    dc_motor.o
    0x08000774   0x08000774   0x000000ac   Code   RO          480    i.DC_Motor_Cntrl    main.o
    0x08000820   0x08000820   0x00000002   Code   RO          681    i.DebugMon_Handler  stm32l4xx_it.o
    0x08000822   0x08000822   0x00000002   PAD
    0x08000824   0x08000824   0x00000034   Code   RO          481    i.DisplayOLED       main.o
    0x08000858   0x08000858   0x00000050   Code   RO          482    i.DisplaySlot       main.o
    0x080008a8   0x080008a8   0x0000004a   Code   RO         2133    i.HAL_DMA_Abort     stm32l4xx_hal_dma.o
    0x080008f2   0x080008f2   0x0000004e   Code   RO         2134    i.HAL_DMA_Abort_IT  stm32l4xx_hal_dma.o
    0x08000940   0x08000940   0x000001a2   Code   RO         2069    i.HAL_GPIO_Init     stm32l4xx_hal_gpio.o
    0x08000ae2   0x08000ae2   0x0000000a   Code   RO         2071    i.HAL_GPIO_ReadPin  stm32l4xx_hal_gpio.o
    0x08000aec   0x08000aec   0x0000000a   Code   RO         2073    i.HAL_GPIO_WritePin  stm32l4xx_hal_gpio.o
    0x08000af6   0x08000af6   0x00000002   PAD
    0x08000af8   0x08000af8   0x0000000c   Code   RO          870    i.HAL_GetTick       stm32l4xx_hal.o
    0x08000b04   0x08000b04   0x00000056   Code   RO         1525    i.HAL_I2CEx_ConfigAnalogFilter  stm32l4xx_hal_i2c_ex.o
    0x08000b5a   0x08000b5a   0x00000052   Code   RO         1526    i.HAL_I2CEx_ConfigDigitalFilter  stm32l4xx_hal_i2c_ex.o
    0x08000bac   0x08000bac   0x000000b8   Code   RO         1074    i.HAL_I2C_Init      stm32l4xx_hal_i2c.o
    0x08000c64   0x08000c64   0x0000012a   Code   RO         1075    i.HAL_I2C_IsDeviceReady  stm32l4xx_hal_i2c.o
    0x08000d8e   0x08000d8e   0x00000002   PAD
    0x08000d90   0x08000d90   0x0000012a   Code   RO         1087    i.HAL_I2C_Master_Transmit  stm32l4xx_hal_i2c.o
    0x08000eba   0x08000eba   0x00000002   PAD
    0x08000ebc   0x08000ebc   0x00000064   Code   RO          755    i.HAL_I2C_MspInit   stm32l4xx_hal_msp.o
    0x08000f20   0x08000f20   0x00000010   Code   RO          876    i.HAL_IncTick       stm32l4xx_hal.o
    0x08000f30   0x08000f30   0x0000001e   Code   RO          877    i.HAL_Init          stm32l4xx_hal.o
    0x08000f4e   0x08000f4e   0x00000002   PAD
    0x08000f50   0x08000f50   0x00000074   Code   RO          820    i.HAL_InitTick      stm32l4xx_hal_timebase_tim.o
    0x08000fc4   0x08000fc4   0x00000034   Code   RO          756    i.HAL_MspInit       stm32l4xx_hal_msp.o
    0x08000ff8   0x08000ff8   0x0000001a   Code   RO         2586    i.HAL_NVIC_EnableIRQ  stm32l4xx_hal_cortex.o
    0x08001012   0x08001012   0x00000002   PAD
    0x08001014   0x08001014   0x00000040   Code   RO         2592    i.HAL_NVIC_SetPriority  stm32l4xx_hal_cortex.o
    0x08001054   0x08001054   0x00000024   Code   RO         2593    i.HAL_NVIC_SetPriorityGrouping  stm32l4xx_hal_cortex.o
    0x08001078   0x08001078   0x00000068   Code   RO         2360    i.HAL_PWREx_ControlVoltageScaling  stm32l4xx_hal_pwr_ex.o
    0x080010e0   0x080010e0   0x00000010   Code   RO         2387    i.HAL_PWREx_GetVoltageRange  stm32l4xx_hal_pwr_ex.o
    0x080010f0   0x080010f0   0x00000010   Code   RO         2252    i.HAL_PWR_EnableBkUpAccess  stm32l4xx_hal_pwr.o
    0x08001100   0x08001100   0x00000010   Code   RO         1696    i.HAL_RCCEx_EnableMSIPLLMode  stm32l4xx_hal_rcc_ex.o
    0x08001110   0x08001110   0x0000028a   Code   RO         1702    i.HAL_RCCEx_PeriphCLKConfig  stm32l4xx_hal_rcc_ex.o
    0x0800139a   0x0800139a   0x00000002   PAD
    0x0800139c   0x0800139c   0x00000120   Code   RO         1580    i.HAL_RCC_ClockConfig  stm32l4xx_hal_rcc.o
    0x080014bc   0x080014bc   0x00000040   Code   RO         1583    i.HAL_RCC_GetClockConfig  stm32l4xx_hal_rcc.o
    0x080014fc   0x080014fc   0x00000024   Code   RO         1586    i.HAL_RCC_GetPCLK1Freq  stm32l4xx_hal_rcc.o
    0x08001520   0x08001520   0x00000024   Code   RO         1587    i.HAL_RCC_GetPCLK2Freq  stm32l4xx_hal_rcc.o
    0x08001544   0x08001544   0x000000a4   Code   RO         1588    i.HAL_RCC_GetSysClockFreq  stm32l4xx_hal_rcc.o
    0x080015e8   0x080015e8   0x0000056c   Code   RO         1591    i.HAL_RCC_OscConfig  stm32l4xx_hal_rcc.o
    0x08001b54   0x08001b54   0x00000002   Code   RO         3504    i.HAL_TIMEx_Break2Callback  stm32l4xx_hal_tim_ex.o
    0x08001b56   0x08001b56   0x00000002   Code   RO         3505    i.HAL_TIMEx_BreakCallback  stm32l4xx_hal_tim_ex.o
    0x08001b58   0x08001b58   0x00000002   Code   RO         3506    i.HAL_TIMEx_CommutCallback  stm32l4xx_hal_tim_ex.o
    0x08001b5a   0x08001b5a   0x00000002   PAD
    0x08001b5c   0x08001b5c   0x0000006c   Code   RO         3526    i.HAL_TIMEx_MasterConfigSynchronization  stm32l4xx_hal_tim_ex.o
    0x08001bc8   0x08001bc8   0x00000062   Code   RO         2790    i.HAL_TIM_Base_Init  stm32l4xx_hal_tim.o
    0x08001c2a   0x08001c2a   0x00000002   PAD
    0x08001c2c   0x08001c2c   0x00000024   Code   RO          758    i.HAL_TIM_Base_MspInit  stm32l4xx_hal_msp.o
    0x08001c50   0x08001c50   0x00000058   Code   RO         2795    i.HAL_TIM_Base_Start_IT  stm32l4xx_hal_tim.o
    0x08001ca8   0x08001ca8   0x000000dc   Code   RO         2799    i.HAL_TIM_ConfigClockSource  stm32l4xx_hal_tim.o
    0x08001d84   0x08001d84   0x00000002   Code   RO         2824    i.HAL_TIM_IC_CaptureCallback  stm32l4xx_hal_tim.o
    0x08001d86   0x08001d86   0x00000184   Code   RO         2838    i.HAL_TIM_IRQHandler  stm32l4xx_hal_tim.o
    0x08001f0a   0x08001f0a   0x00000002   PAD
    0x08001f0c   0x08001f0c   0x0000004c   Code   RO          759    i.HAL_TIM_MspPostInit  stm32l4xx_hal_msp.o
    0x08001f58   0x08001f58   0x00000002   Code   RO         2841    i.HAL_TIM_OC_DelayElapsedCallback  stm32l4xx_hal_tim.o
    0x08001f5a   0x08001f5a   0x0000011e   Code   RO         2862    i.HAL_TIM_PWM_ConfigChannel  stm32l4xx_hal_tim.o
    0x08002078   0x08002078   0x00000062   Code   RO         2865    i.HAL_TIM_PWM_Init  stm32l4xx_hal_tim.o
    0x080020da   0x080020da   0x00000002   Code   RO         2867    i.HAL_TIM_PWM_MspInit  stm32l4xx_hal_tim.o
    0x080020dc   0x080020dc   0x00000002   Code   RO         2868    i.HAL_TIM_PWM_PulseFinishedCallback  stm32l4xx_hal_tim.o
    0x080020de   0x080020de   0x00000002   PAD
    0x080020e0   0x080020e0   0x000000d0   Code   RO         2870    i.HAL_TIM_PWM_Start  stm32l4xx_hal_tim.o
    0x080021b0   0x080021b0   0x00000014   Code   RO          484    i.HAL_TIM_PeriodElapsedCallback  main.o
    0x080021c4   0x080021c4   0x00000002   Code   RO         2881    i.HAL_TIM_TriggerCallback  stm32l4xx_hal_tim.o
    0x080021c6   0x080021c6   0x00000002   Code   RO         3798    i.HAL_UARTEx_RxEventCallback  stm32l4xx_hal_uart.o
    0x080021c8   0x080021c8   0x00000002   Code   RO         4191    i.HAL_UARTEx_WakeupCallback  stm32l4xx_hal_uart_ex.o
    0x080021ca   0x080021ca   0x00000002   Code   RO         3814    i.HAL_UART_ErrorCallback  stm32l4xx_hal_uart.o
    0x080021cc   0x080021cc   0x0000023c   Code   RO         3817    i.HAL_UART_IRQHandler  stm32l4xx_hal_uart.o
    0x08002408   0x08002408   0x00000066   Code   RO         3818    i.HAL_UART_Init     stm32l4xx_hal_uart.o
    0x0800246e   0x0800246e   0x00000002   PAD
    0x08002470   0x08002470   0x00000074   Code   RO          761    i.HAL_UART_MspInit  stm32l4xx_hal_msp.o
    0x080024e4   0x080024e4   0x000000fe   Code   RO         3821    i.HAL_UART_Receive  stm32l4xx_hal_uart.o
    0x080025e2   0x080025e2   0x00000002   PAD
    0x080025e4   0x080025e4   0x000000b6   Code   RO         3827    i.HAL_UART_Transmit  stm32l4xx_hal_uart.o
    0x0800269a   0x0800269a   0x00000002   Code   RO         3830    i.HAL_UART_TxCpltCallback  stm32l4xx_hal_uart.o
    0x0800269c   0x0800269c   0x00000002   Code   RO          682    i.HardFault_Handler  stm32l4xx_it.o
    0x0800269e   0x0800269e   0x00000022   Code   RO         1121    i.I2C_Flush_TXDR    stm32l4xx_hal_i2c.o
    0x080026c0   0x080026c0   0x00000084   Code   RO         1129    i.I2C_IsAcknowledgeFailed  stm32l4xx_hal_i2c.o
    0x08002744   0x08002744   0x0000002c   Code   RO         1136    i.I2C_TransferConfig  stm32l4xx_hal_i2c.o
    0x08002770   0x08002770   0x00000058   Code   RO         1138    i.I2C_WaitOnFlagUntilTimeout  stm32l4xx_hal_i2c.o
    0x080027c8   0x080027c8   0x0000004c   Code   RO         1140    i.I2C_WaitOnSTOPFlagUntilTimeout  stm32l4xx_hal_i2c.o
    0x08002814   0x08002814   0x00000050   Code   RO         1141    i.I2C_WaitOnTXISFlagUntilTimeout  stm32l4xx_hal_i2c.o
    0x08002864   0x08002864   0x00000090   Code   RO          485    i.MX_GPIO_Init      main.o
    0x080028f4   0x080028f4   0x00000054   Code   RO          486    i.MX_I2C1_Init      main.o
    0x08002948   0x08002948   0x0000009c   Code   RO          487    i.MX_TIM2_Init      main.o
    0x080029e4   0x080029e4   0x00000038   Code   RO          488    i.MX_USART1_UART_Init  main.o
    0x08002a1c   0x08002a1c   0x00000002   Code   RO          683    i.MemManage_Handler  stm32l4xx_it.o
    0x08002a1e   0x08002a1e   0x00000002   Code   RO          684    i.NMI_Handler       stm32l4xx_it.o
    0x08002a20   0x08002a20   0x0000012c   Code   RO         1706    i.RCCEx_PLLSAI1_Config  stm32l4xx_hal_rcc_ex.o
    0x08002b4c   0x08002b4c   0x0000007c   Code   RO         1592    i.RCC_SetFlashLatencyFromMSIRange  stm32l4xx_hal_rcc.o
    0x08002bc8   0x08002bc8   0x00000010   Code   RO           13    i.SSD1306_Clear     ssd1306.o
    0x08002bd8   0x08002bd8   0x00000040   Code   RO           20    i.SSD1306_DrawPixel  ssd1306.o
    0x08002c18   0x08002c18   0x00000018   Code   RO           23    i.SSD1306_Fill      ssd1306.o
    0x08002c30   0x08002c30   0x0000000c   Code   RO           24    i.SSD1306_GotoXY    ssd1306.o
    0x08002c3c   0x08002c3c   0x00000168   Code   RO           25    i.SSD1306_Init      ssd1306.o
    0x08002da4   0x08002da4   0x000000a0   Code   RO           29    i.SSD1306_Putc      ssd1306.o
    0x08002e44   0x08002e44   0x00000028   Code   RO           30    i.SSD1306_Puts      ssd1306.o
    0x08002e6c   0x08002e6c   0x00000048   Code   RO           37    i.SSD1306_UpdateScreen  ssd1306.o
    0x08002eb4   0x08002eb4   0x00000008   Code   RO          489    i.StartDefaultTask  main.o
    0x08002ebc   0x08002ebc   0x00000060   Code   RO          490    i.StartTask02       main.o
    0x08002f1c   0x08002f1c   0x00000018   Code   RO          491    i.StartTask03       main.o
    0x08002f34   0x08002f34   0x0000003c   Code   RO          492    i.StartTask04       main.o
    0x08002f70   0x08002f70   0x00000014   Code   RO          493    i.StartTask05       main.o
    0x08002f84   0x08002f84   0x0000001a   Code   RO         5444    i.SysTick_Handler   cmsis_os2.o
    0x08002f9e   0x08002f9e   0x00000002   PAD
    0x08002fa0   0x08002fa0   0x000000a8   Code   RO          494    i.SystemClock_Config  main.o
    0x08003048   0x08003048   0x0000003c   Code   RO         4266    i.SystemInit        system_stm32l4xx.o
    0x08003084   0x08003084   0x0000000c   Code   RO          685    i.TIM1_UP_TIM16_IRQHandler  stm32l4xx_it.o
    0x08003090   0x08003090   0x0000006c   Code   RO         2883    i.TIM_Base_SetConfig  stm32l4xx_hal_tim.o
    0x080030fc   0x080030fc   0x0000001a   Code   RO         2884    i.TIM_CCxChannelCmd  stm32l4xx_hal_tim.o
    0x08003116   0x08003116   0x00000014   Code   RO         2894    i.TIM_ETR_SetConfig  stm32l4xx_hal_tim.o
    0x0800312a   0x0800312a   0x00000010   Code   RO         2895    i.TIM_ITRx_SetConfig  stm32l4xx_hal_tim.o
    0x0800313a   0x0800313a   0x00000002   PAD
    0x0800313c   0x0800313c   0x00000078   Code   RO         2896    i.TIM_OC1_SetConfig  stm32l4xx_hal_tim.o
    0x080031b4   0x080031b4   0x00000078   Code   RO         2897    i.TIM_OC2_SetConfig  stm32l4xx_hal_tim.o
    0x0800322c   0x0800322c   0x00000074   Code   RO         2898    i.TIM_OC3_SetConfig  stm32l4xx_hal_tim.o
    0x080032a0   0x080032a0   0x00000060   Code   RO         2899    i.TIM_OC4_SetConfig  stm32l4xx_hal_tim.o
    0x08003300   0x08003300   0x0000005c   Code   RO         2900    i.TIM_OC5_SetConfig  stm32l4xx_hal_tim.o
    0x0800335c   0x0800335c   0x0000005c   Code   RO         2901    i.TIM_OC6_SetConfig  stm32l4xx_hal_tim.o
    0x080033b8   0x080033b8   0x00000022   Code   RO         2903    i.TIM_TI1_ConfigInputStage  stm32l4xx_hal_tim.o
    0x080033da   0x080033da   0x00000024   Code   RO         2905    i.TIM_TI2_ConfigInputStage  stm32l4xx_hal_tim.o
    0x080033fe   0x080033fe   0x000000c8   Code   RO         3832    i.UART_AdvFeatureConfig  stm32l4xx_hal_uart.o
    0x080034c6   0x080034c6   0x0000005c   Code   RO         3833    i.UART_CheckIdleState  stm32l4xx_hal_uart.o
    0x08003522   0x08003522   0x00000014   Code   RO         3834    i.UART_DMAAbortOnError  stm32l4xx_hal_uart.o
    0x08003536   0x08003536   0x00000030   Code   RO         3844    i.UART_EndRxTransfer  stm32l4xx_hal_uart.o
    0x08003566   0x08003566   0x00000002   PAD
    0x08003568   0x08003568   0x000001e0   Code   RO         3848    i.UART_SetConfig    stm32l4xx_hal_uart.o
    0x08003748   0x08003748   0x000000a4   Code   RO         3853    i.UART_WaitOnFlagUntilTimeout  stm32l4xx_hal_uart.o
    0x080037ec   0x080037ec   0x0000002c   Code   RO          686    i.USART1_IRQHandler  stm32l4xx_it.o
    0x08003818   0x08003818   0x00000002   Code   RO          687    i.UsageFault_Handler  stm32l4xx_it.o
    0x0800381a   0x0800381a   0x00000020   Code   RO         2599    i.__NVIC_SetPriority  stm32l4xx_hal_cortex.o
    0x0800383a   0x0800383a   0x0000000e   Code   RO         6173    i.__scatterload_copy  mc_w.l(handlers.o)
    0x08003848   0x08003848   0x00000002   Code   RO         6174    i.__scatterload_null  mc_w.l(handlers.o)
    0x0800384a   0x0800384a   0x0000000e   Code   RO         6175    i.__scatterload_zeroinit  mc_w.l(handlers.o)
    0x08003858   0x08003858   0x00000050   Code   RO         6119    i.free              mc_w.l(malloc.o)
    0x080038a8   0x080038a8   0x0000015c   Code   RO          495    i.main              main.o
    0x08003a04   0x08003a04   0x0000006c   Code   RO         6120    i.malloc            mc_w.l(malloc.o)
    0x08003a70   0x08003a70   0x0000001e   Code   RO         5446    i.osDelay           cmsis_os2.o
    0x08003a8e   0x08003a8e   0x00000002   PAD
    0x08003a90   0x08003a90   0x00000028   Code   RO         5460    i.osKernelInitialize  cmsis_os2.o
    0x08003ab8   0x08003ab8   0x00000038   Code   RO         5463    i.osKernelStart     cmsis_os2.o
    0x08003af0   0x08003af0   0x00000088   Code   RO         5480    i.osMessageQueueNew  cmsis_os2.o
    0x08003b78   0x08003b78   0x0000009c   Code   RO         5486    i.osMutexNew        cmsis_os2.o
    0x08003c14   0x08003c14   0x000000b4   Code   RO         5491    i.osSemaphoreNew    cmsis_os2.o
    0x08003cc8   0x08003cc8   0x000000bc   Code   RO         5505    i.osThreadNew       cmsis_os2.o
    0x08003d84   0x08003d84   0x00000060   Code   RO         4884    i.prvAddCurrentTaskToDelayedList  tasks.o
    0x08003de4   0x08003de4   0x00000088   Code   RO         4885    i.prvAddNewTaskToReadyList  tasks.o
    0x08003e6c   0x08003e6c   0x0000005c   Code   RO         5260    i.prvCheckForValidListAndQueue  timers.o
    0x08003ec8   0x08003ec8   0x00000040   Code   RO         4886    i.prvCheckTasksWaitingTermination  tasks.o
    0x08003f08   0x08003f08   0x00000024   Code   RO         4471    i.prvCopyDataFromQueue  queue.o
    0x08003f2c   0x08003f2c   0x0000006e   Code   RO         4472    i.prvCopyDataToQueue  queue.o
    0x08003f9a   0x08003f9a   0x00000040   Code   RO         4887    i.prvDeleteTCB      tasks.o
    0x08003fda   0x08003fda   0x00000014   Code   RO         4473    i.prvGetDisinheritPriorityAfterTimeout  queue.o
    0x08003fee   0x08003fee   0x00000002   PAD
    0x08003ff0   0x08003ff0   0x00000024   Code   RO         5261    i.prvGetNextExpireTime  timers.o
    0x08004014   0x08004014   0x00000050   Code   RO         5966    i.prvHeapInit       heap_4.o
    0x08004064   0x08004064   0x00000028   Code   RO         4888    i.prvIdleTask       tasks.o
    0x0800408c   0x0800408c   0x00000018   Code   RO         4474    i.prvInitialiseMutex  queue.o
    0x080040a4   0x080040a4   0x00000022   Code   RO         4475    i.prvInitialiseNewQueue  queue.o
    0x080040c6   0x080040c6   0x0000009a   Code   RO         4889    i.prvInitialiseNewTask  tasks.o
    0x08004160   0x08004160   0x00000060   Code   RO         4890    i.prvInitialiseTaskLists  tasks.o
    0x080041c0   0x080041c0   0x0000005c   Code   RO         5967    i.prvInsertBlockIntoFreeList  heap_4.o
    0x0800421c   0x0800421c   0x00000048   Code   RO         5263    i.prvInsertTimerInActiveList  timers.o
    0x08004264   0x08004264   0x0000001a   Code   RO         4476    i.prvIsQueueEmpty   queue.o
    0x0800427e   0x0800427e   0x0000001e   Code   RO         4477    i.prvIsQueueFull    queue.o
    0x0800429c   0x0800429c   0x00000068   Code   RO         5264    i.prvProcessExpiredTimer  timers.o
    0x08004304   0x08004304   0x00000110   Code   RO         5265    i.prvProcessReceivedCommands  timers.o
    0x08004414   0x08004414   0x0000006c   Code   RO         5266    i.prvProcessTimerOrBlockTask  timers.o
    0x08004480   0x08004480   0x00000024   Code   RO         4892    i.prvResetNextTaskUnblockTime  tasks.o
    0x080044a4   0x080044a4   0x0000002c   Code   RO         5267    i.prvSampleTimeNow  timers.o
    0x080044d0   0x080044d0   0x00000078   Code   RO         5268    i.prvSwitchTimerLists  timers.o
    0x08004548   0x08004548   0x00000030   Code   RO         6022    i.prvTaskExitError  port.o
    0x08004578   0x08004578   0x00000014   Code   RO         5269    i.prvTimerTask      timers.o
    0x0800458c   0x0800458c   0x00000068   Code   RO         4478    i.prvUnlockQueue    queue.o
    0x080045f4   0x080045f4   0x000000e8   Code   RO         5968    i.pvPortMalloc      heap_4.o
    0x080046dc   0x080046dc   0x00000018   Code   RO         4895    i.pvTaskIncrementMutexHeldCount  tasks.o
    0x080046f4   0x080046f4   0x0000002c   Code   RO         6023    i.pxPortInitialiseStack  port.o
    0x08004720   0x08004720   0x00000048   Code   RO          496    i.readSensors       main.o
    0x08004768   0x08004768   0x0000000c   Code   RO           38    i.ssd1306_I2C_Init  ssd1306.o
    0x08004774   0x08004774   0x00000020   Code   RO           39    i.ssd1306_I2C_Write  ssd1306.o
    0x08004794   0x08004794   0x00000038   Code   RO           40    i.ssd1306_I2C_WriteMulti  ssd1306.o
    0x080047cc   0x080047cc   0x00000026   Code   RO         4431    i.uxListRemove      list.o
    0x080047f2   0x080047f2   0x00000002   PAD
    0x080047f4   0x080047f4   0x00000014   Code   RO         5517    i.vApplicationGetIdleTaskMemory  cmsis_os2.o
    0x08004808   0x08004808   0x00000018   Code   RO         5518    i.vApplicationGetTimerTaskMemory  cmsis_os2.o
    0x08004820   0x08004820   0x00000016   Code   RO         4432    i.vListInitialise   list.o
    0x08004836   0x08004836   0x00000006   Code   RO         4433    i.vListInitialiseItem  list.o
    0x0800483c   0x0800483c   0x00000036   Code   RO         4434    i.vListInsert       list.o
    0x08004872   0x08004872   0x00000018   Code   RO         4435    i.vListInsertEnd    list.o
    0x0800488a   0x0800488a   0x00000002   PAD
    0x0800488c   0x0800488c   0x00000040   Code   RO         6025    i.vPortEnterCritical  port.o
    0x080048cc   0x080048cc   0x0000002c   Code   RO         6026    i.vPortExitCritical  port.o
    0x080048f8   0x080048f8   0x00000064   Code   RO         5969    i.vPortFree         heap_4.o
    0x0800495c   0x0800495c   0x00000024   Code   RO         6027    i.vPortSetupTimerInterrupt  port.o
    0x08004980   0x08004980   0x00000054   Code   RO         6028    i.vPortValidateInterruptPriority  port.o
    0x080049d4   0x080049d4   0x00000028   Code   RO         4484    i.vQueueAddToRegistry  queue.o
    0x080049fc   0x080049fc   0x00000032   Code   RO         4485    i.vQueueDelete      queue.o
    0x08004a2e   0x08004a2e   0x00000002   PAD
    0x08004a30   0x08004a30   0x00000028   Code   RO         4487    i.vQueueUnregisterQueue  queue.o
    0x08004a58   0x08004a58   0x0000004a   Code   RO         4488    i.vQueueWaitForMessageRestricted  queue.o
    0x08004aa2   0x08004aa2   0x00000002   PAD
    0x08004aa4   0x08004aa4   0x00000050   Code   RO         4905    i.vTaskDelay        tasks.o
    0x08004af4   0x08004af4   0x00000010   Code   RO         4910    i.vTaskInternalSetTimeOutState  tasks.o
    0x08004b04   0x08004b04   0x0000000c   Code   RO         4911    i.vTaskMissedYield  tasks.o
    0x08004b10   0x08004b10   0x00000034   Code   RO         4913    i.vTaskPlaceOnEventList  tasks.o
    0x08004b44   0x08004b44   0x0000003c   Code   RO         4914    i.vTaskPlaceOnEventListRestricted  tasks.o
    0x08004b80   0x08004b80   0x00000094   Code   RO         4916    i.vTaskPriorityDisinheritAfterTimeout  tasks.o
    0x08004c14   0x08004c14   0x00000090   Code   RO         4922    i.vTaskStartScheduler  tasks.o
    0x08004ca4   0x08004ca4   0x00000010   Code   RO         4924    i.vTaskSuspendAll   tasks.o
    0x08004cb4   0x08004cb4   0x0000006c   Code   RO         4925    i.vTaskSwitchContext  tasks.o
    0x08004d20   0x08004d20   0x00000104   Code   RO         6029    i.xPortStartScheduler  port.o
    0x08004e24   0x08004e24   0x0000002c   Code   RO         6030    i.xPortSysTickHandler  port.o
    0x08004e50   0x08004e50   0x0000003c   Code   RO         4489    i.xQueueCreateCountingSemaphore  queue.o
    0x08004e8c   0x08004e8c   0x00000042   Code   RO         4490    i.xQueueCreateCountingSemaphoreStatic  queue.o
    0x08004ece   0x08004ece   0x00000018   Code   RO         4491    i.xQueueCreateMutex  queue.o
    0x08004ee6   0x08004ee6   0x0000001c   Code   RO         4492    i.xQueueCreateMutexStatic  queue.o
    0x08004f02   0x08004f02   0x00000044   Code   RO         4493    i.xQueueGenericCreate  queue.o
    0x08004f46   0x08004f46   0x00000070   Code   RO         4494    i.xQueueGenericCreateStatic  queue.o
    0x08004fb6   0x08004fb6   0x00000002   PAD
    0x08004fb8   0x08004fb8   0x00000090   Code   RO         4495    i.xQueueGenericReset  queue.o
    0x08005048   0x08005048   0x00000170   Code   RO         4496    i.xQueueGenericSend  queue.o
    0x080051b8   0x080051b8   0x000000be   Code   RO         4497    i.xQueueGenericSendFromISR  queue.o
    0x08005276   0x08005276   0x000000a0   Code   RO         4500    i.xQueueGiveFromISR  queue.o
    0x08005316   0x08005316   0x00000002   PAD
    0x08005318   0x08005318   0x00000148   Code   RO         4506    i.xQueueReceive     queue.o
    0x08005460   0x08005460   0x00000184   Code   RO         4508    i.xQueueSemaphoreTake  queue.o
    0x080055e4   0x080055e4   0x00000080   Code   RO         4927    i.xTaskCheckForTimeOut  tasks.o
    0x08005664   0x08005664   0x00000072   Code   RO         4928    i.xTaskCreate       tasks.o
    0x080056d6   0x080056d6   0x00000060   Code   RO         4929    i.xTaskCreateStatic  tasks.o
    0x08005736   0x08005736   0x00000002   PAD
    0x08005738   0x08005738   0x0000001c   Code   RO         4933    i.xTaskGetSchedulerState  tasks.o
    0x08005754   0x08005754   0x0000000c   Code   RO         4934    i.xTaskGetTickCount  tasks.o
    0x08005760   0x08005760   0x000000cc   Code   RO         4936    i.xTaskIncrementTick  tasks.o
    0x0800582c   0x0800582c   0x00000080   Code   RO         4939    i.xTaskPriorityDisinherit  tasks.o
    0x080058ac   0x080058ac   0x00000080   Code   RO         4940    i.xTaskPriorityInherit  tasks.o
    0x0800592c   0x0800592c   0x00000078   Code   RO         4941    i.xTaskRemoveFromEventList  tasks.o
    0x080059a4   0x080059a4   0x000000cc   Code   RO         4942    i.xTaskResumeAll    tasks.o
    0x08005a70   0x08005a70   0x00000068   Code   RO         5278    i.xTimerCreateTimerTask  timers.o
    0x08005ad8   0x08005ad8   0x00000074   Code   RO         5279    i.xTimerGenericCommand  timers.o
    0x08005b4c   0x08005b4c   0x00000d5c   Data   RO          316    .constdata          fonts.o
    0x080068a8   0x080068a8   0x00000020   Data   RO          455    .constdata          dc_motor_cfg.o
    0x080068c8   0x080068c8   0x00000124   Data   RO          498    .constdata          main.o
    0x080069ec   0x080069ec   0x00000040   Data   RO         4267    .constdata          system_stm32l4xx.o
    0x08006a2c   0x08006a2c   0x00000008   Data   RO         4268    .constdata          system_stm32l4xx.o
    0x08006a34   0x08006a34   0x00000090   Data   RO          499    .conststring        main.o
    0x08006ac4   0x08006ac4   0x00000020   Data   RO         6171    Region$$Table       anon$$obj.o


    Execution Region RW_IRAM1 (Exec base: 0x20000000, Load base: 0x08006ae4, Size: 0x00002978, Max: 0x00010000, ABSOLUTE)

    Exec Addr    Load Addr    Size         Type   Attr      Idx    E Section Name        Object

    0x20000000   0x08006ae4   0x00000006   Data   RW           42    .data               ssd1306.o
    0x20000006   0x08006aea   0x00000002   PAD
    0x20000008   0x08006aec   0x00000008   Data   RW          319    .data               fonts.o
    0x20000010   0x08006af4   0x00000002   Data   RW          352    .data               mylibrary.o
    0x20000012   0x08006af6   0x00000002   PAD
    0x20000014   0x08006af8   0x00000058   Data   RW          501    .data               main.o
    0x2000006c   0x08006b50   0x0000000c   Data   RW          889    .data               stm32l4xx_hal.o
    0x20000078   0x08006b5c   0x00000004   Data   RW         4269    .data               system_stm32l4xx.o
    0x2000007c   0x08006b60   0x0000003c   Data   RW         4945    .data               tasks.o
    0x200000b8   0x08006b9c   0x00000014   Data   RW         5287    .data               timers.o
    0x200000cc   0x08006bb0   0x00000004   Data   RW         5520    .data               cmsis_os2.o
    0x200000d0   0x08006bb4   0x00000020   Data   RW         5975    .data               heap_4.o
    0x200000f0   0x08006bd4   0x0000000c   Data   RW         6031    .data               port.o
    0x200000fc   0x08006be0   0x00000004   Data   RW         6167    .data               mc_w.l(mvars.o)
    0x20000100   0x08006be4   0x00000004   Data   RW         6168    .data               mc_w.l(mvars.o)
    0x20000104        -       0x00000400   Zero   RW           41    .bss                ssd1306.o
    0x20000504        -       0x00000032   Zero   RW          351    .bss                mylibrary.o
    0x20000536   0x08006be8   0x00000002   PAD
    0x20000538        -       0x0000017e   Zero   RW          497    .bss                main.o
    0x200006b6   0x08006be8   0x00000002   PAD
    0x200006b8        -       0x0000004c   Zero   RW          823    .bss                stm32l4xx_hal_timebase_tim.o
    0x20000704        -       0x00000040   Zero   RW         4510    .bss                queue.o
    0x20000744        -       0x000004c4   Zero   RW         4944    .bss                tasks.o
    0x20000c08        -       0x00000118   Zero   RW         5286    .bss                timers.o
    0x20000d20        -       0x000006b8   Zero   RW         5519    .bss                cmsis_os2.o
    0x200013d8        -       0x00000fa0   Zero   RW         5974    .bss                heap_4.o
    0x20002378        -       0x00000200   Zero   RW            2    HEAP                startup_stm32l432xx.o
    0x20002578        -       0x00000400   Zero   RW            1    STACK               startup_stm32l432xx.o


==============================================================================

Image component sizes


      Code (inc. data)   RO Data    RW Data    ZI Data      Debug   Object Name

       856         24          0          4       1720      65901   cmsis_os2.o
       532         38          0          0          0       4173   dc_motor.o
         0          0         32          0          0        576   dc_motor_cfg.o
         0          0          0          0          0      19544   event_groups.o
         0          0       3420          8          0       1259   fonts.o
       504         32          0         32       4000       5139   heap_4.o
       144          0          0          0          0       3698   list.o
      1894        244        436         88        382      29779   main.o
         0          0          0          2         50        614   mylibrary.o
       846         92          0         12          0      11881   port.o
      2524         34          0          0         64      28751   queue.o
       848         54          0          6       1024     678464   ssd1306.o
        36          8        396          0       1536        856   startup_stm32l432xx.o
        58         10          0         12          0      10366   stm32l4xx_hal.o
       158         14          0          0          0      33134   stm32l4xx_hal_cortex.o
       152          0          0          0          0       1843   stm32l4xx_hal_dma.o
       438         20          0          0          0       3191   stm32l4xx_hal_gpio.o
      1234         34          0          0          0      10097   stm32l4xx_hal_i2c.o
       168          0          0          0          0       1971   stm32l4xx_hal_i2c_ex.o
       380         34          0          0          0       3732   stm32l4xx_hal_msp.o
        16          4          0          0          0        563   stm32l4xx_hal_pwr.o
       120         20          0          0          0       1402   stm32l4xx_hal_pwr_ex.o
      2100        108          0          0          0       7805   stm32l4xx_hal_rcc.o
       966         36          0          0          0       3525   stm32l4xx_hal_rcc_ex.o
      2272        150          0          0          0      18782   stm32l4xx_hal_tim.o
       114         10          0          0          0       3152   stm32l4xx_hal_tim_ex.o
       116         18          0          0         76       1479   stm32l4xx_hal_timebase_tim.o
      2120         60          0          0          0      12426   stm32l4xx_hal_uart.o
         2          0          0          0          0       1052   stm32l4xx_hal_uart_ex.o
        68         16          0          0          0       3944   stm32l4xx_it.o
         0          0          0          0          0        392   stream_buffer.o
        60         12         72          4          0       1261   system_stm32l4xx.o
      2508        218          0         60       1220      31107   tasks.o
      1088         94          0         20        280      30979   timers.o

    ----------------------------------------------------------------------
     22374       1384       4388        252      10356    1032838   Object Totals
         0          0         32          0          0          0   (incl. Generated)
        52          0          0          4          4          0   (incl. Padding)

    ----------------------------------------------------------------------

      Code (inc. data)   RO Data    RW Data    ZI Data      Debug   Library Member Name

         0          0          0          0          0          0   entry.o
         0          0          0          0          0          0   entry10a.o
         0          0          0          0          0          0   entry11a.o
         4          0          0          0          0          0   entry12b.o
         8          4          0          0          0          0   entry2.o
         4          0          0          0          0          0   entry5.o
         0          0          0          0          0          0   entry7b.o
         0          0          0          0          0          0   entry8b.o
         8          4          0          0          0          0   entry9a.o
        30          0          0          0          0          0   handlers.o
        36          8          0          0          0         68   init.o
        30          0          0          0          0         68   llshl.o
        32          0          0          0          0         68   llushr.o
       188         20          0          0          0        160   malloc.o
        36          0          0          0          0         68   memcpya.o
        36          0          0          0          0        108   memseta.o
         0          0          0          8          0          0   mvars.o
        24          0          0          0          0         68   strcat.o
        28          0          0          0          0         76   strcmp.o
        18          0          0          0          0         68   strcpy.o
        14          0          0          0          0         68   strlen.o
       104          0          0          0          0         92   uldiv.o

    ----------------------------------------------------------------------
       602         36          0          8          0        912   Library Totals
         2          0          0          0          0          0   (incl. Padding)

    ----------------------------------------------------------------------

      Code (inc. data)   RO Data    RW Data    ZI Data      Debug   Library Name

       600         36          0          8          0        912   mc_w.l

    ----------------------------------------------------------------------
       602         36          0          8          0        912   Library Totals

    ----------------------------------------------------------------------

==============================================================================


      Code (inc. data)   RO Data    RW Data    ZI Data      Debug   

     22976       1420       4388        260      10356    1013038   Grand Totals
     22976       1420       4388        260      10356    1013038   ELF Image Totals
     22976       1420       4388        260          0          0   ROM Totals

==============================================================================

    Total RO  Size (Code + RO Data)                27364 (  26.72kB)
    Total RW  Size (RW Data + ZI Data)             10616 (  10.37kB)
    Total ROM Size (Code + RO Data + RW Data)      27624 (  26.98kB)

==============================================================================

