<html>
<body>
<pre>
<h1>µVision Build Log</h1>
<h2>Tool Versions:</h2>
IDE-Version: µVision V5.33.0.0
Copyright (C) 2020 ARM Ltd and ARM Germany GmbH. All rights reserved.
License Information: Zahraa Shehabeldin, AUC, LIC=----
 
Tool Versions:
Toolchain:       MDK-Lite  Version: 5.33.0.0
Toolchain Path:  C:\Keil_v5\ARM\ARMCC\Bin
C Compiler:      Armcc.exe V5.06 update 7 (build 960)
Assembler:       Armasm.exe V5.06 update 7 (build 960)
Linker/Locator:  ArmLink.exe V5.06 update 7 (build 960)
Library Manager: ArmAr.exe V5.06 update 7 (build 960)
Hex Converter:   FromElf.exe V5.06 update 7 (build 960)
CPU DLL:         SARMCM3.DLL V5.33.0.0
Dialog DLL:      DCM.DLL V1.17.3.0
Target DLL:      STLink\ST-LINKIII-KEIL_SWO.dll V3.0.8.0
Dialog DLL:      TCM.DLL V1.48.0.0
 
<h2>Project:</h2>
C:\Users\Zahraa\Documents\GitHub\Embedded-Project-2\Project\project2\MDK-ARM\project2.uvprojx
Project File Date:  05/04/2021

<h2>Output:</h2>
*** Using Compiler 'V5.06 update 7 (build 960)', folder: 'C:\Keil_v5\ARM\ARMCC\Bin'
Build target 'project2'
compiling main.c...
../Core/Inc/ssd1306.h(238): warning:  #1295-D: Deprecated declaration ssd1306_I2C_Init - give arg types
  void ssd1306_I2C_Init();
../Core/Inc/mylibrary.h(23): warning:  #1295-D: Deprecated declaration Message_handler - give arg types
  void Message_handler();
../Core/Src/main.c(160): warning:  #1295-D: Deprecated declaration SendReceive_BT - give arg types
  void SendReceive_BT();
../Core/Src/main.c(195): warning:  #188-D: enumerated type mixed with another type
  			SSD1306_Puts(slots[slotNum].name, &Font_11x18, 1);		//puts WORLD on the display
../Core/Src/main.c(197): warning:  #188-D: enumerated type mixed with another type
  			SSD1306_Puts(&slots[slotNum].status, &Font_11x18, 1);		//puts WORLD on the display
../Core/Src/main.c(332): warning:  #188-D: enumerated type mixed with another type
  	SSD1306_Fill (0); 												//fill color 0 ie black
../Core/Src/main.c(336): warning:  #188-D: enumerated type mixed with another type
  	SSD1306_Puts("HELLO", &Font_11x18, 0x01);		//puts HELLO on the display with color ie blue
../Core/Src/main.c: 7 warnings, 0 errors
linking...
Program Size: Code=20704 RO-data=4352 RW-data=216 ZI-data=9976  
FromELF: creating hex file...
"project2\project2.axf" - 0 Error(s), 7 Warning(s).

<h2>Software Packages used:</h2>

Package Vendor: ARM
                http://www.keil.com/pack/ARM.CMSIS.5.7.0.pack
                ARM.CMSIS.5.7.0
                CMSIS (Cortex Microcontroller Software Interface Standard)
   * Component: CORE Version: 5.4.0

Package Vendor: Keil
                http://www.keil.com/pack/Keil.STM32L4xx_DFP.2.5.0.pack
                Keil.STM32L4xx_DFP.2.5.0
                STMicroelectronics STM32L4 Series Device Support, Drivers and Examples

<h2>Collection of Component include folders:</h2>
  .\RTE\_project2
  C:\Users\Zahraa\AppData\Local\Arm\Packs\ARM\CMSIS\5.7.0\CMSIS\Core\Include
  C:\Users\Zahraa\AppData\Local\Arm\Packs\Keil\STM32L4xx_DFP\2.5.0\Drivers\CMSIS\Device\ST\STM32L4xx\Include

<h2>Collection of Component Files used:</h2>

   * Component: ARM::CMSIS:CORE:5.4.0
Build Time Elapsed:  00:00:05
</pre>
</body>
</html>
